[2026-09-11 17:31:45] [INFO] sweep=e12_fixed phase=all gpus=[0, 3] seeds=[42] workers_per_gpu=4 model=mlp_bn dataset=cifar10 n_cfgs=14
[2026-09-11 17:31:45] [INFO] E8-e12_fixed-all: 14 configs, 0 already done, 14 to run
[2026-09-11 17:31:45] [INFO] E8-e12_fixed-all: budget ~14.0 units
GPU Scheduler initialized with GPUs: [0, 3]
  Workers per GPU: 4 (Total workers: 8)

Started 8 workers (4 per GPU) for 14 tasks
================================================================================
Worker 1 started on GPU 3 (PID: 1647524)
GPU 3 (Worker 1): Processing task 0
Worker 0 started on GPU 0 (PID: 1647516)
GPU 0 (Worker 0): Processing task 1
Worker 3 started on GPU 0 (PID: 1647520)
GPU 0 (Worker 3): Processing task 2
Worker 2 started on GPU 3 (PID: 1647525)
GPU 3 (Worker 2): Processing task 3
Worker 3 started on GPU 3 (PID: 1647527)
GPU 3 (Worker 3): Processing task 4
Worker 0 started on GPU 3 (PID: 1647522)
GPU 3 (Worker 0): Processing task 5
Worker 1 started on GPU 0 (PID: 1647517)
GPU 0 (Worker 1): Processing task 6
Worker 2 started on GPU 0 (PID: 1647519)
GPU 0 (Worker 2): Processing task 7
Files already downloaded and verified
Files already downloaded and verified
Files already downloaded and verified
Files already downloaded and verified
Files already downloaded and verified
Files already downloaded and verified
Files already downloaded and verified
Files already downloaded and verified
Files already downloaded and verified
Files already downloaded and verified
Files already downloaded and verified
Files already downloaded and verified
Files already downloaded and verified
Files already downloaded and verified
Files already downloaded and verified
Files already downloaded and verified
[e12_fixed|SGD+WD|cosine|wd_sched=fixed|T=100|lr0=0.1|lam0=0.001] start
[e12_fixed|SGD+WD|cosine|wd_sched=fixed|T=100|lr0=0.1|lam0=0.003] start
[e12_fixed|SGD+WD|cosine|wd_sched=fixed|T=100|lr0=0.1|lam0=0.0075] start
[e12_fixed|SGD+WD|cosine|wd_sched=fixed|T=100|lr0=0.1|lam0=0.002] start
[e12_fixed|SGDM+WD|cosine|wd_sched=fixed|T=100|lr0=0.1|lam0=0.0001] start
[e12_fixed|SGD+WD|cosine|wd_sched=fixed|T=100|lr0=0.1|lam0=0.01] start
[e12_fixed|SGD+WD|cosine|wd_sched=fixed|T=100|lr0=0.1|lam0=0.005] start
[e12_fixed|SGD+WD|cosine|wd_sched=fixed|T=100|lr0=0.1|lam0=0.02] start
/home/yzy/Documents/GitHub/wd/wd_core/utils.py:69: FutureWarning: `torch.cuda.amp.autocast(args...)` is deprecated. Please use `torch.amp.autocast('cuda', args...)` instead.
  with autocast():
/home/yzy/Documents/GitHub/wd/wd_core/utils.py:69: FutureWarning: `torch.cuda.amp.autocast(args...)` is deprecated. Please use `torch.amp.autocast('cuda', args...)` instead.
  with autocast():
/home/yzy/Documents/GitHub/wd/wd_core/utils.py:69: FutureWarning: `torch.cuda.amp.autocast(args...)` is deprecated. Please use `torch.amp.autocast('cuda', args...)` instead.
  with autocast():
/home/yzy/Documents/GitHub/wd/wd_core/utils.py:69: FutureWarning: `torch.cuda.amp.autocast(args...)` is deprecated. Please use `torch.amp.autocast('cuda', args...)` instead.
  with autocast():
/home/yzy/Documents/GitHub/wd/wd_core/utils.py:69: FutureWarning: `torch.cuda.amp.autocast(args...)` is deprecated. Please use `torch.amp.autocast('cuda', args...)` instead.
  with autocast():
/home/yzy/Documents/GitHub/wd/wd_core/utils.py:69: FutureWarning: `torch.cuda.amp.autocast(args...)` is deprecated. Please use `torch.amp.autocast('cuda', args...)` instead.
  with autocast():
/home/yzy/Documents/GitHub/wd/wd_core/utils.py:69: FutureWarning: `torch.cuda.amp.autocast(args...)` is deprecated. Please use `torch.amp.autocast('cuda', args...)` instead.
  with autocast():
/home/yzy/Documents/GitHub/wd/wd_core/utils.py:69: FutureWarning: `torch.cuda.amp.autocast(args...)` is deprecated. Please use `torch.amp.autocast('cuda', args...)` instead.
  with autocast():
[e12_fixed|SGD+WD|cosine|wd_sched=fixed|T=100|lr0=0.1|lam0=0.005] Epoch 25/100 | Train Loss: 0.9921 | Train Acc: 65.84% | Test Acc: 50.55% | Best: 54.07%
[e12_fixed|SGDM+WD|cosine|wd_sched=fixed|T=100|lr0=0.1|lam0=0.0001] Epoch 25/100 | Train Loss: 0.3120 | Train Acc: 89.10% | Test Acc: 54.13% | Best: 55.88%
[e12_fixed|SGD+WD|cosine|wd_sched=fixed|T=100|lr0=0.1|lam0=0.0075] Epoch 25/100 | Train Loss: 1.1492 | Train Acc: 60.45% | Test Acc: 50.41% | Best: 52.97%
[e12_fixed|SGD+WD|cosine|wd_sched=fixed|T=100|lr0=0.1|lam0=0.002] Epoch 25/100 | Train Loss: 0.6042 | Train Acc: 79.63% | Test Acc: 53.46% | Best: 54.95%
[e12_fixed|SGD+WD|cosine|wd_sched=fixed|T=100|lr0=0.1|lam0=0.01] Epoch 25/100 | Train Loss: 1.2466 | Train Acc: 57.17% | Test Acc: 48.81% | Best: 52.40%
[e12_fixed|SGD+WD|cosine|wd_sched=fixed|T=100|lr0=0.1|lam0=0.001] Epoch 25/100 | Train Loss: 0.3705 | Train Acc: 88.19% | Test Acc: 52.37% | Best: 55.74%
[e12_fixed|SGD+WD|cosine|wd_sched=fixed|T=100|lr0=0.1|lam0=0.02] Epoch 25/100 | Train Loss: 1.4455 | Train Acc: 50.71% | Test Acc: 45.87% | Best: 50.08%
[e12_fixed|SGD+WD|cosine|wd_sched=fixed|T=100|lr0=0.1|lam0=0.003] Epoch 25/100 | Train Loss: 0.7797 | Train Acc: 73.06% | Test Acc: 52.89% | Best: 54.79%
[e12_fixed|SGD+WD|cosine|wd_sched=fixed|T=100|lr0=0.1|lam0=0.005] Epoch 50/100 | Train Loss: 0.7514 | Train Acc: 74.68% | Test Acc: 51.59% | Best: 54.31%
[e12_fixed|SGDM+WD|cosine|wd_sched=fixed|T=100|lr0=0.1|lam0=0.0001] Epoch 50/100 | Train Loss: 0.0528 | Train Acc: 98.55% | Test Acc: 56.11% | Best: 56.45%
[e12_fixed|SGD+WD|cosine|wd_sched=fixed|T=100|lr0=0.1|lam0=0.0075] Epoch 50/100 | Train Loss: 0.9625 | Train Acc: 67.53% | Test Acc: 51.96% | Best: 53.41%
[e12_fixed|SGD+WD|cosine|wd_sched=fixed|T=100|lr0=0.1|lam0=0.002] Epoch 50/100 | Train Loss: 0.3132 | Train Acc: 90.32% | Test Acc: 52.00% | Best: 54.95%
[e12_fixed|SGD+WD|cosine|wd_sched=fixed|T=100|lr0=0.1|lam0=0.01] Epoch 50/100 | Train Loss: 1.0927 | Train Acc: 63.05% | Test Acc: 50.21% | Best: 52.92%
[e12_fixed|SGD+WD|cosine|wd_sched=fixed|T=100|lr0=0.1|lam0=0.001] Epoch 50/100 | Train Loss: 0.1159 | Train Acc: 97.45% | Test Acc: 54.38% | Best: 55.74%
[e12_fixed|SGD+WD|cosine|wd_sched=fixed|T=100|lr0=0.1|lam0=0.02] Epoch 50/100 | Train Loss: 1.3451 | Train Acc: 54.64% | Test Acc: 50.29% | Best: 51.42%
[e12_fixed|SGD+WD|cosine|wd_sched=fixed|T=100|lr0=0.1|lam0=0.003] Epoch 50/100 | Train Loss: 0.4980 | Train Acc: 83.52% | Test Acc: 49.84% | Best: 54.79%
[e12_fixed|SGD+WD|cosine|wd_sched=fixed|T=100|lr0=0.1|lam0=0.005] Epoch 75/100 | Train Loss: 0.2966 | Train Acc: 91.81% | Test Acc: 52.33% | Best: 54.31%
[e12_fixed|SGDM+WD|cosine|wd_sched=fixed|T=100|lr0=0.1|lam0=0.0001] Epoch 75/100 | Train Loss: 0.0048 | Train Acc: 99.99% | Test Acc: 58.01% | Best: 58.21%
[e12_fixed|SGD+WD|cosine|wd_sched=fixed|T=100|lr0=0.1|lam0=0.0075] Epoch 75/100 | Train Loss: 0.4965 | Train Acc: 85.30% | Test Acc: 52.55% | Best: 54.75%
[e12_fixed|SGD+WD|cosine|wd_sched=fixed|T=100|lr0=0.1|lam0=0.002] Epoch 75/100 | Train Loss: 0.0506 | Train Acc: 99.39% | Test Acc: 54.30% | Best: 54.98%
[e12_fixed|SGD+WD|cosine|wd_sched=fixed|T=100|lr0=0.1|lam0=0.01] Epoch 75/100 | Train Loss: 0.6651 | Train Acc: 79.62% | Test Acc: 51.90% | Best: 54.53%
[e12_fixed|SGD+WD|cosine|wd_sched=fixed|T=100|lr0=0.1|lam0=0.001] Epoch 75/100 | Train Loss: 0.0175 | Train Acc: 99.97% | Test Acc: 55.33% | Best: 56.08%
[e12_fixed|SGD+WD|cosine|wd_sched=fixed|T=100|lr0=0.1|lam0=0.02] Epoch 75/100 | Train Loss: 1.0488 | Train Acc: 66.55% | Test Acc: 52.45% | Best: 53.33%
[e12_fixed|SGD+WD|cosine|wd_sched=fixed|T=100|lr0=0.1|lam0=0.003] Epoch 75/100 | Train Loss: 0.1254 | Train Acc: 97.25% | Test Acc: 53.98% | Best: 54.79%
[e12_fixed|SGD+WD|cosine|wd_sched=fixed|T=100|lr0=0.1|lam0=0.005] Epoch 100/100 | Train Loss: 0.0610 | Train Acc: 99.67% | Test Acc: 54.62% | Best: 54.64%
GPU 3: Completed task 3
GPU 3 (Worker 2): Processing task 8
[2026-09-11 17:40:01] [INFO]   [1/14] cosine mom=0.0 wd_sched=fixed lam0=0.005 T=100 -> best=54.64 diverged=0 (488s)
Files already downloaded and verified
Files already downloaded and verified
[e12_fixed|SGDM+WD|cosine|wd_sched=fixed|T=100|lr0=0.1|lam0=0.0003] start
[e12_fixed|SGDM+WD|cosine|wd_sched=fixed|T=100|lr0=0.1|lam0=0.0001] Epoch 100/100 | Train Loss: 0.0042 | Train Acc: 100.00% | Test Acc: 58.26% | Best: 58.31%
GPU 0: Completed task 7
GPU 0 (Worker 2): Processing task 9
[2026-09-11 17:40:15] [INFO]   [2/14] cosine mom=0.9 wd_sched=fixed lam0=0.0001 T=100 -> best=58.31 diverged=0 (502s)
Files already downloaded and verified
Files already downloaded and verified
[e12_fixed|SGD+WD|cosine|wd_sched=fixed|T=100|lr0=0.1|lam0=0.0075] Epoch 100/100 | Train Loss: 0.1068 | Train Acc: 99.18% | Test Acc: 55.43% | Best: 55.64%
[e12_fixed|SGDM+WD|cosine|wd_sched=fixed|T=100|lr0=0.1|lam0=0.0006] start
GPU 3: Completed task 4
GPU 3 (Worker 3): Processing task 10
[2026-09-11 17:40:19] [INFO]   [3/14] cosine mom=0.0 wd_sched=fixed lam0=0.0075 T=100 -> best=55.64 diverged=0 (506s)
Files already downloaded and verified
Files already downloaded and verified
[e12_fixed|SGDM+WD|cosine|wd_sched=fixed|T=100|lr0=0.1|lam0=0.001] start
[e12_fixed|SGD+WD|cosine|wd_sched=fixed|T=100|lr0=0.1|lam0=0.002] Epoch 100/100 | Train Loss: 0.0198 | Train Acc: 99.97% | Test Acc: 54.62% | Best: 55.15%
GPU 0: Completed task 1
GPU 0 (Worker 0): Processing task 11
[2026-09-11 17:41:22] [INFO]   [4/14] cosine mom=0.0 wd_sched=fixed lam0=0.002 T=100 -> best=55.15 diverged=0 (568s)
Files already downloaded and verified
[e12_fixed|SGD+WD|cosine|wd_sched=fixed|T=100|lr0=0.1|lam0=0.01] Epoch 100/100 | Train Loss: 0.1597 | Train Acc: 98.54% | Test Acc: 55.44% | Best: 55.61%
Files already downloaded and verified
[e12_fixed|SGDM+WD|cosine|wd_sched=fixed|T=100|lr0=0.1|lam0=0.002] start
GPU 3: Completed task 5
GPU 3 (Worker 0): Processing task 12
[2026-09-11 17:41:25] [INFO]   [5/14] cosine mom=0.0 wd_sched=fixed lam0=0.01 T=100 -> best=55.61 diverged=0 (572s)
Files already downloaded and verified
Files already downloaded and verified
[e12_fixed|SGDM+WD|cosine|wd_sched=fixed|T=100|lr0=0.1|lam0=0.003] start
[e12_fixed|SGD+WD|cosine|wd_sched=fixed|T=100|lr0=0.1|lam0=0.02] Epoch 100/100 | Train Loss: 0.3977 | Train Acc: 94.28% | Test Acc: 56.35% | Best: 56.74%
[e12_fixed|SGD+WD|cosine|wd_sched=fixed|T=100|lr0=0.1|lam0=0.001] Epoch 100/100 | Train Loss: 0.0130 | Train Acc: 100.00% | Test Acc: 55.25% | Best: 56.08%
GPU 0: Completed task 6
GPU 0 (Worker 1): Processing task 13
[2026-09-11 17:41:29] [INFO]   [6/14] cosine mom=0.0 wd_sched=fixed lam0=0.02 T=100 -> best=56.74 diverged=0 (576s)
Files already downloaded and verified
GPU 3: Completed task 0
Worker on GPU 3 finished
[2026-09-11 17:41:31] [INFO]   [7/14] cosine mom=0.0 wd_sched=fixed lam0=0.001 T=100 -> best=56.08 diverged=0 (578s)
Files already downloaded and verified
[e12_fixed|SGDM+WD|cosine|wd_sched=fixed|T=100|lr0=0.1|lam0=0.005] start
[e12_fixed|SGD+WD|cosine|wd_sched=fixed|T=100|lr0=0.1|lam0=0.003] Epoch 100/100 | Train Loss: 0.0313 | Train Acc: 99.91% | Test Acc: 54.07% | Best: 54.79%
GPU 0: Completed task 2
Worker on GPU 0 finished
[2026-09-11 17:41:35] [INFO]   [8/14] cosine mom=0.0 wd_sched=fixed lam0=0.003 T=100 -> best=54.79 diverged=0 (582s)
[e12_fixed|SGDM+WD|cosine|wd_sched=fixed|T=100|lr0=0.1|lam0=0.0003] Epoch 25/100 | Train Loss: 0.6243 | Train Acc: 77.90% | Test Acc: 53.73% | Best: 55.32%
[e12_fixed|SGDM+WD|cosine|wd_sched=fixed|T=100|lr0=0.1|lam0=0.0006] Epoch 25/100 | Train Loss: 0.9506 | Train Acc: 66.15% | Test Acc: 54.66% | Best: 54.66%
[e12_fixed|SGDM+WD|cosine|wd_sched=fixed|T=100|lr0=0.1|lam0=0.001] Epoch 25/100 | Train Loss: 1.1585 | Train Acc: 58.82% | Test Acc: 53.72% | Best: 53.72%
[e12_fixed|SGDM+WD|cosine|wd_sched=fixed|T=100|lr0=0.1|lam0=0.002] Epoch 25/100 | Train Loss: 1.3637 | Train Acc: 51.45% | Test Acc: 50.83% | Best: 50.83%
[e12_fixed|SGDM+WD|cosine|wd_sched=fixed|T=100|lr0=0.1|lam0=0.003] Epoch 25/100 | Train Loss: 1.4635 | Train Acc: 47.59% | Test Acc: 48.27% | Best: 48.27%
[e12_fixed|SGDM+WD|cosine|wd_sched=fixed|T=100|lr0=0.1|lam0=0.005] Epoch 25/100 | Train Loss: 1.5661 | Train Acc: 44.03% | Test Acc: 44.89% | Best: 44.89%
[e12_fixed|SGDM+WD|cosine|wd_sched=fixed|T=100|lr0=0.1|lam0=0.0003] Epoch 50/100 | Train Loss: 0.2956 | Train Acc: 89.87% | Test Acc: 54.90% | Best: 55.51%
[e12_fixed|SGDM+WD|cosine|wd_sched=fixed|T=100|lr0=0.1|lam0=0.001] Epoch 50/100 | Train Loss: 0.9518 | Train Acc: 66.03% | Test Acc: 54.10% | Best: 55.04%
[e12_fixed|SGDM+WD|cosine|wd_sched=fixed|T=100|lr0=0.1|lam0=0.0006] Epoch 50/100 | Train Loss: 0.6438 | Train Acc: 77.41% | Test Acc: 55.07% | Best: 56.09%
[e12_fixed|SGDM+WD|cosine|wd_sched=fixed|T=100|lr0=0.1|lam0=0.003] Epoch 50/100 | Train Loss: 1.3620 | Train Acc: 51.43% | Test Acc: 50.46% | Best: 50.46%
[e12_fixed|SGDM+WD|cosine|wd_sched=fixed|T=100|lr0=0.1|lam0=0.002] Epoch 50/100 | Train Loss: 1.2441 | Train Acc: 55.91% | Test Acc: 52.60% | Best: 52.83%
[e12_fixed|SGDM+WD|cosine|wd_sched=fixed|T=100|lr0=0.1|lam0=0.005] Epoch 50/100 | Train Loss: 1.4827 | Train Acc: 47.31% | Test Acc: 46.74% | Best: 47.64%
[e12_fixed|SGDM+WD|cosine|wd_sched=fixed|T=100|lr0=0.1|lam0=0.0003] Epoch 75/100 | Train Loss: 0.0157 | Train Acc: 99.91% | Test Acc: 57.76% | Best: 57.89%
[e12_fixed|SGDM+WD|cosine|wd_sched=fixed|T=100|lr0=0.1|lam0=0.001] Epoch 75/100 | Train Loss: 0.4098 | Train Acc: 86.23% | Test Acc: 55.91% | Best: 56.21%
[e12_fixed|SGDM+WD|cosine|wd_sched=fixed|T=100|lr0=0.1|lam0=0.0006] Epoch 75/100 | Train Loss: 0.1367 | Train Acc: 96.21% | Test Acc: 56.86% | Best: 56.86%
[e12_fixed|SGDM+WD|cosine|wd_sched=fixed|T=100|lr0=0.1|lam0=0.003] Epoch 75/100 | Train Loss: 1.0919 | Train Acc: 61.44% | Test Acc: 54.03% | Best: 54.17%
[e12_fixed|SGDM+WD|cosine|wd_sched=fixed|T=100|lr0=0.1|lam0=0.002] Epoch 75/100 | Train Loss: 0.8884 | Train Acc: 68.92% | Test Acc: 55.83% | Best: 55.83%
[e12_fixed|SGDM+WD|cosine|wd_sched=fixed|T=100|lr0=0.1|lam0=0.0003] Epoch 100/100 | Train Loss: 0.0080 | Train Acc: 100.00% | Test Acc: 57.59% | Best: 58.06%
GPU 3: Completed task 8
Worker on GPU 3 finished
[2026-09-11 17:47:44] [INFO]   [9/14] cosine mom=0.9 wd_sched=fixed lam0=0.0003 T=100 -> best=58.06 diverged=0 (458s)
[e12_fixed|SGDM+WD|cosine|wd_sched=fixed|T=100|lr0=0.1|lam0=0.001] Epoch 100/100 | Train Loss: 0.0278 | Train Acc: 99.88% | Test Acc: 57.73% | Best: 57.95%
GPU 3: Completed task 10
Worker on GPU 3 finished
[2026-09-11 17:47:46] [INFO]   [10/14] cosine mom=0.9 wd_sched=fixed lam0=0.001 T=100 -> best=57.95 diverged=0 (443s)
[e12_fixed|SGDM+WD|cosine|wd_sched=fixed|T=100|lr0=0.1|lam0=0.005] Epoch 75/100 | Train Loss: 1.2801 | Train Acc: 54.71% | Test Acc: 51.62% | Best: 51.92%
[e12_fixed|SGDM+WD|cosine|wd_sched=fixed|T=100|lr0=0.1|lam0=0.0006] Epoch 100/100 | Train Loss: 0.0141 | Train Acc: 99.98% | Test Acc: 57.80% | Best: 58.23%
GPU 0: Completed task 9
Worker on GPU 0 finished
[2026-09-11 17:47:56] [INFO]   [11/14] cosine mom=0.9 wd_sched=fixed lam0=0.0006 T=100 -> best=58.23 diverged=0 (456s)
[e12_fixed|SGDM+WD|cosine|wd_sched=fixed|T=100|lr0=0.1|lam0=0.003] Epoch 100/100 | Train Loss: 0.3035 | Train Acc: 92.17% | Test Acc: 55.21% | Best: 55.21%
GPU 3: Completed task 12
Worker on GPU 3 finished
[2026-09-11 17:49:09] [INFO]   [12/14] cosine mom=0.9 wd_sched=fixed lam0=0.003 T=100 -> best=55.21 diverged=0 (460s)
[e12_fixed|SGDM+WD|cosine|wd_sched=fixed|T=100|lr0=0.1|lam0=0.002] Epoch 100/100 | Train Loss: 0.1233 | Train Acc: 97.96% | Test Acc: 55.27% | Best: 55.83%
GPU 0: Completed task 11
Worker on GPU 0 finished
[2026-09-11 17:49:28] [INFO]   [13/14] cosine mom=0.9 wd_sched=fixed lam0=0.002 T=100 -> best=55.83 diverged=0 (483s)
[e12_fixed|SGDM+WD|cosine|wd_sched=fixed|T=100|lr0=0.1|lam0=0.005] Epoch 100/100 | Train Loss: 0.7030 | Train Acc: 77.53% | Test Acc: 54.75% | Best: 54.76%
GPU 0: Completed task 13
Worker on GPU 0 finished
[2026-09-11 17:49:46] [INFO]   [14/14] cosine mom=0.9 wd_sched=fixed lam0=0.005 T=100 -> best=54.76 diverged=0 (492s)
================================================================================
All workers finished. Completed 14 tasks.
[2026-09-11 17:49:46] [INFO] E8-e12_fixed-all: finished 14/14 in 18.0 min
