[2026-09-11 02:59:38] [INFO] e12_ms: 22 configs x 1 seeds = 22 runs, gpus=[1, 3], workers_per_gpu=2
[2026-09-11 02:59:38] [INFO] e12_ms: 22 configs, 0 already done, 22 to run
[2026-09-11 02:59:38] [INFO] e12_ms: budget ~22.0 units
GPU Scheduler initialized with GPUs: [1, 3]
  Workers per GPU: 2 (Total workers: 4)
Worker 1 started on GPU 1 (PID: 3527911)
GPU 1 (Worker 1): Processing task 2
Files already downloaded and verified
Files already downloaded and verified
[e12_fill|SGD+WD|cos_shape|wd_sched=linear|T=100|lr0=0.1|lam0=0.01063] start
Worker 1 started on GPU 3 (PID: 3527913)
GPU 3 (Worker 1): Processing task 3
Files already downloaded and verified
Files already downloaded and verified
[e12_fill|SGD+WD|cos_shape|wd_sched=linear|T=100|lr0=0.1|lam0=0.01417] start
Worker 0 started on GPU 1 (PID: 3527910)
GPU 1 (Worker 0): Processing task 0
Files already downloaded and verified
Files already downloaded and verified
[e12_fill|SGD+WD|cos_shape|wd_sched=linear|T=100|lr0=0.1|lam0=0.002362] start
Worker 0 started on GPU 3 (PID: 3527912)
GPU 3 (Worker 0): Processing task 1
Files already downloaded and verified
Files already downloaded and verified
[e12_fill|SGD+WD|cos_shape|wd_sched=linear|T=100|lr0=0.1|lam0=0.007086] start
/home/yzy/Documents/GitHub/wd/wd_core/utils.py:69: FutureWarning: `torch.cuda.amp.autocast(args...)` is deprecated. Please use `torch.amp.autocast('cuda', args...)` instead.
  with autocast():
/home/yzy/Documents/GitHub/wd/wd_core/utils.py:69: FutureWarning: `torch.cuda.amp.autocast(args...)` is deprecated. Please use `torch.amp.autocast('cuda', args...)` instead.
  with autocast():
/home/yzy/Documents/GitHub/wd/wd_core/utils.py:69: FutureWarning: `torch.cuda.amp.autocast(args...)` is deprecated. Please use `torch.amp.autocast('cuda', args...)` instead.
  with autocast():
/home/yzy/Documents/GitHub/wd/wd_core/utils.py:69: FutureWarning: `torch.cuda.amp.autocast(args...)` is deprecated. Please use `torch.amp.autocast('cuda', args...)` instead.
  with autocast():

Started 4 workers (2 per GPU) for 22 tasks
================================================================================
[2026-09-11 03:26:59] [INFO]   [1/22] cosine mom=0.0 wd_sched=linear lam0=0.01417 T=100 -> best=76.92 diverged=0 (1634s)
[e12_fill|SGD+WD|cos_shape|wd_sched=linear|T=100|lr0=0.1|lam0=0.01417] Epoch 25/100 | Train Loss: 1.6608 | Train Acc: 56.50% | Test Acc: 29.67% | Best: 39.26%
[e12_fill|SGD+WD|cos_shape|wd_sched=linear|T=100|lr0=0.1|lam0=0.01417] Epoch 50/100 | Train Loss: 1.0611 | Train Acc: 71.52% | Test Acc: 50.62% | Best: 53.32%
[e12_fill|SGD+WD|cos_shape|wd_sched=linear|T=100|lr0=0.1|lam0=0.01417] Epoch 75/100 | Train Loss: 0.2623 | Train Acc: 93.58% | Test Acc: 70.62% | Best: 71.62%
[e12_fill|SGD+WD|cos_shape|wd_sched=linear|T=100|lr0=0.1|lam0=0.01417] Epoch 100/100 | Train Loss: 0.0365 | Train Acc: 99.80% | Test Acc: 76.78% | Best: 76.92%
GPU 3: Completed task 3
GPU 3 (Worker 1): Processing task 4
Files already downloaded and verified
Files already downloaded and verified
[e12_fill|SGD+WD|cos_shape|wd_sched=linear|T=100|lr0=0.1|lam0=0.02126] start
[2026-09-11 03:27:09] [INFO]   [2/22] cosine mom=0.0 wd_sched=linear lam0=0.007086 T=100 -> best=77.22 diverged=0 (1643s)
[e12_fill|SGD+WD|cos_shape|wd_sched=linear|T=100|lr0=0.1|lam0=0.007086] Epoch 25/100 | Train Loss: 1.2050 | Train Acc: 66.82% | Test Acc: 37.09% | Best: 50.39%
[e12_fill|SGD+WD|cos_shape|wd_sched=linear|T=100|lr0=0.1|lam0=0.007086] Epoch 50/100 | Train Loss: 0.6498 | Train Acc: 81.82% | Test Acc: 60.18% | Best: 61.30%
[e12_fill|SGD+WD|cos_shape|wd_sched=linear|T=100|lr0=0.1|lam0=0.007086] Epoch 75/100 | Train Loss: 0.0733 | Train Acc: 98.75% | Test Acc: 74.22% | Best: 74.22%
[e12_fill|SGD+WD|cos_shape|wd_sched=linear|T=100|lr0=0.1|lam0=0.007086] Epoch 100/100 | Train Loss: 0.0186 | Train Acc: 99.93% | Test Acc: 76.97% | Best: 77.22%
GPU 3: Completed task 1
GPU 3 (Worker 0): Processing task 5
Files already downloaded and verified
Files already downloaded and verified
[e12_fill|SGD+WD|cos_shape|wd_sched=linear|T=100|lr0=0.1|lam0=0.02834] start
[2026-09-11 03:30:33] [INFO]   [3/22] cosine mom=0.0 wd_sched=linear lam0=0.01063 T=100 -> best=78.04 diverged=0 (1848s)
[2026-09-11 03:30:35] [INFO]   [4/22] cosine mom=0.0 wd_sched=linear lam0=0.002362 T=100 -> best=77.08 diverged=0 (1849s)
[e12_fill|SGD+WD|cos_shape|wd_sched=linear|T=100|lr0=0.1|lam0=0.01063] Epoch 25/100 | Train Loss: 1.4427 | Train Acc: 61.49% | Test Acc: 27.86% | Best: 45.86%
[e12_fill|SGD+WD|cos_shape|wd_sched=linear|T=100|lr0=0.1|lam0=0.01063] Epoch 50/100 | Train Loss: 0.8725 | Train Acc: 76.11% | Test Acc: 58.17% | Best: 59.03%
[e12_fill|SGD+WD|cos_shape|wd_sched=linear|T=100|lr0=0.1|lam0=0.01063] Epoch 75/100 | Train Loss: 0.1633 | Train Acc: 96.41% | Test Acc: 73.41% | Best: 73.41%
[e12_fill|SGD+WD|cos_shape|wd_sched=linear|T=100|lr0=0.1|lam0=0.01063] Epoch 100/100 | Train Loss: 0.0266 | Train Acc: 99.89% | Test Acc: 77.85% | Best: 78.04%
GPU 1: Completed task 2
GPU 1 (Worker 1): Processing task 6
Files already downloaded and verified
Files already downloaded and verified
[e12_fill|SGD+WD|cos_shape|wd_sched=linear|T=100|lr0=0.1|lam0=0.04252] start
[e12_fill|SGD+WD|cos_shape|wd_sched=linear|T=100|lr0=0.1|lam0=0.002362] Epoch 25/100 | Train Loss: 0.7163 | Train Acc: 79.13% | Test Acc: 57.64% | Best: 60.06%
[e12_fill|SGD+WD|cos_shape|wd_sched=linear|T=100|lr0=0.1|lam0=0.002362] Epoch 50/100 | Train Loss: 0.1932 | Train Acc: 94.74% | Test Acc: 68.43% | Best: 68.43%
[e12_fill|SGD+WD|cos_shape|wd_sched=linear|T=100|lr0=0.1|lam0=0.002362] Epoch 75/100 | Train Loss: 0.0128 | Train Acc: 99.94% | Test Acc: 76.35% | Best: 76.38%
[e12_fill|SGD+WD|cos_shape|wd_sched=linear|T=100|lr0=0.1|lam0=0.002362] Epoch 100/100 | Train Loss: 0.0083 | Train Acc: 99.97% | Test Acc: 76.82% | Best: 77.08%
GPU 1: Completed task 0
GPU 1 (Worker 0): Processing task 7
Files already downloaded and verified
Files already downloaded and verified
[e12_fill|SGD+WD|cos_shape|wd_sched=iso_product|T=100|lr0=0.1|lam0=0.006971] start
[2026-09-11 03:51:08] [INFO]   [5/22] cosine mom=0.0 wd_sched=iso_product lam0=0.006971 T=100 -> best=75.01 diverged=0 (1229s)
[e12_fill|SGD+WD|cos_shape|wd_sched=iso_product|T=100|lr0=0.1|lam0=0.006971] Epoch 25/100 | Train Loss: 1.6557 | Train Acc: 55.59% | Test Acc: 35.65% | Best: 42.57%
[e12_fill|SGD+WD|cos_shape|wd_sched=iso_product|T=100|lr0=0.1|lam0=0.006971] Epoch 50/100 | Train Loss: 1.5294 | Train Acc: 60.34% | Test Acc: 27.13% | Best: 45.15%
[e12_fill|SGD+WD|cos_shape|wd_sched=iso_product|T=100|lr0=0.1|lam0=0.006971] Epoch 75/100 | Train Loss: 1.6032 | Train Acc: 65.31% | Test Acc: 47.83% | Best: 49.88%
[e12_fill|SGD+WD|cos_shape|wd_sched=iso_product|T=100|lr0=0.1|lam0=0.006971] Epoch 100/100 | Train Loss: 1.0124 | Train Acc: 91.64% | Test Acc: 74.88% | Best: 75.01%
GPU 1: Completed task 7
GPU 1 (Worker 0): Processing task 8
Files already downloaded and verified
Files already downloaded and verified
[e12_fill|SGD+WD|cos_shape|wd_sched=iso_product|T=100|lr0=0.1|lam0=0.008713] start
[2026-09-11 03:55:41] [INFO]   [6/22] cosine mom=0.0 wd_sched=linear lam0=0.04252 T=100 -> best=72.91 diverged=0 (1502s)
[e12_fill|SGD+WD|cos_shape|wd_sched=linear|T=100|lr0=0.1|lam0=0.04252] Epoch 25/100 | Train Loss: 3.2312 | Train Acc: 21.49% | Test Acc: 11.56% | Best: 13.28%
[e12_fill|SGD+WD|cos_shape|wd_sched=linear|T=100|lr0=0.1|lam0=0.04252] Epoch 50/100 | Train Loss: 2.2355 | Train Acc: 44.20% | Test Acc: 17.59% | Best: 27.14%
[e12_fill|SGD+WD|cos_shape|wd_sched=linear|T=100|lr0=0.1|lam0=0.04252] Epoch 75/100 | Train Loss: 1.0989 | Train Acc: 71.68% | Test Acc: 54.60% | Best: 58.27%
[e12_fill|SGD+WD|cos_shape|wd_sched=linear|T=100|lr0=0.1|lam0=0.04252] Epoch 100/100 | Train Loss: 0.2172 | Train Acc: 96.57% | Test Acc: 72.86% | Best: 72.91%
GPU 1: Completed task 6
GPU 1 (Worker 1): Processing task 9
Files already downloaded and verified
Files already downloaded and verified
[e12_fill|SGD+WD|cos_shape|wd_sched=linear_up|T=100|lr0=0.1|lam0=0.04076] start
[2026-09-11 03:55:45] [INFO]   [7/22] cosine mom=0.0 wd_sched=linear lam0=0.02834 T=100 -> best=76.37 diverged=0 (1712s)
[e12_fill|SGD+WD|cos_shape|wd_sched=linear|T=100|lr0=0.1|lam0=0.02834] Epoch 25/100 | Train Loss: 2.3783 | Train Acc: 41.03% | Test Acc: 24.94% | Best: 25.94%
[e12_fill|SGD+WD|cos_shape|wd_sched=linear|T=100|lr0=0.1|lam0=0.02834] Epoch 50/100 | Train Loss: 1.6461 | Train Acc: 57.89% | Test Acc: 44.53% | Best: 44.53%
[e12_fill|SGD+WD|cos_shape|wd_sched=linear|T=100|lr0=0.1|lam0=0.02834] Epoch 75/100 | Train Loss: 0.6662 | Train Acc: 82.72% | Test Acc: 60.80% | Best: 64.08%
[e12_fill|SGD+WD|cos_shape|wd_sched=linear|T=100|lr0=0.1|lam0=0.02834] Epoch 100/100 | Train Loss: 0.0842 | Train Acc: 99.30% | Test Acc: 76.37% | Best: 76.37%
GPU 3: Completed task 5
GPU 3 (Worker 0): Processing task 10
Files already downloaded and verified
Files already downloaded and verified
[e12_fill|SGD+WD|cos_shape|wd_sched=linear_up|T=100|lr0=0.1|lam0=0.05095] start
[2026-09-11 03:57:06] [INFO]   [8/22] cosine mom=0.0 wd_sched=linear lam0=0.02126 T=100 -> best=77.18 diverged=0 (1803s)
[e12_fill|SGD+WD|cos_shape|wd_sched=linear|T=100|lr0=0.1|lam0=0.02126] Epoch 25/100 | Train Loss: 2.0353 | Train Acc: 48.30% | Test Acc: 31.33% | Best: 31.33%
[e12_fill|SGD+WD|cos_shape|wd_sched=linear|T=100|lr0=0.1|lam0=0.02126] Epoch 50/100 | Train Loss: 1.3734 | Train Acc: 64.06% | Test Acc: 51.01% | Best: 51.01%
[e12_fill|SGD+WD|cos_shape|wd_sched=linear|T=100|lr0=0.1|lam0=0.02126] Epoch 75/100 | Train Loss: 0.4782 | Train Acc: 87.49% | Test Acc: 63.47% | Best: 68.22%
[e12_fill|SGD+WD|cos_shape|wd_sched=linear|T=100|lr0=0.1|lam0=0.02126] Epoch 100/100 | Train Loss: 0.0571 | Train Acc: 99.68% | Test Acc: 76.96% | Best: 77.18%
GPU 3: Completed task 4
GPU 3 (Worker 1): Processing task 11
Files already downloaded and verified
Files already downloaded and verified
[e12_fill|SGDM+WD|cos_shape|wd_sched=iso_product|T=100|lr0=0.1|lam0=0.0006706] start
[2026-09-11 04:10:14] [INFO]   [9/22] cosine mom=0.0 wd_sched=iso_product lam0=0.008713 T=100 -> best=69.60 diverged=0 (1142s)
[e12_fill|SGD+WD|cos_shape|wd_sched=iso_product|T=100|lr0=0.1|lam0=0.008713] Epoch 25/100 | Train Loss: 1.8218 | Train Acc: 51.78% | Test Acc: 22.22% | Best: 37.78%
[e12_fill|SGD+WD|cos_shape|wd_sched=iso_product|T=100|lr0=0.1|lam0=0.008713] Epoch 50/100 | Train Loss: 1.7327 | Train Acc: 55.53% | Test Acc: 26.97% | Best: 39.56%
[e12_fill|SGD+WD|cos_shape|wd_sched=iso_product|T=100|lr0=0.1|lam0=0.008713] Epoch 75/100 | Train Loss: 1.8985 | Train Acc: 60.69% | Test Acc: 46.22% | Best: 46.22%
[e12_fill|SGD+WD|cos_shape|wd_sched=iso_product|T=100|lr0=0.1|lam0=0.008713] Epoch 100/100 | Train Loss: 1.5533 | Train Acc: 81.87% | Test Acc: 69.60% | Best: 69.60%
GPU 1: Completed task 8
GPU 1 (Worker 0): Processing task 12
Files already downloaded and verified
Files already downloaded and verified
[e12_fill|SGDM+WD|cos_shape|wd_sched=linear_up|T=100|lr0=0.1|lam0=0.003921] start
[2026-09-11 04:14:45] [INFO]   [10/22] cosine mom=0.0 wd_sched=linear_up lam0=0.04076 T=100 -> best=75.69 diverged=0 (1139s)
[e12_fill|SGD+WD|cos_shape|wd_sched=linear_up|T=100|lr0=0.1|lam0=0.04076] Epoch 25/100 | Train Loss: 1.7285 | Train Acc: 54.45% | Test Acc: 28.01% | Best: 44.21%
[e12_fill|SGD+WD|cos_shape|wd_sched=linear_up|T=100|lr0=0.1|lam0=0.04076] Epoch 50/100 | Train Loss: 1.8590 | Train Acc: 53.42% | Test Acc: 23.96% | Best: 44.21%
[e12_fill|SGD+WD|cos_shape|wd_sched=linear_up|T=100|lr0=0.1|lam0=0.04076] Epoch 75/100 | Train Loss: 1.4096 | Train Acc: 66.97% | Test Acc: 50.59% | Best: 50.59%
[e12_fill|SGD+WD|cos_shape|wd_sched=linear_up|T=100|lr0=0.1|lam0=0.04076] Epoch 100/100 | Train Loss: 0.4355 | Train Acc: 97.28% | Test Acc: 75.51% | Best: 75.69%
GPU 1: Completed task 9
GPU 1 (Worker 1): Processing task 13
Files already downloaded and verified
Files already downloaded and verified
[e12_fill|SGD+WD|cos_shape|wd_sched=linear_up|T=100|lr0=0.1|lam0=0.01132] start
[2026-09-11 04:14:54] [INFO]   [11/22] cosine mom=0.0 wd_sched=linear_up lam0=0.05095 T=100 -> best=74.40 diverged=0 (1145s)
[e12_fill|SGD+WD|cos_shape|wd_sched=linear_up|T=100|lr0=0.1|lam0=0.05095] Epoch 25/100 | Train Loss: 1.8967 | Train Acc: 50.62% | Test Acc: 25.03% | Best: 42.35%
[e12_fill|SGD+WD|cos_shape|wd_sched=linear_up|T=100|lr0=0.1|lam0=0.05095] Epoch 50/100 | Train Loss: 2.0859 | Train Acc: 48.87% | Test Acc: 14.44% | Best: 42.35%
[e12_fill|SGD+WD|cos_shape|wd_sched=linear_up|T=100|lr0=0.1|lam0=0.05095] Epoch 75/100 | Train Loss: 1.6635 | Train Acc: 62.03% | Test Acc: 40.01% | Best: 46.16%
[e12_fill|SGD+WD|cos_shape|wd_sched=linear_up|T=100|lr0=0.1|lam0=0.05095] Epoch 100/100 | Train Loss: 0.6417 | Train Acc: 93.90% | Test Acc: 74.40% | Best: 74.40%
GPU 3: Completed task 10
GPU 3 (Worker 0): Processing task 14
Files already downloaded and verified
Files already downloaded and verified
[e12_fill|SGD+WD|cos_shape|wd_sched=linear_up|T=100|lr0=0.1|lam0=0.01698] start
[2026-09-11 04:16:18] [INFO]   [12/22] cosine mom=0.9 wd_sched=iso_product lam0=0.0006706 T=100 -> best=73.75 diverged=0 (1147s)
[e12_fill|SGDM+WD|cos_shape|wd_sched=iso_product|T=100|lr0=0.1|lam0=0.0006706] Epoch 25/100 | Train Loss: 1.8574 | Train Acc: 48.97% | Test Acc: 35.10% | Best: 42.46%
[e12_fill|SGDM+WD|cos_shape|wd_sched=iso_product|T=100|lr0=0.1|lam0=0.0006706] Epoch 50/100 | Train Loss: 1.5827 | Train Acc: 56.36% | Test Acc: 48.85% | Best: 50.08%
[e12_fill|SGDM+WD|cos_shape|wd_sched=iso_product|T=100|lr0=0.1|lam0=0.0006706] Epoch 75/100 | Train Loss: 1.4362 | Train Acc: 60.52% | Test Acc: 47.77% | Best: 50.29%
[e12_fill|SGDM+WD|cos_shape|wd_sched=iso_product|T=100|lr0=0.1|lam0=0.0006706] Epoch 100/100 | Train Loss: 0.1957 | Train Acc: 95.94% | Test Acc: 73.75% | Best: 73.75%
GPU 3: Completed task 11
GPU 3 (Worker 1): Processing task 15
Files already downloaded and verified
Files already downloaded and verified
[e12_fill|SGD+WD|cos_shape|wd_sched=linear|T=100|lr0=0.1|lam0=0.004724] start
[2026-09-11 04:22:24] [INFO]   [13/22] cosine mom=0.0 wd_sched=linear_up lam0=0.01698 T=100 -> best=58.01 diverged=0 (446s)
[e12_fill|SGD+WD|cos_shape|wd_sched=linear_up|T=100|lr0=0.1|lam0=0.01698] Epoch 25/100 | Train Loss: 0.6870 | Train Acc: 76.86% | Test Acc: 53.28% | Best: 54.93%
[e12_fill|SGD+WD|cos_shape|wd_sched=linear_up|T=100|lr0=0.1|lam0=0.01698] Epoch 50/100 | Train Loss: 0.8932 | Train Acc: 70.03% | Test Acc: 53.77% | Best: 56.19%
[e12_fill|SGD+WD|cos_shape|wd_sched=linear_up|T=100|lr0=0.1|lam0=0.01698] Epoch 75/100 | Train Loss: 0.8003 | Train Acc: 75.33% | Test Acc: 55.39% | Best: 56.19%
[e12_fill|SGD+WD|cos_shape|wd_sched=linear_up|T=100|lr0=0.1|lam0=0.01698] Epoch 100/100 | Train Loss: 0.6604 | Train Acc: 83.79% | Test Acc: 57.90% | Best: 58.01%
GPU 3: Completed task 14
GPU 3 (Worker 0): Processing task 16
Files already downloaded and verified
Files already downloaded and verified
[e12_fill|SGD+WD|cos_shape|wd_sched=linear|T=100|lr0=0.1|lam0=0.007086] start
[2026-09-11 04:23:42] [INFO]   [14/22] cosine mom=0.0 wd_sched=linear_up lam0=0.01132 T=100 -> best=57.79 diverged=0 (534s)
[e12_fill|SGD+WD|cos_shape|wd_sched=linear_up|T=100|lr0=0.1|lam0=0.01132] Epoch 25/100 | Train Loss: 0.4918 | Train Acc: 83.83% | Test Acc: 55.13% | Best: 55.45%
[e12_fill|SGD+WD|cos_shape|wd_sched=linear_up|T=100|lr0=0.1|lam0=0.01132] Epoch 50/100 | Train Loss: 0.5947 | Train Acc: 81.52% | Test Acc: 54.57% | Best: 56.53%
[e12_fill|SGD+WD|cos_shape|wd_sched=linear_up|T=100|lr0=0.1|lam0=0.01132] Epoch 75/100 | Train Loss: 0.5265 | Train Acc: 85.97% | Test Acc: 55.70% | Best: 56.75%
[e12_fill|SGD+WD|cos_shape|wd_sched=linear_up|T=100|lr0=0.1|lam0=0.01132] Epoch 100/100 | Train Loss: 0.3955 | Train Acc: 93.59% | Test Acc: 57.78% | Best: 57.79%
GPU 1: Completed task 13
GPU 1 (Worker 1): Processing task 17
Files already downloaded and verified
Files already downloaded and verified
[e12_fill|SGD+WD|cos_shape|wd_sched=iso_product|T=100|lr0=0.1|lam0=0.001936] start
[2026-09-11 04:23:50] [INFO]   [15/22] cosine mom=0.0 wd_sched=linear lam0=0.004724 T=100 -> best=57.33 diverged=0 (449s)
[e12_fill|SGD+WD|cos_shape|wd_sched=linear|T=100|lr0=0.1|lam0=0.004724] Epoch 25/100 | Train Loss: 0.8566 | Train Acc: 70.23% | Test Acc: 53.76% | Best: 55.76%
[e12_fill|SGD+WD|cos_shape|wd_sched=linear|T=100|lr0=0.1|lam0=0.004724] Epoch 50/100 | Train Loss: 0.3728 | Train Acc: 88.47% | Test Acc: 55.17% | Best: 56.07%
[e12_fill|SGD+WD|cos_shape|wd_sched=linear|T=100|lr0=0.1|lam0=0.004724] Epoch 75/100 | Train Loss: 0.0674 | Train Acc: 99.52% | Test Acc: 57.01% | Best: 57.33%
[e12_fill|SGD+WD|cos_shape|wd_sched=linear|T=100|lr0=0.1|lam0=0.004724] Epoch 100/100 | Train Loss: 0.0393 | Train Acc: 99.88% | Test Acc: 56.88% | Best: 57.33%
GPU 3: Completed task 15
GPU 3 (Worker 1): Processing task 18
Files already downloaded and verified
Files already downloaded and verified
[e12_fill|SGD+WD|cos_shape|wd_sched=iso_product|T=100|lr0=0.1|lam0=0.002904] start
[2026-09-11 04:27:26] [INFO]   [16/22] cosine mom=0.9 wd_sched=linear_up lam0=0.003921 T=100 -> best=73.95 diverged=0 (1028s)
[e12_fill|SGDM+WD|cos_shape|wd_sched=linear_up|T=100|lr0=0.1|lam0=0.003921] Epoch 25/100 | Train Loss: 2.0096 | Train Acc: 45.53% | Test Acc: 37.94% | Best: 38.82%
[e12_fill|SGDM+WD|cos_shape|wd_sched=linear_up|T=100|lr0=0.1|lam0=0.003921] Epoch 50/100 | Train Loss: 1.8788 | Train Acc: 49.35% | Test Acc: 39.58% | Best: 43.51%
[e12_fill|SGDM+WD|cos_shape|wd_sched=linear_up|T=100|lr0=0.1|lam0=0.003921] Epoch 75/100 | Train Loss: 1.3149 | Train Acc: 63.57% | Test Acc: 50.70% | Best: 52.58%
[e12_fill|SGDM+WD|cos_shape|wd_sched=linear_up|T=100|lr0=0.1|lam0=0.003921] Epoch 100/100 | Train Loss: 0.1155 | Train Acc: 97.49% | Test Acc: 73.72% | Best: 73.95%
GPU 1: Completed task 12
GPU 1 (Worker 0): Processing task 19
Files already downloaded and verified
Files already downloaded and verified
[e12_fill|SGDM+WD|cosine|wd_sched=fixed|T=100|lr0=0.1|lam0=0.0008] start
[2026-09-11 04:29:49] [INFO]   [17/22] cosine mom=0.0 wd_sched=linear lam0=0.007086 T=100 -> best=57.12 diverged=0 (442s)
[e12_fill|SGD+WD|cos_shape|wd_sched=linear|T=100|lr0=0.1|lam0=0.007086] Epoch 25/100 | Train Loss: 1.0439 | Train Acc: 63.87% | Test Acc: 52.93% | Best: 55.33%
[e12_fill|SGD+WD|cos_shape|wd_sched=linear|T=100|lr0=0.1|lam0=0.007086] Epoch 50/100 | Train Loss: 0.6415 | Train Acc: 78.41% | Test Acc: 55.12% | Best: 55.54%
[e12_fill|SGD+WD|cos_shape|wd_sched=linear|T=100|lr0=0.1|lam0=0.007086] Epoch 75/100 | Train Loss: 0.1455 | Train Acc: 97.54% | Test Acc: 56.32% | Best: 57.05%
[e12_fill|SGD+WD|cos_shape|wd_sched=linear|T=100|lr0=0.1|lam0=0.007086] Epoch 100/100 | Train Loss: 0.0645 | Train Acc: 99.59% | Test Acc: 56.72% | Best: 57.12%
GPU 3: Completed task 16
GPU 3 (Worker 0): Processing task 20
Files already downloaded and verified
Files already downloaded and verified
[e12_fill|SGDM+WD|cosine|wd_sched=fixed|T=100|lr0=0.1|lam0=0.0009] start
[2026-09-11 04:31:24] [INFO]   [18/22] cosine mom=0.0 wd_sched=iso_product lam0=0.002904 T=100 -> best=56.83 diverged=0 (450s)
[e12_fill|SGD+WD|cos_shape|wd_sched=iso_product|T=100|lr0=0.1|lam0=0.002904] Epoch 25/100 | Train Loss: 0.7481 | Train Acc: 73.99% | Test Acc: 53.44% | Best: 55.83%
[e12_fill|SGD+WD|cos_shape|wd_sched=iso_product|T=100|lr0=0.1|lam0=0.002904] Epoch 50/100 | Train Loss: 0.6238 | Train Acc: 80.02% | Test Acc: 54.48% | Best: 56.63%
[e12_fill|SGD+WD|cos_shape|wd_sched=iso_product|T=100|lr0=0.1|lam0=0.002904] Epoch 75/100 | Train Loss: 0.8280 | Train Acc: 75.26% | Test Acc: 55.28% | Best: 56.83%
[e12_fill|SGD+WD|cos_shape|wd_sched=iso_product|T=100|lr0=0.1|lam0=0.002904] Epoch 100/100 | Train Loss: 1.0446 | Train Acc: 68.75% | Test Acc: 56.48% | Best: 56.83%
GPU 3: Completed task 18
GPU 3 (Worker 1): Processing task 21
Files already downloaded and verified
Files already downloaded and verified
[e12_fill|SGDM+WD|cosine|wd_sched=fixed|T=100|lr0=0.1|lam0=0.0011] start
[2026-09-11 04:33:49] [INFO]   [19/22] cosine mom=0.0 wd_sched=iso_product lam0=0.001936 T=100 -> best=57.77 diverged=0 (603s)
[e12_fill|SGD+WD|cos_shape|wd_sched=iso_product|T=100|lr0=0.1|lam0=0.001936] Epoch 25/100 | Train Loss: 0.5531 | Train Acc: 81.30% | Test Acc: 55.15% | Best: 55.43%
[e12_fill|SGD+WD|cos_shape|wd_sched=iso_product|T=100|lr0=0.1|lam0=0.001936] Epoch 50/100 | Train Loss: 0.3660 | Train Acc: 89.79% | Test Acc: 55.69% | Best: 56.36%
[e12_fill|SGD+WD|cos_shape|wd_sched=iso_product|T=100|lr0=0.1|lam0=0.001936] Epoch 75/100 | Train Loss: 0.5481 | Train Acc: 85.97% | Test Acc: 55.20% | Best: 56.77%
[e12_fill|SGD+WD|cos_shape|wd_sched=iso_product|T=100|lr0=0.1|lam0=0.001936] Epoch 100/100 | Train Loss: 0.7015 | Train Acc: 83.86% | Test Acc: 57.46% | Best: 57.77%
GPU 1: Completed task 17
Worker on GPU 1 finished
[e12_fill|SGDM+WD|cosine|wd_sched=fixed|T=100|lr0=0.1|lam0=0.0008] Epoch 25/100 | Train Loss: 1.6068 | Train Acc: 54.89% | Test Acc: 46.23% | Best: 47.49%
[e12_fill|SGDM+WD|cosine|wd_sched=fixed|T=100|lr0=0.1|lam0=0.0008] Epoch 50/100 | Train Loss: 1.1328 | Train Acc: 67.02% | Test Acc: 57.65% | Best: 57.65%
[e12_fill|SGDM+WD|cosine|wd_sched=fixed|T=100|lr0=0.1|lam0=0.0008] Epoch 75/100 | Train Loss: 0.4250 | Train Acc: 86.96% | Test Acc: 67.57% | Best: 67.57%
[e12_fill|SGDM+WD|cosine|wd_sched=fixed|T=100|lr0=0.1|lam0=0.0008] Epoch 100/100 | Train Loss: 0.0191 | Train Acc: 99.84% | Test Acc: 76.54% | Best: 76.73%
GPU 1: Completed task 19
Worker on GPU 1 finished
[2026-09-11 05:17:51] [INFO]   [20/22] cosine mom=0.9 wd_sched=fixed lam0=0.0008 T=100 -> best=76.73 diverged=0 (3019s)
[e12_fill|SGDM+WD|cosine|wd_sched=fixed|T=100|lr0=0.1|lam0=0.0009] Epoch 25/100 | Train Loss: 1.7297 | Train Acc: 51.92% | Test Acc: 40.04% | Best: 45.13%
[e12_fill|SGDM+WD|cosine|wd_sched=fixed|T=100|lr0=0.1|lam0=0.0009] Epoch 50/100 | Train Loss: 1.1987 | Train Acc: 65.33% | Test Acc: 51.28% | Best: 56.27%
[e12_fill|SGDM+WD|cosine|wd_sched=fixed|T=100|lr0=0.1|lam0=0.0009] Epoch 75/100 | Train Loss: 0.4541 | Train Acc: 86.37% | Test Acc: 68.36% | Best: 68.36%
[e12_fill|SGDM+WD|cosine|wd_sched=fixed|T=100|lr0=0.1|lam0=0.0009] Epoch 100/100 | Train Loss: 0.0231 | Train Acc: 99.85% | Test Acc: 76.81% | Best: 76.90%
GPU 3: Completed task 20
Worker on GPU 3 finished
[2026-09-11 06:00:30] [INFO]   [21/22] cosine mom=0.9 wd_sched=fixed lam0=0.0009 T=100 -> best=76.90 diverged=0 (5436s)
[e12_fill|SGDM+WD|cosine|wd_sched=fixed|T=100|lr0=0.1|lam0=0.0011] Epoch 25/100 | Train Loss: 1.7617 | Train Acc: 51.17% | Test Acc: 40.45% | Best: 44.28%
[e12_fill|SGDM+WD|cosine|wd_sched=fixed|T=100|lr0=0.1|lam0=0.0011] Epoch 50/100 | Train Loss: 1.3164 | Train Acc: 62.29% | Test Acc: 46.54% | Best: 52.23%
[e12_fill|SGDM+WD|cosine|wd_sched=fixed|T=100|lr0=0.1|lam0=0.0011] Epoch 75/100 | Train Loss: 0.6089 | Train Acc: 81.53% | Test Acc: 65.65% | Best: 67.17%
[e12_fill|SGDM+WD|cosine|wd_sched=fixed|T=100|lr0=0.1|lam0=0.0011] Epoch 100/100 | Train Loss: 0.0306 | Train Acc: 99.69% | Test Acc: 77.66% | Best: 77.72%
GPU 3: Completed task 21
Worker on GPU 3 finished
[2026-09-11 06:02:02] [INFO]   [22/22] cosine mom=0.9 wd_sched=fixed lam0=0.0011 T=100 -> best=77.72 diverged=0 (5433s)
================================================================================
All workers finished. Completed 22 tasks.
[2026-09-11 06:02:03] [INFO] e12_ms: finished 22/22 in 182.4 min
