[2026-09-10 03:44:25] [INFO] sweep=e12_matched phase=sgd gpus=[3, 6] seeds=[42] workers_per_gpu=3 model=vgg16 dataset=cifar100 n_cfgs=21
[2026-09-10 03:44:25] [INFO]   plan vgg16/cifar100 mom=0.0 shape=   linear_up lam0=0.03397 sum_eta_lambda=19.75 (1.000 C; anchor lam_ref=0.01)
[2026-09-10 03:44:25] [INFO]   plan vgg16/cifar100 mom=0.0 shape=      linear lam0=0.01417 sum_eta_lambda=19.74 (1.000 C; anchor lam_ref=0.01)
[2026-09-10 03:44:25] [INFO]   plan vgg16/cifar100 mom=0.0 shape= iso_product lam0=0.005809 sum_eta_lambda=19.75 (1.000 C; anchor lam_ref=0.01)
[2026-09-10 03:44:25] [INFO]   plan vgg16/cifar100 mom=0.0 shape=   linear_up lam0=0.06794 sum_eta_lambda=39.49 (2.000 C; anchor lam_ref=0.01)
[2026-09-10 03:44:25] [INFO]   plan vgg16/cifar100 mom=0.0 shape=      linear lam0=0.02834 sum_eta_lambda=39.48 (2.000 C; anchor lam_ref=0.01)
[2026-09-10 03:44:25] [INFO]   plan vgg16/cifar100 mom=0.0 shape= iso_product lam0=0.01162 sum_eta_lambda=39.5 (2.000 C; anchor lam_ref=0.01)
[2026-09-10 03:44:25] [INFO]   plan vgg16/cifar100 mom=0.0 shape=   linear_up lam0=0.1019 sum_eta_lambda=59.23 (3.000 C; anchor lam_ref=0.01)
[2026-09-10 03:44:25] [INFO]   plan vgg16/cifar100 mom=0.0 shape=      linear lam0=0.04252 sum_eta_lambda=59.24 (3.000 C; anchor lam_ref=0.01)
[2026-09-10 03:44:25] [INFO]   plan vgg16/cifar100 mom=0.0 shape= iso_product lam0=0.01743 sum_eta_lambda=59.25 (3.001 C; anchor lam_ref=0.01)
[2026-09-10 03:44:25] [INFO]   plan vgg16/cifar100 mom=0.0 shape=   linear_up lam0=0.1359 sum_eta_lambda=79 (4.001 C; anchor lam_ref=0.01)
[2026-09-10 03:44:25] [INFO]   plan vgg16/cifar100 mom=0.0 shape=      linear lam0=0.05669 sum_eta_lambda=78.98 (4.000 C; anchor lam_ref=0.01)
[2026-09-10 03:44:25] [INFO]   plan vgg16/cifar100 mom=0.0 shape= iso_product lam0=0.02324 sum_eta_lambda=79 (4.001 C; anchor lam_ref=0.01)
[2026-09-10 03:44:25] [INFO]   plan vgg16/cifar100 mom=0.0 shape=   linear_up lam0=0.2038 sum_eta_lambda=118.5 (6.000 C; anchor lam_ref=0.01)
[2026-09-10 03:44:25] [INFO]   plan vgg16/cifar100 mom=0.0 shape=      linear lam0=0.08503 sum_eta_lambda=118.5 (6.000 C; anchor lam_ref=0.01)
[2026-09-10 03:44:25] [INFO]   plan vgg16/cifar100 mom=0.0 shape= iso_product lam0=0.03485 sum_eta_lambda=118.5 (5.999 C; anchor lam_ref=0.01)
[2026-09-10 03:44:25] [INFO]   plan vgg16/cifar100 mom=0.0 shape=   linear_up lam0=0.3057 sum_eta_lambda=177.7 (9.000 C; anchor lam_ref=0.01)
[2026-09-10 03:44:25] [INFO]   plan vgg16/cifar100 mom=0.0 shape=      linear lam0=0.1276 sum_eta_lambda=177.8 (9.003 C; anchor lam_ref=0.01)
[2026-09-10 03:44:25] [INFO]   plan vgg16/cifar100 mom=0.0 shape= iso_product lam0=0.05228 sum_eta_lambda=177.7 (9.000 C; anchor lam_ref=0.01)
[2026-09-10 03:44:25] [INFO]   plan vgg16/cifar100 mom=0.0 shape=   linear_up lam0=0.5095 sum_eta_lambda=296.2 (15.000 C; anchor lam_ref=0.01)
[2026-09-10 03:44:25] [INFO]   plan vgg16/cifar100 mom=0.0 shape=      linear lam0=0.2126 sum_eta_lambda=296.2 (15.001 C; anchor lam_ref=0.01)
[2026-09-10 03:44:25] [INFO]   plan vgg16/cifar100 mom=0.0 shape= iso_product lam0=0.08713 sum_eta_lambda=296.2 (15.000 C; anchor lam_ref=0.01)
[2026-09-10 03:44:25] [INFO] E8-e12_matched-sgd: 21 configs, 0 already done, 21 to run
[2026-09-10 03:44:25] [INFO] E8-e12_matched-sgd: budget ~21.0 units
GPU Scheduler initialized with GPUs: [3, 6]
  Workers per GPU: 3 (Total workers: 6)

Started 6 workers (3 per GPU) for 21 tasks
================================================================================
Worker 0 started on GPU 6 (PID: 4180000)
GPU 6 (Worker 0): Processing task 0
Worker 2 started on GPU 3 (PID: 4179999)
GPU 3 (Worker 2): Processing task 1
Worker 1 started on GPU 6 (PID: 4180001)
GPU 6 (Worker 1): Processing task 2
Worker 1 started on GPU 3 (PID: 4179998)
GPU 3 (Worker 1): Processing task 3
Worker 0 started on GPU 3 (PID: 4179997)
GPU 3 (Worker 0): Processing task 4
Worker 2 started on GPU 6 (PID: 4180002)
GPU 6 (Worker 2): Processing task 5
Files already downloaded and verified
Files already downloaded and verified
Files already downloaded and verified
Files already downloaded and verifiedFiles already downloaded and verified

Files already downloaded and verified
Files already downloaded and verified
Files already downloaded and verified
Files already downloaded and verified
Files already downloaded and verified
Files already downloaded and verifiedFiles already downloaded and verified

[e12_matched|SGD+WD|cos_shape|wd_sched=linear|T=100|lr0=0.1|lam0=0.01417] start
[e12_matched|SGD+WD|cos_shape|wd_sched=linear_up|T=100|lr0=0.1|lam0=0.03397] start
[e12_matched|SGD+WD|cos_shape|wd_sched=linear_up|T=100|lr0=0.1|lam0=0.06794] start
[e12_matched|SGD+WD|cos_shape|wd_sched=linear|T=100|lr0=0.1|lam0=0.02834] start
[e12_matched|SGD+WD|cos_shape|wd_sched=iso_product|T=100|lr0=0.1|lam0=0.005809] start
[e12_matched|SGD+WD|cos_shape|wd_sched=iso_product|T=100|lr0=0.1|lam0=0.01162] start
/home/yzy/Documents/GitHub/wd/wd_core/utils.py:69: FutureWarning: `torch.cuda.amp.autocast(args...)` is deprecated. Please use `torch.amp.autocast('cuda', args...)` instead.
  with autocast():
/home/yzy/Documents/GitHub/wd/wd_core/utils.py:69: FutureWarning: `torch.cuda.amp.autocast(args...)` is deprecated. Please use `torch.amp.autocast('cuda', args...)` instead.
  with autocast():
/home/yzy/Documents/GitHub/wd/wd_core/utils.py:69: FutureWarning: `torch.cuda.amp.autocast(args...)` is deprecated. Please use `torch.amp.autocast('cuda', args...)` instead.
  with autocast():
/home/yzy/Documents/GitHub/wd/wd_core/utils.py:69: FutureWarning: `torch.cuda.amp.autocast(args...)` is deprecated. Please use `torch.amp.autocast('cuda', args...)` instead.
  with autocast():
/home/yzy/Documents/GitHub/wd/wd_core/utils.py:69: FutureWarning: `torch.cuda.amp.autocast(args...)` is deprecated. Please use `torch.amp.autocast('cuda', args...)` instead.
  with autocast():
/home/yzy/Documents/GitHub/wd/wd_core/utils.py:69: FutureWarning: `torch.cuda.amp.autocast(args...)` is deprecated. Please use `torch.amp.autocast('cuda', args...)` instead.
  with autocast():
[e12_matched|SGD+WD|cos_shape|wd_sched=linear|T=100|lr0=0.1|lam0=0.02834] Epoch 25/100 | Train Loss: 2.7535 | Train Acc: 30.74% | Test Acc: 14.91% | Best: 22.55%
[e12_matched|SGD+WD|cos_shape|wd_sched=linear_up|T=100|lr0=0.1|lam0=0.06794] Epoch 25/100 | Train Loss: 2.1206 | Train Acc: 45.92% | Test Acc: 19.17% | Best: 40.67%
[e12_matched|SGD+WD|cos_shape|wd_sched=linear|T=100|lr0=0.1|lam0=0.01417] Epoch 25/100 | Train Loss: 1.9189 | Train Acc: 49.57% | Test Acc: 20.58% | Best: 36.83%
[e12_matched|SGD+WD|cos_shape|wd_sched=linear_up|T=100|lr0=0.1|lam0=0.03397] Epoch 25/100 | Train Loss: 1.6083 | Train Acc: 56.88% | Test Acc: 31.68% | Best: 48.11%
[e12_matched|SGD+WD|cos_shape|wd_sched=iso_product|T=100|lr0=0.1|lam0=0.005809] Epoch 25/100 | Train Loss: 1.5422 | Train Acc: 58.27% | Test Acc: 37.19% | Best: 44.33%
[e12_matched|SGD+WD|cos_shape|wd_sched=iso_product|T=100|lr0=0.1|lam0=0.01162] Epoch 25/100 | Train Loss: 2.0433 | Train Acc: 47.21% | Test Acc: 25.18% | Best: 35.55%
[e12_matched|SGD+WD|cos_shape|wd_sched=linear|T=100|lr0=0.1|lam0=0.02834] Epoch 50/100 | Train Loss: 1.8804 | Train Acc: 50.94% | Test Acc: 39.06% | Best: 39.06%
[e12_matched|SGD+WD|cos_shape|wd_sched=linear|T=100|lr0=0.1|lam0=0.01417] Epoch 50/100 | Train Loss: 1.2524 | Train Acc: 65.64% | Test Acc: 48.64% | Best: 50.10%
[e12_matched|SGD+WD|cos_shape|wd_sched=linear_up|T=100|lr0=0.1|lam0=0.06794] Epoch 50/100 | Train Loss: 2.4046 | Train Acc: 42.70% | Test Acc: 21.50% | Best: 40.67%
[e12_matched|SGD+WD|cos_shape|wd_sched=linear_up|T=100|lr0=0.1|lam0=0.03397] Epoch 50/100 | Train Loss: 1.7012 | Train Acc: 56.66% | Test Acc: 36.58% | Best: 48.11%
[e12_matched|SGD+WD|cos_shape|wd_sched=iso_product|T=100|lr0=0.1|lam0=0.005809] Epoch 50/100 | Train Loss: 1.3895 | Train Acc: 63.16% | Test Acc: 49.55% | Best: 49.55%
[e12_matched|SGD+WD|cos_shape|wd_sched=iso_product|T=100|lr0=0.1|lam0=0.01162] Epoch 50/100 | Train Loss: 1.9995 | Train Acc: 50.34% | Test Acc: 13.30% | Best: 36.09%
[e12_matched|SGD+WD|cos_shape|wd_sched=linear|T=100|lr0=0.1|lam0=0.02834] Epoch 75/100 | Train Loss: 0.7978 | Train Acc: 78.06% | Test Acc: 58.51% | Best: 59.89%
[e12_matched|SGD+WD|cos_shape|wd_sched=linear|T=100|lr0=0.1|lam0=0.01417] Epoch 75/100 | Train Loss: 0.3325 | Train Acc: 90.44% | Test Acc: 68.14% | Best: 68.14%
[e12_matched|SGD+WD|cos_shape|wd_sched=linear_up|T=100|lr0=0.1|lam0=0.06794] Epoch 75/100 | Train Loss: 2.0503 | Train Acc: 54.49% | Test Acc: 38.40% | Best: 40.67%
[e12_matched|SGD+WD|cos_shape|wd_sched=linear_up|T=100|lr0=0.1|lam0=0.03397] Epoch 75/100 | Train Loss: 1.2288 | Train Acc: 70.65% | Test Acc: 53.71% | Best: 53.71%
[e12_matched|SGD+WD|cos_shape|wd_sched=iso_product|T=100|lr0=0.1|lam0=0.005809] Epoch 75/100 | Train Loss: 1.3943 | Train Acc: 69.04% | Test Acc: 49.96% | Best: 51.28%
[e12_matched|SGD+WD|cos_shape|wd_sched=iso_product|T=100|lr0=0.1|lam0=0.01162] Epoch 75/100 | Train Loss: 2.3735 | Train Acc: 52.96% | Test Acc: 26.90% | Best: 42.35%
[e12_matched|SGD+WD|cos_shape|wd_sched=linear|T=100|lr0=0.1|lam0=0.02834] Epoch 100/100 | Train Loss: 0.0789 | Train Acc: 98.86% | Test Acc: 73.33% | Best: 73.44%
GPU 3: Completed task 4
GPU 3 (Worker 0): Processing task 6
[2026-09-10 04:06:37] [INFO]   [1/21] cosine mom=0.0 wd_sched=linear lam0=0.02834 T=100 -> best=73.44 diverged=0 (1324s)
Files already downloaded and verified
Files already downloaded and verified
[e12_matched|SGD+WD|cos_shape|wd_sched=linear_up|T=100|lr0=0.1|lam0=0.1019] start
[e12_matched|SGD+WD|cos_shape|wd_sched=linear_up|T=100|lr0=0.1|lam0=0.06794] Epoch 100/100 | Train Loss: 1.0711 | Train Acc: 86.24% | Test Acc: 70.45% | Best: 70.48%
GPU 3: Completed task 3
GPU 3 (Worker 1): Processing task 7
[2026-09-10 04:07:13] [INFO]   [2/21] cosine mom=0.0 wd_sched=linear_up lam0=0.06794 T=100 -> best=70.48 diverged=0 (1360s)
Files already downloaded and verified
Files already downloaded and verified
[e12_matched|SGD+WD|cos_shape|wd_sched=linear|T=100|lr0=0.1|lam0=0.01417] Epoch 100/100 | Train Loss: 0.0277 | Train Acc: 99.74% | Test Acc: 74.27% | Best: 74.29%
[e12_matched|SGD+WD|cos_shape|wd_sched=linear|T=100|lr0=0.1|lam0=0.04252] start
GPU 3: Completed task 1
GPU 3 (Worker 2): Processing task 8
[2026-09-10 04:07:17] [INFO]   [3/21] cosine mom=0.0 wd_sched=linear lam0=0.01417 T=100 -> best=74.29 diverged=0 (1364s)
Files already downloaded and verified
Files already downloaded and verified
[e12_matched|SGD+WD|cos_shape|wd_sched=iso_product|T=100|lr0=0.1|lam0=0.01743] start
[e12_matched|SGD+WD|cos_shape|wd_sched=linear_up|T=100|lr0=0.1|lam0=0.03397] Epoch 100/100 | Train Loss: 0.3251 | Train Acc: 98.31% | Test Acc: 75.36% | Best: 75.43%
GPU 6: Completed task 0
GPU 6 (Worker 0): Processing task 9
[2026-09-10 04:10:51] [INFO]   [4/21] cosine mom=0.0 wd_sched=linear_up lam0=0.03397 T=100 -> best=75.43 diverged=0 (1578s)
Files already downloaded and verified
Files already downloaded and verified
[e12_matched|SGD+WD|cos_shape|wd_sched=linear_up|T=100|lr0=0.1|lam0=0.1359] start
[e12_matched|SGD+WD|cos_shape|wd_sched=iso_product|T=100|lr0=0.1|lam0=0.005809] Epoch 100/100 | Train Loss: 0.7277 | Train Acc: 95.37% | Test Acc: 75.89% | Best: 75.89%
GPU 6: Completed task 2
GPU 6 (Worker 1): Processing task 10
[2026-09-10 04:10:58] [INFO]   [5/21] cosine mom=0.0 wd_sched=iso_product lam0=0.005809 T=100 -> best=75.89 diverged=0 (1584s)
Files already downloaded and verified
Files already downloaded and verified
[e12_matched|SGD+WD|cos_shape|wd_sched=linear|T=100|lr0=0.1|lam0=0.05669] start
[e12_matched|SGD+WD|cos_shape|wd_sched=iso_product|T=100|lr0=0.1|lam0=0.01162] Epoch 100/100 | Train Loss: 2.8878 | Train Acc: 49.78% | Test Acc: 47.34% | Best: 47.34%
GPU 6: Completed task 5
GPU 6 (Worker 2): Processing task 11
[2026-09-10 04:11:33] [INFO]   [6/21] cosine mom=0.0 wd_sched=iso_product lam0=0.01162 T=100 -> best=47.34 diverged=0 (1620s)
Files already downloaded and verified
Files already downloaded and verified
[e12_matched|SGD+WD|cos_shape|wd_sched=iso_product|T=100|lr0=0.1|lam0=0.02324] start
[e12_matched|SGD+WD|cos_shape|wd_sched=linear_up|T=100|lr0=0.1|lam0=0.1019] Epoch 25/100 | Train Loss: 2.5278 | Train Acc: 38.45% | Test Acc: 20.70% | Best: 36.78%
[e12_matched|SGD+WD|cos_shape|wd_sched=linear|T=100|lr0=0.1|lam0=0.04252] Epoch 25/100 | Train Loss: 3.8839 | Train Acc: 8.46% | Test Acc: 6.42% | Best: 6.42%
[e12_matched|SGD+WD|cos_shape|wd_sched=iso_product|T=100|lr0=0.1|lam0=0.01743] Epoch 25/100 | Train Loss: 2.4457 | Train Acc: 38.60% | Test Acc: 18.11% | Best: 26.73%
[e12_matched|SGD+WD|cos_shape|wd_sched=linear_up|T=100|lr0=0.1|lam0=0.1019] Epoch 50/100 | Train Loss: 3.0497 | Train Acc: 29.74% | Test Acc: 11.49% | Best: 36.78%
[e12_matched|SGD+WD|cos_shape|wd_sched=linear|T=100|lr0=0.1|lam0=0.04252] Epoch 50/100 | Train Loss: 2.9477 | Train Acc: 25.58% | Test Acc: 12.36% | Best: 14.78%
[e12_matched|SGD+WD|cos_shape|wd_sched=linear_up|T=100|lr0=0.1|lam0=0.1359] Epoch 25/100 | Train Loss: 2.8686 | Train Acc: 31.96% | Test Acc: 13.70% | Best: 35.91%
[e12_matched|SGD+WD|cos_shape|wd_sched=linear|T=100|lr0=0.1|lam0=0.05669] Epoch 25/100 | Train Loss: 4.6054 | Train Acc: 0.93% | Test Acc: 1.00% | Best: 4.21%
[e12_matched|SGD+WD|cos_shape|wd_sched=iso_product|T=100|lr0=0.1|lam0=0.01743] Epoch 50/100 | Train Loss: 2.4789 | Train Acc: 40.32% | Test Acc: 11.40% | Best: 27.88%
[e12_matched|SGD+WD|cos_shape|wd_sched=iso_product|T=100|lr0=0.1|lam0=0.02324] Epoch 25/100 | Train Loss: 2.8392 | Train Acc: 30.31% | Test Acc: 14.94% | Best: 19.98%
[e12_matched|SGD+WD|cos_shape|wd_sched=linear_up|T=100|lr0=0.1|lam0=0.1019] Epoch 75/100 | Train Loss: 2.9455 | Train Acc: 34.12% | Test Acc: 12.84% | Best: 36.78%
[e12_matched|SGD+WD|cos_shape|wd_sched=linear|T=100|lr0=0.1|lam0=0.04252] Epoch 75/100 | Train Loss: 1.6224 | Train Acc: 56.85% | Test Acc: 51.16% | Best: 51.16%
[e12_matched|SGD+WD|cos_shape|wd_sched=iso_product|T=100|lr0=0.1|lam0=0.01743] Epoch 75/100 | Train Loss: 3.3791 | Train Acc: 34.01% | Test Acc: 18.35% | Best: 31.69%
[e12_matched|SGD+WD|cos_shape|wd_sched=linear_up|T=100|lr0=0.1|lam0=0.1359] Epoch 50/100 | Train Loss: 3.6585 | Train Acc: 17.75% | Test Acc: 13.36% | Best: 35.91%
[e12_matched|SGD+WD|cos_shape|wd_sched=linear|T=100|lr0=0.1|lam0=0.05669] Epoch 50/100 | Train Loss: 4.6053 | Train Acc: 0.84% | Test Acc: 1.00% | Best: 4.21%
[e12_matched|SGD+WD|cos_shape|wd_sched=iso_product|T=100|lr0=0.1|lam0=0.02324] Epoch 50/100 | Train Loss: 2.9600 | Train Acc: 30.47% | Test Acc: 10.67% | Best: 19.98%
[e12_matched|SGD+WD|cos_shape|wd_sched=linear_up|T=100|lr0=0.1|lam0=0.1019] Epoch 100/100 | Train Loss: 2.3619 | Train Acc: 49.03% | Test Acc: 45.21% | Best: 45.21%
GPU 3: Completed task 6
GPU 3 (Worker 0): Processing task 12
[2026-09-10 04:28:33] [INFO]   [7/21] cosine mom=0.0 wd_sched=linear_up lam0=0.1019 T=100 -> best=45.21 diverged=0 (1311s)
Files already downloaded and verified
Files already downloaded and verified
[e12_matched|SGD+WD|cos_shape|wd_sched=linear_up|T=100|lr0=0.1|lam0=0.2038] start
[e12_matched|SGD+WD|cos_shape|wd_sched=linear|T=100|lr0=0.1|lam0=0.04252] Epoch 100/100 | Train Loss: 0.6332 | Train Acc: 83.12% | Test Acc: 66.24% | Best: 66.26%
GPU 3: Completed task 7
GPU 3 (Worker 1): Processing task 13
[2026-09-10 04:29:07] [INFO]   [8/21] cosine mom=0.0 wd_sched=linear lam0=0.04252 T=100 -> best=66.26 diverged=0 (1309s)
Files already downloaded and verified
Files already downloaded and verified
[e12_matched|SGD+WD|cos_shape|wd_sched=linear|T=100|lr0=0.1|lam0=0.08503] start
[e12_matched|SGD+WD|cos_shape|wd_sched=iso_product|T=100|lr0=0.1|lam0=0.01743] Epoch 100/100 | Train Loss: 4.6055 | Train Acc: 1.00% | Test Acc: 1.00% | Best: 31.69%
GPU 3: Completed task 8
GPU 3 (Worker 2): Processing task 14
[2026-09-10 04:29:18] [INFO]   [9/21] cosine mom=0.0 wd_sched=iso_product lam0=0.01743 T=100 -> best=31.69 diverged=0 (1317s)
Files already downloaded and verified
Files already downloaded and verified
[e12_matched|SGD+WD|cos_shape|wd_sched=iso_product|T=100|lr0=0.1|lam0=0.03485] start
[e12_matched|SGD+WD|cos_shape|wd_sched=linear|T=100|lr0=0.1|lam0=0.05669] Epoch 75/100 | Train Loss: 4.6053 | Train Acc: 0.90% | Test Acc: 1.00% | Best: 4.21%
[e12_matched|SGD+WD|cos_shape|wd_sched=linear_up|T=100|lr0=0.1|lam0=0.1359] Epoch 75/100 | Train Loss: 3.7933 | Train Acc: 18.29% | Test Acc: 16.64% | Best: 35.91%
[e12_matched|SGD+WD|cos_shape|wd_sched=linear_up|T=100|lr0=0.1|lam0=0.2038] Epoch 25/100 | Train Loss: 3.5017 | Train Acc: 19.86% | Test Acc: 7.98% | Best: 28.99%
[e12_matched|SGD+WD|cos_shape|wd_sched=iso_product|T=100|lr0=0.1|lam0=0.02324] Epoch 75/100 | Train Loss: 4.2767 | Train Acc: 13.96% | Test Acc: 7.99% | Best: 22.46%
[e12_matched|SGD+WD|cos_shape|wd_sched=linear|T=100|lr0=0.1|lam0=0.08503] Epoch 25/100 | Train Loss: 4.6053 | Train Acc: 0.94% | Test Acc: 1.00% | Best: 4.04%
[e12_matched|SGD+WD|cos_shape|wd_sched=iso_product|T=100|lr0=0.1|lam0=0.03485] Epoch 25/100 | Train Loss: 3.6272 | Train Acc: 13.83% | Test Acc: 6.75% | Best: 9.36%
[e12_matched|SGD+WD|cos_shape|wd_sched=linear_up|T=100|lr0=0.1|lam0=0.2038] Epoch 50/100 | Train Loss: 4.5306 | Train Acc: 2.61% | Test Acc: 2.84% | Best: 28.99%
[e12_matched|SGD+WD|cos_shape|wd_sched=linear|T=100|lr0=0.1|lam0=0.05669] Epoch 100/100 | Train Loss: 4.6055 | Train Acc: 1.00% | Test Acc: 1.00% | Best: 4.21%
GPU 6: Completed task 10[2026-09-10 04:39:46] [INFO]   [10/21] cosine mom=0.0 wd_sched=linear lam0=0.05669 T=100 -> best=4.21 diverged=0 (1724s)

GPU 6 (Worker 1): Processing task 15
Files already downloaded and verified
Files already downloaded and verified
[e12_matched|SGD+WD|cos_shape|wd_sched=linear_up|T=100|lr0=0.1|lam0=0.3057] start
[e12_matched|SGD+WD|cos_shape|wd_sched=linear_up|T=100|lr0=0.1|lam0=0.1359] Epoch 100/100 | Train Loss: 3.6871 | Train Acc: 21.50% | Test Acc: 20.68% | Best: 35.91%
GPU 6: Completed task 9
GPU 6 (Worker 0): Processing task 16
[2026-09-10 04:40:00] [INFO]   [11/21] cosine mom=0.0 wd_sched=linear_up lam0=0.1359 T=100 -> best=35.91 diverged=0 (1744s)
Files already downloaded and verified
Files already downloaded and verified
[e12_matched|SGD+WD|cos_shape|wd_sched=linear|T=100|lr0=0.1|lam0=0.1276] start
[e12_matched|SGD+WD|cos_shape|wd_sched=linear|T=100|lr0=0.1|lam0=0.08503] Epoch 50/100 | Train Loss: 4.6053 | Train Acc: 0.83% | Test Acc: 1.00% | Best: 4.04%
[e12_matched|SGD+WD|cos_shape|wd_sched=iso_product|T=100|lr0=0.1|lam0=0.03485] Epoch 50/100 | Train Loss: 3.8442 | Train Acc: 12.95% | Test Acc: 8.19% | Best: 11.38%
[e12_matched|SGD+WD|cos_shape|wd_sched=iso_product|T=100|lr0=0.1|lam0=0.02324] Epoch 100/100 | Train Loss: 4.6055 | Train Acc: 0.94% | Test Acc: 1.00% | Best: 22.46%
GPU 6: Completed task 11
GPU 6 (Worker 2): Processing task 17
[2026-09-10 04:41:11] [INFO]   [12/21] cosine mom=0.0 wd_sched=iso_product lam0=0.02324 T=100 -> best=22.46 diverged=0 (1772s)
Files already downloaded and verified
Files already downloaded and verified
[e12_matched|SGD+WD|cos_shape|wd_sched=iso_product|T=100|lr0=0.1|lam0=0.05228] start
[e12_matched|SGD+WD|cos_shape|wd_sched=linear_up|T=100|lr0=0.1|lam0=0.2038] Epoch 75/100 | Train Loss: 4.6053 | Train Acc: 0.91% | Test Acc: 1.00% | Best: 28.99%
[e12_matched|SGD+WD|cos_shape|wd_sched=iso_product|T=100|lr0=0.1|lam0=0.03485] Epoch 75/100 | Train Loss: 4.6053 | Train Acc: 0.90% | Test Acc: 1.00% | Best: 11.38%
[e12_matched|SGD+WD|cos_shape|wd_sched=linear_up|T=100|lr0=0.1|lam0=0.3057] Epoch 25/100 | Train Loss: 4.2627 | Train Acc: 7.56% | Test Acc: 4.06% | Best: 25.53%
[e12_matched|SGD+WD|cos_shape|wd_sched=linear|T=100|lr0=0.1|lam0=0.08503] Epoch 75/100 | Train Loss: 4.6053 | Train Acc: 0.90% | Test Acc: 1.00% | Best: 4.04%
[e12_matched|SGD+WD|cos_shape|wd_sched=linear|T=100|lr0=0.1|lam0=0.1276] Epoch 25/100 | Train Loss: 4.6053 | Train Acc: 0.96% | Test Acc: 1.00% | Best: 2.52%
[e12_matched|SGD+WD|cos_shape|wd_sched=iso_product|T=100|lr0=0.1|lam0=0.05228] Epoch 25/100 | Train Loss: 4.5266 | Train Acc: 1.78% | Test Acc: 1.86% | Best: 4.31%
[e12_matched|SGD+WD|cos_shape|wd_sched=linear_up|T=100|lr0=0.1|lam0=0.2038] Epoch 100/100 | Train Loss: 4.6055 | Train Acc: 1.00% | Test Acc: 1.00% | Best: 28.99%
GPU 3: Completed task 12
GPU 3 (Worker 0): Processing task 18
[2026-09-10 04:50:13] [INFO]   [13/21] cosine mom=0.0 wd_sched=linear_up lam0=0.2038 T=100 -> best=28.99 diverged=0 (1296s)
Files already downloaded and verified
Files already downloaded and verified
[e12_matched|SGD+WD|cos_shape|wd_sched=linear_up|T=100|lr0=0.1|lam0=0.5095] start
[e12_matched|SGD+WD|cos_shape|wd_sched=iso_product|T=100|lr0=0.1|lam0=0.03485] Epoch 100/100 | Train Loss: 4.6055 | Train Acc: 0.96% | Test Acc: 1.00% | Best: 11.38%
GPU 3: Completed task 14
GPU 3 (Worker 2): Processing task 19
[2026-09-10 04:51:21] [INFO]   [14/21] cosine mom=0.0 wd_sched=iso_product lam0=0.03485 T=100 -> best=11.38 diverged=0 (1317s)
Files already downloaded and verified
Files already downloaded and verified
[e12_matched|SGD+WD|cos_shape|wd_sched=linear|T=100|lr0=0.1|lam0=0.2126] start
[e12_matched|SGD+WD|cos_shape|wd_sched=linear|T=100|lr0=0.1|lam0=0.08503] Epoch 100/100 | Train Loss: 4.6055 | Train Acc: 1.00% | Test Acc: 1.00% | Best: 4.04%
GPU 3: Completed task 13
GPU 3 (Worker 1): Processing task 20
[2026-09-10 04:51:41] [INFO]   [15/21] cosine mom=0.0 wd_sched=linear lam0=0.08503 T=100 -> best=4.04 diverged=0 (1350s)
Files already downloaded and verified
Files already downloaded and verified
[e12_matched|SGD+WD|cos_shape|wd_sched=iso_product|T=100|lr0=0.1|lam0=0.08713] start
[e12_matched|SGD+WD|cos_shape|wd_sched=linear_up|T=100|lr0=0.1|lam0=0.3057] Epoch 50/100 | Train Loss: 4.6053 | Train Acc: 0.94% | Test Acc: 1.00% | Best: 25.53%
[e12_matched|SGD+WD|cos_shape|wd_sched=linear|T=100|lr0=0.1|lam0=0.1276] Epoch 50/100 | Train Loss: 4.6053 | Train Acc: 0.86% | Test Acc: 1.00% | Best: 2.52%
[e12_matched|SGD+WD|cos_shape|wd_sched=linear_up|T=100|lr0=0.1|lam0=0.5095] Epoch 25/100 | Train Loss: 4.6023 | Train Acc: 1.81% | Test Acc: 1.01% | Best: 18.47%
[e12_matched|SGD+WD|cos_shape|wd_sched=iso_product|T=100|lr0=0.1|lam0=0.05228] Epoch 50/100 | Train Loss: 4.6053 | Train Acc: 0.89% | Test Acc: 1.00% | Best: 4.31%
[e12_matched|SGD+WD|cos_shape|wd_sched=linear|T=100|lr0=0.1|lam0=0.2126] Epoch 25/100 | Train Loss: 4.6053 | Train Acc: 0.93% | Test Acc: 1.00% | Best: 1.00%
[e12_matched|SGD+WD|cos_shape|wd_sched=iso_product|T=100|lr0=0.1|lam0=0.08713] Epoch 25/100 | Train Loss: 4.6053 | Train Acc: 0.96% | Test Acc: 1.00% | Best: 3.83%
[e12_matched|SGD+WD|cos_shape|wd_sched=linear_up|T=100|lr0=0.1|lam0=0.3057] Epoch 75/100 | Train Loss: 4.6053 | Train Acc: 0.92% | Test Acc: 1.00% | Best: 25.53%
[e12_matched|SGD+WD|cos_shape|wd_sched=linear_up|T=100|lr0=0.1|lam0=0.5095] Epoch 50/100 | Train Loss: 4.6052 | Train Acc: 0.97% | Test Acc: 1.00% | Best: 18.47%
[e12_matched|SGD+WD|cos_shape|wd_sched=linear|T=100|lr0=0.1|lam0=0.1276] Epoch 75/100 | Train Loss: 4.6053 | Train Acc: 0.90% | Test Acc: 1.00% | Best: 2.52%
[e12_matched|SGD+WD|cos_shape|wd_sched=linear|T=100|lr0=0.1|lam0=0.2126] Epoch 50/100 | Train Loss: 4.6053 | Train Acc: 0.90% | Test Acc: 1.00% | Best: 1.00%
[e12_matched|SGD+WD|cos_shape|wd_sched=iso_product|T=100|lr0=0.1|lam0=0.08713] Epoch 50/100 | Train Loss: 4.6052 | Train Acc: 0.93% | Test Acc: 1.00% | Best: 3.83%
[e12_matched|SGD+WD|cos_shape|wd_sched=iso_product|T=100|lr0=0.1|lam0=0.05228] Epoch 75/100 | Train Loss: 4.6053 | Train Acc: 0.92% | Test Acc: 1.00% | Best: 4.31%
[e12_matched|SGD+WD|cos_shape|wd_sched=linear_up|T=100|lr0=0.1|lam0=0.5095] Epoch 75/100 | Train Loss: 4.6054 | Train Acc: 0.88% | Test Acc: 1.00% | Best: 18.47%
[e12_matched|SGD+WD|cos_shape|wd_sched=linear|T=100|lr0=0.1|lam0=0.2126] Epoch 75/100 | Train Loss: 4.6053 | Train Acc: 0.91% | Test Acc: 1.00% | Best: 1.00%
[e12_matched|SGD+WD|cos_shape|wd_sched=linear_up|T=100|lr0=0.1|lam0=0.3057] Epoch 100/100 | Train Loss: 4.6055 | Train Acc: 0.97% | Test Acc: 1.00% | Best: 25.53%
GPU 6: Completed task 15
Worker on GPU 6 finished
[2026-09-10 05:08:29] [INFO]   [16/21] cosine mom=0.0 wd_sched=linear_up lam0=0.3057 T=100 -> best=25.53 diverged=0 (1718s)
[e12_matched|SGD+WD|cos_shape|wd_sched=iso_product|T=100|lr0=0.1|lam0=0.08713] Epoch 75/100 | Train Loss: 4.6054 | Train Acc: 0.89% | Test Acc: 1.00% | Best: 3.83%
[e12_matched|SGD+WD|cos_shape|wd_sched=linear|T=100|lr0=0.1|lam0=0.1276] Epoch 100/100 | Train Loss: 4.6055 | Train Acc: 1.00% | Test Acc: 1.00% | Best: 2.52%
GPU 6: Completed task 16
Worker on GPU 6 finished
[2026-09-10 05:09:32] [INFO]   [17/21] cosine mom=0.0 wd_sched=linear lam0=0.1276 T=100 -> best=2.52 diverged=0 (1765s)
[e12_matched|SGD+WD|cos_shape|wd_sched=iso_product|T=100|lr0=0.1|lam0=0.05228] Epoch 100/100 | Train Loss: 4.6055 | Train Acc: 1.00% | Test Acc: 1.00% | Best: 4.31%
GPU 6: Completed task 17
Worker on GPU 6 finished
[2026-09-10 05:10:49] [INFO]   [18/21] cosine mom=0.0 wd_sched=iso_product lam0=0.05228 T=100 -> best=4.31 diverged=0 (1773s)
[e12_matched|SGD+WD|cos_shape|wd_sched=linear_up|T=100|lr0=0.1|lam0=0.5095] Epoch 100/100 | Train Loss: 4.6055 | Train Acc: 1.00% | Test Acc: 1.00% | Best: 18.47%
GPU 3: Completed task 18
Worker on GPU 3 finished
[2026-09-10 05:11:01] [INFO]   [19/21] cosine mom=0.0 wd_sched=linear_up lam0=0.5095 T=100 -> best=18.47 diverged=0 (1242s)
[e12_matched|SGD+WD|cos_shape|wd_sched=linear|T=100|lr0=0.1|lam0=0.2126] Epoch 100/100 | Train Loss: 4.6055 | Train Acc: 1.00% | Test Acc: 1.00% | Best: 1.00%
GPU 3: Completed task 19
Worker on GPU 3 finished
[2026-09-10 05:13:15] [INFO]   [20/21] cosine mom=0.0 wd_sched=linear lam0=0.2126 T=100 -> best=1.00 diverged=0 (1310s)
[e12_matched|SGD+WD|cos_shape|wd_sched=iso_product|T=100|lr0=0.1|lam0=0.08713] Epoch 100/100 | Train Loss: 4.6055 | Train Acc: 1.00% | Test Acc: 1.00% | Best: 3.83%
GPU 3: Completed task 20
Worker on GPU 3 finished
[2026-09-10 05:13:20] [INFO]   [21/21] cosine mom=0.0 wd_sched=iso_product lam0=0.08713 T=100 -> best=3.83 diverged=0 (1295s)
================================================================================
All workers finished. Completed 21 tasks.
[2026-09-10 05:13:21] [INFO] E8-e12_matched-sgd: finished 21/21 in 88.9 min
