[2026-09-11 15:53:15] [INFO] e12_ms: 2 configs x 3 seeds = 6 runs, gpus=[0, 3], workers_per_gpu=2
[2026-09-11 15:53:15] [INFO] e12_ms: 6 configs, 2 already done, 4 to run
[2026-09-11 15:53:15] [INFO] e12_ms: budget ~4.0 units
GPU Scheduler initialized with GPUs: [0, 3]
  Workers per GPU: 2 (Total workers: 4)
Worker 1 started on GPU 3 (PID: 3787387)
GPU 3 (Worker 1): Processing task 0
Files already downloaded and verified
Files already downloaded and verified
[e12_ms|SGDM+WD|cos_shape|wd_sched=iso_product|T=100|lr0=0.1|lam0=0.0003485] start
Worker 1 started on GPU 0 (PID: 3787383)
GPU 0 (Worker 1): Processing task 1
Files already downloaded and verified
Files already downloaded and verified
[e12_ms|SGDM+WD|cos_shape|wd_sched=iso_product|T=100|lr0=0.1|lam0=0.0003485] start
Worker 0 started on GPU 0 (PID: 3787381)
GPU 0 (Worker 0): Processing task 2
Files already downloaded and verified
Files already downloaded and verified
[e12_ms|SGD+WD|cos_shape|wd_sched=iso_product|T=100|lr0=0.1|lam0=0.002904] start
Worker 0 started on GPU 3 (PID: 3787384)
GPU 3 (Worker 0): Processing task 3
Files already downloaded and verified
Files already downloaded and verified
[e12_ms|SGD+WD|cos_shape|wd_sched=iso_product|T=100|lr0=0.1|lam0=0.002904] start
/home/yzy/Documents/GitHub/wd/wd_core/utils.py:69: FutureWarning: `torch.cuda.amp.autocast(args...)` is deprecated. Please use `torch.amp.autocast('cuda', args...)` instead.
  with autocast():
/home/yzy/Documents/GitHub/wd/wd_core/utils.py:69: FutureWarning: `torch.cuda.amp.autocast(args...)` is deprecated. Please use `torch.amp.autocast('cuda', args...)` instead.
  with autocast():
/home/yzy/Documents/GitHub/wd/wd_core/utils.py:69: FutureWarning: `torch.cuda.amp.autocast(args...)` is deprecated. Please use `torch.amp.autocast('cuda', args...)` instead.
  with autocast():
/home/yzy/Documents/GitHub/wd/wd_core/utils.py:69: FutureWarning: `torch.cuda.amp.autocast(args...)` is deprecated. Please use `torch.amp.autocast('cuda', args...)` instead.
  with autocast():
[e12_ms|SGD+WD|cos_shape|wd_sched=iso_product|T=100|lr0=0.1|lam0=0.002904] Epoch 25/100 | Train Loss: 1.0452 | Train Acc: 70.45% | Test Acc: 47.26% | Best: 58.02%
[e12_ms|SGD+WD|cos_shape|wd_sched=iso_product|T=100|lr0=0.1|lam0=0.002904] Epoch 50/100 | Train Loss: 0.8532 | Train Acc: 76.56% | Test Acc: 55.22% | Best: 58.73%
[e12_ms|SGD+WD|cos_shape|wd_sched=iso_product|T=100|lr0=0.1|lam0=0.002904] Epoch 75/100 | Train Loss: 0.8038 | Train Acc: 82.46% | Test Acc: 49.37% | Best: 61.52%
[e12_ms|SGD+WD|cos_shape|wd_sched=iso_product|T=100|lr0=0.1|lam0=0.002904] Epoch 100/100 | Train Loss: 0.3970 | Train Acc: 99.08% | Test Acc: 79.85% | Best: 79.85%
GPU 3: Completed task 3
Worker on GPU 3 finished

Started 4 workers (2 per GPU) for 4 tasks
================================================================================
[2026-09-11 17:13:50] [INFO]   [1/4] cosine mom=0.0 wd_sched=iso_product lam0=0.002904 T=100 -> best=79.85 diverged=0 (4827s)
[e12_ms|SGDM+WD|cos_shape|wd_sched=iso_product|T=100|lr0=0.1|lam0=0.0003485] Epoch 25/100 | Train Loss: 1.2372 | Train Acc: 64.01% | Test Acc: 54.49% | Best: 55.84%
[e12_ms|SGDM+WD|cos_shape|wd_sched=iso_product|T=100|lr0=0.1|lam0=0.0003485] Epoch 50/100 | Train Loss: 0.9008 | Train Acc: 73.17% | Test Acc: 59.36% | Best: 60.91%
[e12_ms|SGDM+WD|cos_shape|wd_sched=iso_product|T=100|lr0=0.1|lam0=0.0003485] Epoch 75/100 | Train Loss: 0.7563 | Train Acc: 77.83% | Test Acc: 64.18% | Best: 64.23%
[e12_ms|SGDM+WD|cos_shape|wd_sched=iso_product|T=100|lr0=0.1|lam0=0.0003485] Epoch 100/100 | Train Loss: 0.0600 | Train Acc: 99.61% | Test Acc: 78.61% | Best: 78.61%
GPU 3: Completed task 0
Worker on GPU 3 finished
[2026-09-11 17:13:55] [INFO]   [2/4] cosine mom=0.9 wd_sched=iso_product lam0=0.0003485 T=100 -> best=78.61 diverged=0 (4832s)
[2026-09-11 17:31:20] [INFO]   [3/4] cosine mom=0.9 wd_sched=iso_product lam0=0.0003485 T=100 -> best=78.64 diverged=0 (5877s)
[e12_ms|SGDM+WD|cos_shape|wd_sched=iso_product|T=100|lr0=0.1|lam0=0.0003485] Epoch 25/100 | Train Loss: 1.3009 | Train Acc: 62.39% | Test Acc: 51.61% | Best: 54.17%
[e12_ms|SGDM+WD|cos_shape|wd_sched=iso_product|T=100|lr0=0.1|lam0=0.0003485] Epoch 50/100 | Train Loss: 0.9368 | Train Acc: 72.24% | Test Acc: 59.38% | Best: 60.84%
[e12_ms|SGDM+WD|cos_shape|wd_sched=iso_product|T=100|lr0=0.1|lam0=0.0003485] Epoch 75/100 | Train Loss: 0.7855 | Train Acc: 77.11% | Test Acc: 61.96% | Best: 63.20%
[e12_ms|SGDM+WD|cos_shape|wd_sched=iso_product|T=100|lr0=0.1|lam0=0.0003485] Epoch 100/100 | Train Loss: 0.0656 | Train Acc: 99.48% | Test Acc: 78.64% | Best: 78.64%
GPU 0: Completed task 1
Worker on GPU 0 finished
[2026-09-11 17:31:24] [INFO]   [4/4] cosine mom=0.0 wd_sched=iso_product lam0=0.002904 T=100 -> best=79.85 diverged=0 (5881s)
[e12_ms|SGD+WD|cos_shape|wd_sched=iso_product|T=100|lr0=0.1|lam0=0.002904] Epoch 25/100 | Train Loss: 1.0482 | Train Acc: 69.94% | Test Acc: 54.38% | Best: 57.02%
[e12_ms|SGD+WD|cos_shape|wd_sched=iso_product|T=100|lr0=0.1|lam0=0.002904] Epoch 50/100 | Train Loss: 0.8503 | Train Acc: 76.66% | Test Acc: 57.71% | Best: 58.14%
[e12_ms|SGD+WD|cos_shape|wd_sched=iso_product|T=100|lr0=0.1|lam0=0.002904] Epoch 75/100 | Train Loss: 0.8153 | Train Acc: 82.34% | Test Acc: 56.74% | Best: 63.23%
[e12_ms|SGD+WD|cos_shape|wd_sched=iso_product|T=100|lr0=0.1|lam0=0.002904] Epoch 100/100 | Train Loss: 0.4020 | Train Acc: 99.09% | Test Acc: 79.85% | Best: 79.85%
GPU 0: Completed task 2
Worker on GPU 0 finished
================================================================================
All workers finished. Completed 4 tasks.
[2026-09-11 17:31:25] [INFO] e12_ms: finished 4/4 in 98.2 min
[2026-09-16 16:18:35] [INFO] e12_ms: 3 configs x 2 seeds = 6 runs, gpus=[0, 1, 3], workers_per_gpu=3
[2026-09-16 16:18:35] [INFO] e12_ms: 6 configs, 0 already done, 6 to run
[2026-09-16 16:18:35] [INFO] e12_ms: budget ~6.0 units
GPU Scheduler initialized with GPUs: [0, 1, 3]
  Workers per GPU: 3 (Total workers: 9)
Worker 1 started on GPU 0 (PID: 3165543)
Worker on GPU 0 finished
Worker 0 started on GPU 0 (PID: 3165542)
Worker on GPU 0 finished
Worker 0 started on GPU 1 (PID: 3165545)
Worker on GPU 1 finished
Worker 1 started on GPU 1 (PID: 3165546)
GPU 1 (Worker 1): Processing task 4
Files already downloaded and verified
Files already downloaded and verified
[e12_ms|SGD+WD|cos_shape|wd_sched=iso_product|T=100|lr0=0.1|lam0=0.003137] start
Worker 2 started on GPU 1 (PID: 3165547)
GPU 1 (Worker 2): Processing task 2
Files already downloaded and verified
Files already downloaded and verified
[e12_ms|SGD+WD|cos_shape|wd_sched=linear|T=100|lr0=0.1|lam0=0.007653] start
Worker 0 started on GPU 3 (PID: 3165548)
GPU 3 (Worker 0): Processing task 1
Files already downloaded and verified
Files already downloaded and verified
[e12_ms|SGD+WD|cos_shape|wd_sched=linear_up|T=100|lr0=0.1|lam0=0.01834] start
Worker 1 started on GPU 3 (PID: 3165549)
GPU 3 (Worker 1): Processing task 3
Files already downloaded and verified
Files already downloaded and verified
[e12_ms|SGD+WD|cos_shape|wd_sched=linear|T=100|lr0=0.1|lam0=0.007653] start
Worker 2 started on GPU 3 (PID: 3165550)
GPU 3 (Worker 2): Processing task 0
Files already downloaded and verified
Files already downloaded and verified
[e12_ms|SGD+WD|cos_shape|wd_sched=linear_up|T=100|lr0=0.1|lam0=0.01834] start
Worker 2 started on GPU 0 (PID: 3165544)
GPU 0 (Worker 2): Processing task 5
Files already downloaded and verified
Files already downloaded and verified
[e12_ms|SGD+WD|cos_shape|wd_sched=iso_product|T=100|lr0=0.1|lam0=0.003137] start
/home/yzy/Documents/GitHub/wd/wd_core/utils.py:89: FutureWarning: `torch.cuda.amp.autocast(args...)` is deprecated. Please use `torch.amp.autocast('cuda', args...)` instead.
  with autocast():
/home/yzy/Documents/GitHub/wd/wd_core/utils.py:89: FutureWarning: `torch.cuda.amp.autocast(args...)` is deprecated. Please use `torch.amp.autocast('cuda', args...)` instead.
  with autocast():
/home/yzy/Documents/GitHub/wd/wd_core/utils.py:89: FutureWarning: `torch.cuda.amp.autocast(args...)` is deprecated. Please use `torch.amp.autocast('cuda', args...)` instead.
  with autocast():
/home/yzy/Documents/GitHub/wd/wd_core/utils.py:89: FutureWarning: `torch.cuda.amp.autocast(args...)` is deprecated. Please use `torch.amp.autocast('cuda', args...)` instead.
  with autocast():
/home/yzy/Documents/GitHub/wd/wd_core/utils.py:89: FutureWarning: `torch.cuda.amp.autocast(args...)` is deprecated. Please use `torch.amp.autocast('cuda', args...)` instead.
  with autocast():
/home/yzy/Documents/GitHub/wd/wd_core/utils.py:89: FutureWarning: `torch.cuda.amp.autocast(args...)` is deprecated. Please use `torch.amp.autocast('cuda', args...)` instead.
  with autocast():
[e12_ms|SGD+WD|cos_shape|wd_sched=iso_product|T=100|lr0=0.1|lam0=0.003137] Epoch 25/100 | Train Loss: 1.0916 | Train Acc: 68.94% | Test Acc: 44.26% | Best: 56.63%
[e12_ms|SGD+WD|cos_shape|wd_sched=iso_product|T=100|lr0=0.1|lam0=0.003137] Epoch 50/100 | Train Loss: 0.9077 | Train Acc: 75.20% | Test Acc: 58.18% | Best: 58.18%
[e12_ms|SGD+WD|cos_shape|wd_sched=iso_product|T=100|lr0=0.1|lam0=0.003137] Epoch 75/100 | Train Loss: 0.8725 | Train Acc: 81.34% | Test Acc: 50.52% | Best: 61.48%
[e12_ms|SGD+WD|cos_shape|wd_sched=iso_product|T=100|lr0=0.1|lam0=0.003137] Epoch 100/100 | Train Loss: 0.4542 | Train Acc: 98.74% | Test Acc: 80.00% | Best: 80.00%
GPU 0: Completed task 5
Worker on GPU 0 finished

Started 9 workers (3 per GPU) for 6 tasks
================================================================================
[2026-09-16 17:35:44] [INFO]   [1/6] cosine mom=0.0 wd_sched=iso_product lam0=0.003137 T=100 -> best=80.00 diverged=0 (4621s)
[e12_ms|SGD+WD|cos_shape|wd_sched=iso_product|T=100|lr0=0.1|lam0=0.003137] Epoch 25/100 | Train Loss: 1.0833 | Train Acc: 69.30% | Test Acc: 53.56% | Best: 54.08%
[e12_ms|SGD+WD|cos_shape|wd_sched=iso_product|T=100|lr0=0.1|lam0=0.003137] Epoch 50/100 | Train Loss: 0.8997 | Train Acc: 75.54% | Test Acc: 51.46% | Best: 58.19%
[e12_ms|SGD+WD|cos_shape|wd_sched=iso_product|T=100|lr0=0.1|lam0=0.003137] Epoch 75/100 | Train Loss: 0.8674 | Train Acc: 81.53% | Test Acc: 49.51% | Best: 62.80%
[e12_ms|SGD+WD|cos_shape|wd_sched=iso_product|T=100|lr0=0.1|lam0=0.003137] Epoch 100/100 | Train Loss: 0.4487 | Train Acc: 98.76% | Test Acc: 79.38% | Best: 79.42%
GPU 1: Completed task 4
Worker on GPU 1 finished
[2026-09-16 17:39:01] [INFO]   [2/6] cosine mom=0.0 wd_sched=iso_product lam0=0.003137 T=100 -> best=79.42 diverged=0 (4818s)
[e12_ms|SGD+WD|cos_shape|wd_sched=linear|T=100|lr0=0.1|lam0=0.007653] Epoch 25/100 | Train Loss: 1.4070 | Train Acc: 61.43% | Test Acc: 50.16% | Best: 50.16%
[e12_ms|SGD+WD|cos_shape|wd_sched=linear|T=100|lr0=0.1|lam0=0.007653] Epoch 50/100 | Train Loss: 0.8027 | Train Acc: 77.51% | Test Acc: 55.18% | Best: 58.00%
[e12_ms|SGD+WD|cos_shape|wd_sched=linear|T=100|lr0=0.1|lam0=0.007653] Epoch 75/100 | Train Loss: 0.1385 | Train Acc: 96.44% | Test Acc: 75.74% | Best: 75.74%
[e12_ms|SGD+WD|cos_shape|wd_sched=linear|T=100|lr0=0.1|lam0=0.007653] Epoch 100/100 | Train Loss: 0.0181 | Train Acc: 99.89% | Test Acc: 79.33% | Best: 79.62%
GPU 1: Completed task 2
Worker on GPU 1 finished
[2026-09-16 17:39:02] [INFO]   [3/6] cosine mom=0.0 wd_sched=linear lam0=0.007653 T=100 -> best=79.62 diverged=0 (4819s)
[e12_ms|SGD+WD|cos_shape|wd_sched=linear_up|T=100|lr0=0.1|lam0=0.01834] Epoch 25/100 | Train Loss: 1.1119 | Train Acc: 68.42% | Test Acc: 42.56% | Best: 55.64%
[e12_ms|SGD+WD|cos_shape|wd_sched=linear_up|T=100|lr0=0.1|lam0=0.01834] Epoch 50/100 | Train Loss: 1.1924 | Train Acc: 68.72% | Test Acc: 48.64% | Best: 59.21%
[e12_ms|SGD+WD|cos_shape|wd_sched=linear_up|T=100|lr0=0.1|lam0=0.01834] Epoch 75/100 | Train Loss: 0.7672 | Train Acc: 81.78% | Test Acc: 53.53% | Best: 60.91%
[e12_ms|SGD+WD|cos_shape|wd_sched=linear_up|T=100|lr0=0.1|lam0=0.01834] Epoch 100/100 | Train Loss: 0.2037 | Train Acc: 99.50% | Test Acc: 79.69% | Best: 79.86%
GPU 3: Completed task 1
Worker on GPU 3 finished
[2026-09-16 18:51:12] [INFO]   [4/6] cosine mom=0.0 wd_sched=linear_up lam0=0.01834 T=100 -> best=79.86 diverged=0 (9149s)
[e12_ms|SGD+WD|cos_shape|wd_sched=linear_up|T=100|lr0=0.1|lam0=0.01834] Epoch 25/100 | Train Loss: 1.1020 | Train Acc: 68.81% | Test Acc: 50.65% | Best: 56.30%
[e12_ms|SGD+WD|cos_shape|wd_sched=linear_up|T=100|lr0=0.1|lam0=0.01834] Epoch 50/100 | Train Loss: 1.1877 | Train Acc: 68.86% | Test Acc: 45.97% | Best: 56.30%
[e12_ms|SGD+WD|cos_shape|wd_sched=linear_up|T=100|lr0=0.1|lam0=0.01834] Epoch 75/100 | Train Loss: 0.7673 | Train Acc: 81.99% | Test Acc: 65.17% | Best: 65.17%
[e12_ms|SGD+WD|cos_shape|wd_sched=linear_up|T=100|lr0=0.1|lam0=0.01834] Epoch 100/100 | Train Loss: 0.2004 | Train Acc: 99.53% | Test Acc: 79.64% | Best: 79.92%
GPU 3: Completed task 0
Worker on GPU 3 finished
[2026-09-16 18:51:16] [INFO]   [5/6] cosine mom=0.0 wd_sched=linear_up lam0=0.01834 T=100 -> best=79.92 diverged=0 (9152s)
[e12_ms|SGD+WD|cos_shape|wd_sched=linear|T=100|lr0=0.1|lam0=0.007653] Epoch 25/100 | Train Loss: 1.4042 | Train Acc: 61.33% | Test Acc: 41.75% | Best: 47.73%
[e12_ms|SGD+WD|cos_shape|wd_sched=linear|T=100|lr0=0.1|lam0=0.007653] Epoch 50/100 | Train Loss: 0.8192 | Train Acc: 76.62% | Test Acc: 56.90% | Best: 57.54%
[e12_ms|SGD+WD|cos_shape|wd_sched=linear|T=100|lr0=0.1|lam0=0.007653] Epoch 75/100 | Train Loss: 0.1319 | Train Acc: 96.67% | Test Acc: 75.32% | Best: 75.32%
[e12_ms|SGD+WD|cos_shape|wd_sched=linear|T=100|lr0=0.1|lam0=0.007653] Epoch 100/100 | Train Loss: 0.0182 | Train Acc: 99.91% | Test Acc: 79.56% | Best: 79.56%
GPU 3: Completed task 3
Worker on GPU 3 finished
[2026-09-16 18:51:18] [INFO]   [6/6] cosine mom=0.0 wd_sched=linear lam0=0.007653 T=100 -> best=79.56 diverged=0 (9155s)
================================================================================
All workers finished. Completed 6 tasks.
[2026-09-16 18:51:19] [INFO] e12_ms: finished 6/6 in 152.7 min
