[2026-09-13 06:43:18] [INFO] e12_ms: 73 configs x 1 seeds = 73 runs, gpus=[0, 2, 3], workers_per_gpu=3
[2026-09-13 06:43:18] [INFO] e12_ms: 73 configs, 6 already done, 67 to run
[2026-09-13 06:43:18] [INFO] e12_ms: budget ~67.0 units
GPU Scheduler initialized with GPUs: [0, 2, 3]
  Workers per GPU: 3 (Total workers: 9)
Worker 2 started on GPU 3 (PID: 1876870)
GPU 3 (Worker 2): Processing task 2
Files already downloaded and verified
Files already downloaded and verified
[e12_fill|SGDM+WD|cosine|wd_sched=fixed|T=100|lr0=0.1|lam0=0.0006] start
Worker 0 started on GPU 0 (PID: 1876862)
GPU 0 (Worker 0): Processing task 4
Files already downloaded and verified
Files already downloaded and verified
[e12_fill|SGDM+WD|cosine|wd_sched=fixed|T=100|lr0=0.1|lam0=0.0008] start
Worker 2 started on GPU 0 (PID: 1876864)
GPU 0 (Worker 2): Processing task 1
Files already downloaded and verified
Files already downloaded and verified
[e12_fill|SGDM+WD|cosine|wd_sched=fixed|T=100|lr0=0.1|lam0=0.0005] start
Worker 2 started on GPU 2 (PID: 1876867)
GPU 2 (Worker 2): Processing task 0
Files already downloaded and verified
Files already downloaded and verified
[e12_fill|SGDM+WD|cosine|wd_sched=fixed|T=100|lr0=0.1|lam0=0.0001] start
Worker 0 started on GPU 3 (PID: 1876868)
GPU 3 (Worker 0): Processing task 3
Files already downloaded and verified
Files already downloaded and verified
[e12_fill|SGDM+WD|cosine|wd_sched=fixed|T=100|lr0=0.1|lam0=0.0007] start
Worker 1 started on GPU 3 (PID: 1876869)
GPU 3 (Worker 1): Processing task 6
Files already downloaded and verified
Files already downloaded and verified
[e12_fill|SGDM+WD|cosine|wd_sched=fixed|T=100|lr0=0.1|lam0=0.00105] start
Worker 1 started on GPU 2 (PID: 1876866)
GPU 2 (Worker 1): Processing task 7
Files already downloaded and verified
Files already downloaded and verified
[e12_fill|SGDM+WD|cosine|wd_sched=fixed|T=100|lr0=0.1|lam0=0.0011] start
Worker 1 started on GPU 0 (PID: 1876863)
GPU 0 (Worker 1): Processing task 8
Files already downloaded and verified
Files already downloaded and verified
[e12_fill|SGDM+WD|cosine|wd_sched=fixed|T=100|lr0=0.1|lam0=0.0013] start
Worker 0 started on GPU 2 (PID: 1876865)
GPU 2 (Worker 0): Processing task 5
Files already downloaded and verified
Files already downloaded and verified
[e12_fill|SGDM+WD|cosine|wd_sched=fixed|T=100|lr0=0.1|lam0=0.001] start
/home/yzy/Documents/GitHub/wd/wd_core/utils.py:69: FutureWarning: `torch.cuda.amp.autocast(args...)` is deprecated. Please use `torch.amp.autocast('cuda', args...)` instead.
  with autocast():
/home/yzy/Documents/GitHub/wd/wd_core/utils.py:69: FutureWarning: `torch.cuda.amp.autocast(args...)` is deprecated. Please use `torch.amp.autocast('cuda', args...)` instead.
  with autocast():
/home/yzy/Documents/GitHub/wd/wd_core/utils.py:69: FutureWarning: `torch.cuda.amp.autocast(args...)` is deprecated. Please use `torch.amp.autocast('cuda', args...)` instead.
  with autocast():
/home/yzy/Documents/GitHub/wd/wd_core/utils.py:69: FutureWarning: `torch.cuda.amp.autocast(args...)` is deprecated. Please use `torch.amp.autocast('cuda', args...)` instead.
  with autocast():
/home/yzy/Documents/GitHub/wd/wd_core/utils.py:69: FutureWarning: `torch.cuda.amp.autocast(args...)` is deprecated. Please use `torch.amp.autocast('cuda', args...)` instead.
  with autocast():
/home/yzy/Documents/GitHub/wd/wd_core/utils.py:69: FutureWarning: `torch.cuda.amp.autocast(args...)` is deprecated. Please use `torch.amp.autocast('cuda', args...)` instead.
  with autocast():
/home/yzy/Documents/GitHub/wd/wd_core/utils.py:69: FutureWarning: `torch.cuda.amp.autocast(args...)` is deprecated. Please use `torch.amp.autocast('cuda', args...)` instead.
  with autocast():
/home/yzy/Documents/GitHub/wd/wd_core/utils.py:69: FutureWarning: `torch.cuda.amp.autocast(args...)` is deprecated. Please use `torch.amp.autocast('cuda', args...)` instead.
  with autocast():
/home/yzy/Documents/GitHub/wd/wd_core/utils.py:69: FutureWarning: `torch.cuda.amp.autocast(args...)` is deprecated. Please use `torch.amp.autocast('cuda', args...)` instead.
  with autocast():

Started 9 workers (3 per GPU) for 67 tasks
================================================================================
[2026-09-13 07:16:54] [INFO]   [1/67] cosine mom=0.9 wd_sched=fixed lam0=0.0011 T=100 -> best=77.33 diverged=0 (2009s)
[e12_fill|SGDM+WD|cosine|wd_sched=fixed|T=100|lr0=0.1|lam0=0.0011] Epoch 25/100 | Train Loss: 1.5111 | Train Acc: 57.66% | Test Acc: 49.09% | Best: 51.32%
[e12_fill|SGDM+WD|cosine|wd_sched=fixed|T=100|lr0=0.1|lam0=0.0011] Epoch 50/100 | Train Loss: 1.1297 | Train Acc: 67.49% | Test Acc: 56.51% | Best: 57.65%
[e12_fill|SGDM+WD|cosine|wd_sched=fixed|T=100|lr0=0.1|lam0=0.0011] Epoch 75/100 | Train Loss: 0.4059 | Train Acc: 87.96% | Test Acc: 68.98% | Best: 68.98%
[e12_fill|SGDM+WD|cosine|wd_sched=fixed|T=100|lr0=0.1|lam0=0.0011] Epoch 100/100 | Train Loss: 0.0230 | Train Acc: 99.91% | Test Acc: 77.33% | Best: 77.33%
GPU 2: Completed task 7
GPU 2 (Worker 1): Processing task 9
Files already downloaded and verified
Files already downloaded and verified
[e12_fill|SGDM+WD|cosine|wd_sched=fixed|T=100|lr0=0.1|lam0=0.002] start
[2026-09-13 07:17:00] [INFO]   [2/67] cosine mom=0.9 wd_sched=fixed lam0=0.0008 T=100 -> best=76.65 diverged=0 (2015s)
[2026-09-13 07:17:01] [INFO]   [3/67] cosine mom=0.9 wd_sched=fixed lam0=0.0001 T=100 -> best=74.33 diverged=0 (2016s)
[2026-09-13 07:17:01] [INFO]   [4/67] cosine mom=0.9 wd_sched=fixed lam0=0.001 T=100 -> best=77.54 diverged=0 (2016s)
[e12_fill|SGDM+WD|cosine|wd_sched=fixed|T=100|lr0=0.1|lam0=0.0008] Epoch 25/100 | Train Loss: 1.3394 | Train Acc: 61.97% | Test Acc: 52.76% | Best: 55.80%
[e12_fill|SGDM+WD|cosine|wd_sched=fixed|T=100|lr0=0.1|lam0=0.0008] Epoch 50/100 | Train Loss: 0.9254 | Train Acc: 72.84% | Test Acc: 59.19% | Best: 60.74%
[e12_fill|SGDM+WD|cosine|wd_sched=fixed|T=100|lr0=0.1|lam0=0.0008] Epoch 75/100 | Train Loss: 0.2251 | Train Acc: 93.48% | Test Acc: 69.83% | Best: 69.83%
[e12_fill|SGDM+WD|cosine|wd_sched=fixed|T=100|lr0=0.1|lam0=0.0008] Epoch 100/100 | Train Loss: 0.0167 | Train Acc: 99.95% | Test Acc: 76.65% | Best: 76.65%
GPU 0: Completed task 4
GPU 0 (Worker 0): Processing task 10
Files already downloaded and verified
Files already downloaded and verified
[e12_fill|SGDM+WD|cosine|wd_sched=fixed|T=100|lr0=0.1|lam0=0.003] start
[2026-09-13 07:17:02] [INFO]   [5/67] cosine mom=0.9 wd_sched=fixed lam0=0.0013 T=100 -> best=77.38 diverged=0 (2017s)
[2026-09-13 07:17:02] [INFO]   [6/67] cosine mom=0.9 wd_sched=fixed lam0=0.0005 T=100 -> best=76.76 diverged=0 (2017s)
[e12_fill|SGDM+WD|cosine|wd_sched=fixed|T=100|lr0=0.1|lam0=0.0001] Epoch 25/100 | Train Loss: 0.4634 | Train Acc: 85.07% | Test Acc: 64.69% | Best: 64.69%
[e12_fill|SGDM+WD|cosine|wd_sched=fixed|T=100|lr0=0.1|lam0=0.0001] Epoch 50/100 | Train Loss: 0.0695 | Train Acc: 98.08% | Test Acc: 69.05% | Best: 69.05%
[e12_fill|SGDM+WD|cosine|wd_sched=fixed|T=100|lr0=0.1|lam0=0.0001] Epoch 75/100 | Train Loss: 0.0055 | Train Acc: 99.95% | Test Acc: 73.67% | Best: 73.84%
[e12_fill|SGDM+WD|cosine|wd_sched=fixed|T=100|lr0=0.1|lam0=0.0001] Epoch 100/100 | Train Loss: 0.0044 | Train Acc: 99.97% | Test Acc: 74.33% | Best: 74.33%
GPU 2: Completed task 0
GPU 2 (Worker 2): Processing task 11
Files already downloaded and verified
Files already downloaded and verified
[e12_fill|SGDM+WD|cosine|wd_sched=fixed|T=100|lr0=0.1|lam0=0.005] start
[e12_fill|SGDM+WD|cosine|wd_sched=fixed|T=100|lr0=0.1|lam0=0.001] Epoch 25/100 | Train Loss: 1.4525 | Train Acc: 59.10% | Test Acc: 53.31% | Best: 53.31%
[e12_fill|SGDM+WD|cosine|wd_sched=fixed|T=100|lr0=0.1|lam0=0.001] Epoch 50/100 | Train Loss: 1.0600 | Train Acc: 69.16% | Test Acc: 57.26% | Best: 60.90%
[e12_fill|SGDM+WD|cosine|wd_sched=fixed|T=100|lr0=0.1|lam0=0.001] Epoch 75/100 | Train Loss: 0.3435 | Train Acc: 90.01% | Test Acc: 69.16% | Best: 69.44%
[e12_fill|SGDM+WD|cosine|wd_sched=fixed|T=100|lr0=0.1|lam0=0.001] Epoch 100/100 | Train Loss: 0.0206 | Train Acc: 99.95% | Test Acc: 77.54% | Best: 77.54%
GPU 2: Completed task 5
GPU 2 (Worker 0): Processing task 12
Files already downloaded and verified
Files already downloaded and verified
[e12_fill|SGD+WD|cosine|wd_sched=fixed|T=100|lr0=0.1|lam0=0.003] start
[e12_fill|SGDM+WD|cosine|wd_sched=fixed|T=100|lr0=0.1|lam0=0.0013] Epoch 25/100 | Train Loss: 1.6145 | Train Acc: 55.04% | Test Acc: 44.24% | Best: 48.13%
[e12_fill|SGDM+WD|cosine|wd_sched=fixed|T=100|lr0=0.1|lam0=0.0013] Epoch 50/100 | Train Loss: 1.2391 | Train Acc: 64.86% | Test Acc: 51.20% | Best: 54.46%
[e12_fill|SGDM+WD|cosine|wd_sched=fixed|T=100|lr0=0.1|lam0=0.0013] Epoch 75/100 | Train Loss: 0.5168 | Train Acc: 84.60% | Test Acc: 68.13% | Best: 68.13%
[e12_fill|SGDM+WD|cosine|wd_sched=fixed|T=100|lr0=0.1|lam0=0.0013] Epoch 100/100 | Train Loss: 0.0288 | Train Acc: 99.90% | Test Acc: 77.38% | Best: 77.38%
GPU 0: Completed task 8
GPU 0 (Worker 1): Processing task 13
Files already downloaded and verified
Files already downloaded and verified
[e12_fill|SGD+WD|cosine|wd_sched=fixed|T=100|lr0=0.1|lam0=0.004] start
[e12_fill|SGDM+WD|cosine|wd_sched=fixed|T=100|lr0=0.1|lam0=0.0005] Epoch 25/100 | Train Loss: 1.0708 | Train Acc: 68.63% | Test Acc: 58.32% | Best: 58.32%
[e12_fill|SGDM+WD|cosine|wd_sched=fixed|T=100|lr0=0.1|lam0=0.0005] Epoch 50/100 | Train Loss: 0.6201 | Train Acc: 80.91% | Test Acc: 62.38% | Best: 62.64%
[e12_fill|SGDM+WD|cosine|wd_sched=fixed|T=100|lr0=0.1|lam0=0.0005] Epoch 75/100 | Train Loss: 0.0583 | Train Acc: 98.86% | Test Acc: 73.59% | Best: 73.59%
[e12_fill|SGDM+WD|cosine|wd_sched=fixed|T=100|lr0=0.1|lam0=0.0005] Epoch 100/100 | Train Loss: 0.0109 | Train Acc: 99.97% | Test Acc: 76.65% | Best: 76.76%
GPU 0: Completed task 1
GPU 0 (Worker 2): Processing task 14
Files already downloaded and verified
Files already downloaded and verified
[e12_fill|SGD+WD|cosine|wd_sched=fixed|T=100|lr0=0.1|lam0=0.006] start
[2026-09-13 07:17:12] [INFO]   [7/67] cosine mom=0.9 wd_sched=fixed lam0=0.0006 T=100 -> best=77.51 diverged=0 (2028s)
[e12_fill|SGDM+WD|cosine|wd_sched=fixed|T=100|lr0=0.1|lam0=0.0006] Epoch 25/100 | Train Loss: 1.1658 | Train Acc: 66.16% | Test Acc: 55.54% | Best: 58.40%
[e12_fill|SGDM+WD|cosine|wd_sched=fixed|T=100|lr0=0.1|lam0=0.0006] Epoch 50/100 | Train Loss: 0.7405 | Train Acc: 77.56% | Test Acc: 62.13% | Best: 62.63%
[e12_fill|SGDM+WD|cosine|wd_sched=fixed|T=100|lr0=0.1|lam0=0.0006] Epoch 75/100 | Train Loss: 0.1029 | Train Acc: 97.52% | Test Acc: 72.75% | Best: 72.75%
[e12_fill|SGDM+WD|cosine|wd_sched=fixed|T=100|lr0=0.1|lam0=0.0006] Epoch 100/100 | Train Loss: 0.0126 | Train Acc: 99.96% | Test Acc: 77.22% | Best: 77.51%
GPU 3: Completed task 2
GPU 3 (Worker 2): Processing task 15
Files already downloaded and verified
Files already downloaded and verified
[e12_fill|SGD+WD|cosine|wd_sched=fixed|T=100|lr0=0.1|lam0=0.0075] start
[2026-09-13 07:17:18] [INFO]   [8/67] cosine mom=0.9 wd_sched=fixed lam0=0.0007 T=100 -> best=77.48 diverged=0 (2033s)
[2026-09-13 07:17:18] [INFO]   [9/67] cosine mom=0.9 wd_sched=fixed lam0=0.00105 T=100 -> best=77.69 diverged=0 (2033s)
[e12_fill|SGDM+WD|cosine|wd_sched=fixed|T=100|lr0=0.1|lam0=0.0007] Epoch 25/100 | Train Loss: 1.2485 | Train Acc: 64.22% | Test Acc: 54.83% | Best: 55.44%
[e12_fill|SGDM+WD|cosine|wd_sched=fixed|T=100|lr0=0.1|lam0=0.0007] Epoch 50/100 | Train Loss: 0.8290 | Train Acc: 75.43% | Test Acc: 61.39% | Best: 61.83%
[e12_fill|SGDM+WD|cosine|wd_sched=fixed|T=100|lr0=0.1|lam0=0.0007] Epoch 75/100 | Train Loss: 0.1639 | Train Acc: 95.45% | Test Acc: 71.02% | Best: 71.12%
[e12_fill|SGDM+WD|cosine|wd_sched=fixed|T=100|lr0=0.1|lam0=0.0007] Epoch 100/100 | Train Loss: 0.0146 | Train Acc: 99.95% | Test Acc: 77.34% | Best: 77.48%
GPU 3: Completed task 3
GPU 3 (Worker 0): Processing task 16
Files already downloaded and verified
Files already downloaded and verified
[e12_fill|SGD+WD|cosine|wd_sched=fixed|T=100|lr0=0.1|lam0=0.01] start
[e12_fill|SGDM+WD|cosine|wd_sched=fixed|T=100|lr0=0.1|lam0=0.00105] Epoch 25/100 | Train Loss: 1.4879 | Train Acc: 58.20% | Test Acc: 52.03% | Best: 52.03%
[e12_fill|SGDM+WD|cosine|wd_sched=fixed|T=100|lr0=0.1|lam0=0.00105] Epoch 50/100 | Train Loss: 1.0952 | Train Acc: 68.50% | Test Acc: 57.08% | Best: 58.65%
[e12_fill|SGDM+WD|cosine|wd_sched=fixed|T=100|lr0=0.1|lam0=0.00105] Epoch 75/100 | Train Loss: 0.3826 | Train Acc: 88.59% | Test Acc: 68.93% | Best: 68.93%
[e12_fill|SGDM+WD|cosine|wd_sched=fixed|T=100|lr0=0.1|lam0=0.00105] Epoch 100/100 | Train Loss: 0.0223 | Train Acc: 99.92% | Test Acc: 77.69% | Best: 77.69%
GPU 3: Completed task 6
GPU 3 (Worker 1): Processing task 17
Files already downloaded and verified
Files already downloaded and verified
[e12_fill|SGD+WD|cosine|wd_sched=fixed|T=100|lr0=0.1|lam0=0.02] start
[2026-09-13 07:49:53] [INFO]   [10/67] cosine mom=0.9 wd_sched=fixed lam0=0.002 T=100 -> best=76.05 diverged=0 (1976s)
[e12_fill|SGDM+WD|cosine|wd_sched=fixed|T=100|lr0=0.1|lam0=0.002] Epoch 25/100 | Train Loss: 1.9272 | Train Acc: 47.63% | Test Acc: 33.93% | Best: 39.76%
[e12_fill|SGDM+WD|cosine|wd_sched=fixed|T=100|lr0=0.1|lam0=0.002] Epoch 50/100 | Train Loss: 1.5612 | Train Acc: 56.59% | Test Acc: 45.55% | Best: 48.30%
[e12_fill|SGDM+WD|cosine|wd_sched=fixed|T=100|lr0=0.1|lam0=0.002] Epoch 75/100 | Train Loss: 0.8606 | Train Acc: 75.27% | Test Acc: 63.99% | Best: 63.99%
[e12_fill|SGDM+WD|cosine|wd_sched=fixed|T=100|lr0=0.1|lam0=0.002] Epoch 100/100 | Train Loss: 0.0632 | Train Acc: 99.51% | Test Acc: 76.05% | Best: 76.05%
GPU 2: Completed task 9
GPU 2 (Worker 1): Processing task 18
Files already downloaded and verified
Files already downloaded and verified
[e12_fill|SGDM+WD|cosine|wd_sched=fixed|T=100|lr0=0.1|lam0=0.0007] start
[2026-09-13 07:50:01] [INFO]   [11/67] cosine mom=0.9 wd_sched=fixed lam0=0.003 T=100 -> best=73.96 diverged=0 (1978s)
[2026-09-13 07:50:03] [INFO]   [12/67] cosine mom=0.0 wd_sched=fixed lam0=0.003 T=100 -> best=77.65 diverged=0 (1979s)
[e12_fill|SGDM+WD|cosine|wd_sched=fixed|T=100|lr0=0.1|lam0=0.003] Epoch 25/100 | Train Loss: 2.2454 | Train Acc: 40.21% | Test Acc: 27.18% | Best: 33.79%
[e12_fill|SGDM+WD|cosine|wd_sched=fixed|T=100|lr0=0.1|lam0=0.003] Epoch 50/100 | Train Loss: 1.8989 | Train Acc: 48.37% | Test Acc: 39.45% | Best: 41.95%
[e12_fill|SGDM+WD|cosine|wd_sched=fixed|T=100|lr0=0.1|lam0=0.003] Epoch 75/100 | Train Loss: 1.2573 | Train Acc: 64.63% | Test Acc: 56.21% | Best: 56.21%
[e12_fill|SGDM+WD|cosine|wd_sched=fixed|T=100|lr0=0.1|lam0=0.003] Epoch 100/100 | Train Loss: 0.2805 | Train Acc: 93.76% | Test Acc: 73.83% | Best: 73.96%
GPU 0: Completed task 10
GPU 0 (Worker 0): Processing task 19
Files already downloaded and verified
Files already downloaded and verified
[e12_fill|SGDM+WD|cosine|wd_sched=fixed|T=100|lr0=0.1|lam0=0.0008] start
[2026-09-13 07:50:04] [INFO]   [13/67] cosine mom=0.9 wd_sched=fixed lam0=0.005 T=100 -> best=68.55 diverged=0 (1980s)
[e12_fill|SGD+WD|cosine|wd_sched=fixed|T=100|lr0=0.1|lam0=0.003] Epoch 25/100 | Train Loss: 0.9041 | Train Acc: 74.12% | Test Acc: 52.69% | Best: 55.68%
[e12_fill|SGD+WD|cosine|wd_sched=fixed|T=100|lr0=0.1|lam0=0.003] Epoch 50/100 | Train Loss: 0.4972 | Train Acc: 86.09% | Test Acc: 60.73% | Best: 63.59%
[e12_fill|SGD+WD|cosine|wd_sched=fixed|T=100|lr0=0.1|lam0=0.003] Epoch 75/100 | Train Loss: 0.0746 | Train Acc: 99.15% | Test Acc: 75.22% | Best: 75.22%
[e12_fill|SGD+WD|cosine|wd_sched=fixed|T=100|lr0=0.1|lam0=0.003] Epoch 100/100 | Train Loss: 0.0359 | Train Acc: 99.95% | Test Acc: 77.41% | Best: 77.65%
GPU 2: Completed task 12
GPU 2 (Worker 0): Processing task 20
Files already downloaded and verified
Files already downloaded and verified
[e12_fill|SGDM+WD|cosine|wd_sched=fixed|T=100|lr0=0.1|lam0=0.0009] start
[e12_fill|SGDM+WD|cosine|wd_sched=fixed|T=100|lr0=0.1|lam0=0.005] Epoch 25/100 | Train Loss: 2.7684 | Train Acc: 28.83% | Test Acc: 19.00% | Best: 22.99%
[e12_fill|SGDM+WD|cosine|wd_sched=fixed|T=100|lr0=0.1|lam0=0.005] Epoch 50/100 | Train Loss: 2.4229 | Train Acc: 36.33% | Test Acc: 23.43% | Best: 26.34%
[e12_fill|SGDM+WD|cosine|wd_sched=fixed|T=100|lr0=0.1|lam0=0.005] Epoch 75/100 | Train Loss: 1.7963 | Train Acc: 51.45% | Test Acc: 43.22% | Best: 43.22%
[e12_fill|SGDM+WD|cosine|wd_sched=fixed|T=100|lr0=0.1|lam0=0.005] Epoch 100/100 | Train Loss: 0.8198 | Train Acc: 78.28% | Test Acc: 68.28% | Best: 68.55%
GPU 2: Completed task 11
GPU 2 (Worker 2): Processing task 21
Files already downloaded and verified
Files already downloaded and verified
[e12_fill|SGDM+WD|cosine|wd_sched=fixed|T=100|lr0=0.1|lam0=0.00105] start
[2026-09-13 07:50:09] [INFO]   [14/67] cosine mom=0.0 wd_sched=fixed lam0=0.004 T=100 -> best=77.77 diverged=0 (1984s)
[2026-09-13 07:50:10] [INFO]   [15/67] cosine mom=0.0 wd_sched=fixed lam0=0.006 T=100 -> best=78.16 diverged=0 (1984s)
[e12_fill|SGD+WD|cosine|wd_sched=fixed|T=100|lr0=0.1|lam0=0.004] Epoch 25/100 | Train Loss: 1.0283 | Train Acc: 71.06% | Test Acc: 46.21% | Best: 53.99%
[e12_fill|SGD+WD|cosine|wd_sched=fixed|T=100|lr0=0.1|lam0=0.004] Epoch 50/100 | Train Loss: 0.6397 | Train Acc: 82.18% | Test Acc: 62.43% | Best: 62.43%
[e12_fill|SGD+WD|cosine|wd_sched=fixed|T=100|lr0=0.1|lam0=0.004] Epoch 75/100 | Train Loss: 0.1289 | Train Acc: 97.93% | Test Acc: 72.85% | Best: 72.85%
[e12_fill|SGD+WD|cosine|wd_sched=fixed|T=100|lr0=0.1|lam0=0.004] Epoch 100/100 | Train Loss: 0.0465 | Train Acc: 99.93% | Test Acc: 77.66% | Best: 77.77%
GPU 0: Completed task 13
GPU 0 (Worker 1): Processing task 22
Files already downloaded and verified
Files already downloaded and verified
[e12_fill|SGDM+WD|cosine|wd_sched=fixed|T=100|lr0=0.1|lam0=0.0011] start
[e12_fill|SGD+WD|cosine|wd_sched=fixed|T=100|lr0=0.1|lam0=0.006] Epoch 25/100 | Train Loss: 1.2313 | Train Acc: 66.51% | Test Acc: 45.73% | Best: 47.08%
[e12_fill|SGD+WD|cosine|wd_sched=fixed|T=100|lr0=0.1|lam0=0.006] Epoch 50/100 | Train Loss: 0.8631 | Train Acc: 76.54% | Test Acc: 60.45% | Best: 60.45%
[e12_fill|SGD+WD|cosine|wd_sched=fixed|T=100|lr0=0.1|lam0=0.006] Epoch 75/100 | Train Loss: 0.2813 | Train Acc: 94.04% | Test Acc: 67.61% | Best: 69.87%
[e12_fill|SGD+WD|cosine|wd_sched=fixed|T=100|lr0=0.1|lam0=0.006] Epoch 100/100 | Train Loss: 0.0688 | Train Acc: 99.89% | Test Acc: 78.08% | Best: 78.16%
GPU 0: Completed task 14
GPU 0 (Worker 2): Processing task 23
Files already downloaded and verified
Files already downloaded and verified
[e12_fill|SGDM+WD|cosine|wd_sched=fixed|T=100|lr0=0.1|lam0=0.0012] start
[2026-09-13 07:50:18] [INFO]   [16/67] cosine mom=0.0 wd_sched=fixed lam0=0.0075 T=100 -> best=78.20 diverged=0 (1982s)
[e12_fill|SGD+WD|cosine|wd_sched=fixed|T=100|lr0=0.1|lam0=0.0075] Epoch 25/100 | Train Loss: 1.3685 | Train Acc: 63.29% | Test Acc: 38.75% | Best: 47.75%
[e12_fill|SGD+WD|cosine|wd_sched=fixed|T=100|lr0=0.1|lam0=0.0075] Epoch 50/100 | Train Loss: 0.9986 | Train Acc: 73.40% | Test Acc: 49.09% | Best: 55.28%
[e12_fill|SGD+WD|cosine|wd_sched=fixed|T=100|lr0=0.1|lam0=0.0075] Epoch 75/100 | Train Loss: 0.4082 | Train Acc: 90.69% | Test Acc: 65.67% | Best: 68.63%
[e12_fill|SGD+WD|cosine|wd_sched=fixed|T=100|lr0=0.1|lam0=0.0075] Epoch 100/100 | Train Loss: 0.0892 | Train Acc: 99.87% | Test Acc: 78.01% | Best: 78.20%
GPU 3: Completed task 15
GPU 3 (Worker 2): Processing task 24
Files already downloaded and verified
Files already downloaded and verified
[e12_fill|SGDM+WD|cosine|wd_sched=fixed|T=100|lr0=0.1|lam0=0.0013] start
[2026-09-13 07:50:27] [INFO]   [17/67] cosine mom=0.0 wd_sched=fixed lam0=0.01 T=100 -> best=77.60 diverged=0 (1986s)
[2026-09-13 07:50:28] [INFO]   [18/67] cosine mom=0.0 wd_sched=fixed lam0=0.02 T=100 -> best=76.57 diverged=0 (1986s)
[e12_fill|SGD+WD|cosine|wd_sched=fixed|T=100|lr0=0.1|lam0=0.01] Epoch 25/100 | Train Loss: 1.5615 | Train Acc: 59.06% | Test Acc: 28.17% | Best: 39.12%
[e12_fill|SGD+WD|cosine|wd_sched=fixed|T=100|lr0=0.1|lam0=0.01] Epoch 50/100 | Train Loss: 1.2026 | Train Acc: 68.69% | Test Acc: 48.57% | Best: 52.55%
[e12_fill|SGD+WD|cosine|wd_sched=fixed|T=100|lr0=0.1|lam0=0.01] Epoch 75/100 | Train Loss: 0.5895 | Train Acc: 85.97% | Test Acc: 62.64% | Best: 65.11%
[e12_fill|SGD+WD|cosine|wd_sched=fixed|T=100|lr0=0.1|lam0=0.01] Epoch 100/100 | Train Loss: 0.1287 | Train Acc: 99.63% | Test Acc: 77.48% | Best: 77.60%
GPU 3: Completed task 16
GPU 3 (Worker 0): Processing task 25
Files already downloaded and verified
Files already downloaded and verified
[e12_fill|SGD+WD|cosine|wd_sched=fixed|T=100|lr0=0.1|lam0=0.004] start
[e12_fill|SGD+WD|cosine|wd_sched=fixed|T=100|lr0=0.1|lam0=0.02] Epoch 25/100 | Train Loss: 2.2120 | Train Acc: 45.14% | Test Acc: 22.40% | Best: 30.08%
[e12_fill|SGD+WD|cosine|wd_sched=fixed|T=100|lr0=0.1|lam0=0.02] Epoch 50/100 | Train Loss: 1.8370 | Train Acc: 54.53% | Test Acc: 39.39% | Best: 39.39%
[e12_fill|SGD+WD|cosine|wd_sched=fixed|T=100|lr0=0.1|lam0=0.02] Epoch 75/100 | Train Loss: 1.1768 | Train Acc: 72.68% | Test Acc: 48.98% | Best: 54.28%
[e12_fill|SGD+WD|cosine|wd_sched=fixed|T=100|lr0=0.1|lam0=0.02] Epoch 100/100 | Train Loss: 0.3621 | Train Acc: 97.16% | Test Acc: 76.57% | Best: 76.57%
GPU 3: Completed task 17
GPU 3 (Worker 1): Processing task 26
Files already downloaded and verified
Files already downloaded and verified
[e12_fill|SGD+WD|cosine|wd_sched=fixed|T=100|lr0=0.1|lam0=0.006] start
[2026-09-13 08:49:41] [INFO]   [19/67] cosine mom=0.9 wd_sched=fixed lam0=0.0007 T=100 -> best=78.32 diverged=0 (3583s)
[e12_fill|SGDM+WD|cosine|wd_sched=fixed|T=100|lr0=0.1|lam0=0.0007] Epoch 25/100 | Train Loss: 1.2486 | Train Acc: 64.08% | Test Acc: 55.57% | Best: 56.92%
[e12_fill|SGDM+WD|cosine|wd_sched=fixed|T=100|lr0=0.1|lam0=0.0007] Epoch 50/100 | Train Loss: 0.8135 | Train Acc: 75.80% | Test Acc: 62.06% | Best: 62.06%
[e12_fill|SGDM+WD|cosine|wd_sched=fixed|T=100|lr0=0.1|lam0=0.0007] Epoch 75/100 | Train Loss: 0.1500 | Train Acc: 95.82% | Test Acc: 72.18% | Best: 72.18%
[e12_fill|SGDM+WD|cosine|wd_sched=fixed|T=100|lr0=0.1|lam0=0.0007] Epoch 100/100 | Train Loss: 0.0103 | Train Acc: 99.96% | Test Acc: 78.23% | Best: 78.32%
GPU 2: Completed task 18
GPU 2 (Worker 1): Processing task 27
Files already downloaded and verified
Files already downloaded and verified
[e12_fill|SGDM+WD|cosine|wd_sched=fixed|T=100|lr0=0.1|lam0=0.0007] start
[2026-09-13 08:49:59] [INFO]   [20/67] cosine mom=0.9 wd_sched=fixed lam0=0.00105 T=100 -> best=77.69 diverged=0 (3591s)
[2026-09-13 08:49:59] [INFO]   [21/67] cosine mom=0.9 wd_sched=fixed lam0=0.0009 T=100 -> best=78.05 diverged=0 (3592s)
[2026-09-13 08:50:00] [INFO]   [22/67] cosine mom=0.9 wd_sched=fixed lam0=0.0008 T=100 -> best=77.14 diverged=0 (3595s)
[e12_fill|SGDM+WD|cosine|wd_sched=fixed|T=100|lr0=0.1|lam0=0.00105] Epoch 25/100 | Train Loss: 1.4815 | Train Acc: 58.38% | Test Acc: 47.74% | Best: 53.67%
[e12_fill|SGDM+WD|cosine|wd_sched=fixed|T=100|lr0=0.1|lam0=0.00105] Epoch 50/100 | Train Loss: 1.0832 | Train Acc: 68.65% | Test Acc: 59.81% | Best: 59.81%
[e12_fill|SGDM+WD|cosine|wd_sched=fixed|T=100|lr0=0.1|lam0=0.00105] Epoch 75/100 | Train Loss: 0.3538 | Train Acc: 89.35% | Test Acc: 69.11% | Best: 69.11%
[e12_fill|SGDM+WD|cosine|wd_sched=fixed|T=100|lr0=0.1|lam0=0.00105] Epoch 100/100 | Train Loss: 0.0165 | Train Acc: 99.93% | Test Acc: 77.55% | Best: 77.69%
GPU 2: Completed task 21
GPU 2 (Worker 2): Processing task 28
Files already downloaded and verified
Files already downloaded and verified
[e12_fill|SGDM+WD|cosine|wd_sched=fixed|T=100|lr0=0.1|lam0=0.00105] start
[e12_fill|SGDM+WD|cosine|wd_sched=fixed|T=100|lr0=0.1|lam0=0.0009] Epoch 25/100 | Train Loss: 1.4016 | Train Acc: 60.04% | Test Acc: 52.83% | Best: 54.02%
[e12_fill|SGDM+WD|cosine|wd_sched=fixed|T=100|lr0=0.1|lam0=0.0009] Epoch 50/100 | Train Loss: 0.9846 | Train Acc: 71.09% | Test Acc: 60.02% | Best: 61.08%
[e12_fill|SGDM+WD|cosine|wd_sched=fixed|T=100|lr0=0.1|lam0=0.0009] Epoch 75/100 | Train Loss: 0.2702 | Train Acc: 91.92% | Test Acc: 70.36% | Best: 70.36%
[e12_fill|SGDM+WD|cosine|wd_sched=fixed|T=100|lr0=0.1|lam0=0.0009] Epoch 100/100 | Train Loss: 0.0140 | Train Acc: 99.95% | Test Acc: 77.97% | Best: 78.05%
GPU 2: Completed task 20
GPU 2 (Worker 0): Processing task 29
Files already downloaded and verified
Files already downloaded and verified
[e12_fill|SGDM+WD|cosine|wd_sched=fixed|T=100|lr0=0.1|lam0=0.0012] start
[e12_fill|SGDM+WD|cosine|wd_sched=fixed|T=100|lr0=0.1|lam0=0.0008] Epoch 25/100 | Train Loss: 1.3843 | Train Acc: 60.88% | Test Acc: 55.02% | Best: 55.02%
[e12_fill|SGDM+WD|cosine|wd_sched=fixed|T=100|lr0=0.1|lam0=0.0008] Epoch 50/100 | Train Loss: 0.9618 | Train Acc: 71.86% | Test Acc: 61.16% | Best: 61.60%
[e12_fill|SGDM+WD|cosine|wd_sched=fixed|T=100|lr0=0.1|lam0=0.0008] Epoch 75/100 | Train Loss: 0.2819 | Train Acc: 91.24% | Test Acc: 70.42% | Best: 70.42%
[e12_fill|SGDM+WD|cosine|wd_sched=fixed|T=100|lr0=0.1|lam0=0.0008] Epoch 100/100 | Train Loss: 0.0117 | Train Acc: 99.93% | Test Acc: 77.05% | Best: 77.14%
GPU 0: Completed task 19
GPU 0 (Worker 0): Processing task 30
Files already downloaded and verified
Files already downloaded and verified
[e12_fill|SGDM+WD|cosine|wd_sched=fixed|T=100|lr0=0.1|lam0=0.0013] start
[2026-09-13 08:50:04] [INFO]   [23/67] cosine mom=0.9 wd_sched=fixed lam0=0.0013 T=100 -> best=77.40 diverged=0 (3582s)
[e12_fill|SGDM+WD|cosine|wd_sched=fixed|T=100|lr0=0.1|lam0=0.0013] Epoch 25/100 | Train Loss: 1.6392 | Train Acc: 54.67% | Test Acc: 43.61% | Best: 49.51%
[e12_fill|SGDM+WD|cosine|wd_sched=fixed|T=100|lr0=0.1|lam0=0.0013] Epoch 50/100 | Train Loss: 1.2364 | Train Acc: 65.05% | Test Acc: 56.52% | Best: 56.52%
[e12_fill|SGDM+WD|cosine|wd_sched=fixed|T=100|lr0=0.1|lam0=0.0013] Epoch 75/100 | Train Loss: 0.5006 | Train Acc: 84.98% | Test Acc: 65.78% | Best: 67.54%
[e12_fill|SGDM+WD|cosine|wd_sched=fixed|T=100|lr0=0.1|lam0=0.0013] Epoch 100/100 | Train Loss: 0.0225 | Train Acc: 99.90% | Test Acc: 77.21% | Best: 77.40%
GPU 3: Completed task 24
GPU 3 (Worker 2): Processing task 31
Files already downloaded and verified
Files already downloaded and verified
[e12_fill|SGD+WD|cosine|wd_sched=fixed|T=100|lr0=0.1|lam0=0.004] start
[2026-09-13 08:50:13] [INFO]   [24/67] cosine mom=0.9 wd_sched=fixed lam0=0.0011 T=100 -> best=78.08 diverged=0 (3600s)
[2026-09-13 08:50:14] [INFO]   [25/67] cosine mom=0.9 wd_sched=fixed lam0=0.0012 T=100 -> best=78.08 diverged=0 (3601s)
[e12_fill|SGDM+WD|cosine|wd_sched=fixed|T=100|lr0=0.1|lam0=0.0011] Epoch 25/100 | Train Loss: 1.5008 | Train Acc: 57.91% | Test Acc: 48.73% | Best: 52.90%
[e12_fill|SGDM+WD|cosine|wd_sched=fixed|T=100|lr0=0.1|lam0=0.0011] Epoch 50/100 | Train Loss: 1.1089 | Train Acc: 68.01% | Test Acc: 59.28% | Best: 59.28%
[e12_fill|SGDM+WD|cosine|wd_sched=fixed|T=100|lr0=0.1|lam0=0.0011] Epoch 75/100 | Train Loss: 0.3844 | Train Acc: 88.35% | Test Acc: 69.36% | Best: 69.36%
[e12_fill|SGDM+WD|cosine|wd_sched=fixed|T=100|lr0=0.1|lam0=0.0011] Epoch 100/100 | Train Loss: 0.0169 | Train Acc: 99.92% | Test Acc: 77.99% | Best: 78.08%
GPU 0: Completed task 22
GPU 0 (Worker 1): Processing task 32
Files already downloaded and verified
Files already downloaded and verified
[e12_fill|SGD+WD|cosine|wd_sched=fixed|T=100|lr0=0.1|lam0=0.006] start
[2026-09-13 08:50:15] [INFO]   [26/67] cosine mom=0.0 wd_sched=fixed lam0=0.004 T=100 -> best=78.45 diverged=0 (3584s)
[e12_fill|SGDM+WD|cosine|wd_sched=fixed|T=100|lr0=0.1|lam0=0.0012] Epoch 25/100 | Train Loss: 1.5720 | Train Acc: 56.45% | Test Acc: 45.75% | Best: 49.86%
[e12_fill|SGDM+WD|cosine|wd_sched=fixed|T=100|lr0=0.1|lam0=0.0012] Epoch 50/100 | Train Loss: 1.1696 | Train Acc: 66.56% | Test Acc: 58.45% | Best: 58.45%
[e12_fill|SGDM+WD|cosine|wd_sched=fixed|T=100|lr0=0.1|lam0=0.0012] Epoch 75/100 | Train Loss: 0.4353 | Train Acc: 86.83% | Test Acc: 66.27% | Best: 68.04%
[e12_fill|SGDM+WD|cosine|wd_sched=fixed|T=100|lr0=0.1|lam0=0.0012] Epoch 100/100 | Train Loss: 0.0203 | Train Acc: 99.91% | Test Acc: 78.08% | Best: 78.08%
GPU 0: Completed task 23
GPU 0 (Worker 2): Processing task 33
Files already downloaded and verified
Files already downloaded and verified
[e12_fill|SGDM+WD|cosine|wd_sched=fixed|T=100|lr0=0.1|lam0=0.0007] start
[e12_fill|SGD+WD|cosine|wd_sched=fixed|T=100|lr0=0.1|lam0=0.004] Epoch 25/100 | Train Loss: 1.0427 | Train Acc: 70.48% | Test Acc: 55.03% | Best: 55.08%
[e12_fill|SGD+WD|cosine|wd_sched=fixed|T=100|lr0=0.1|lam0=0.004] Epoch 50/100 | Train Loss: 0.6085 | Train Acc: 82.67% | Test Acc: 61.99% | Best: 61.99%
[e12_fill|SGD+WD|cosine|wd_sched=fixed|T=100|lr0=0.1|lam0=0.004] Epoch 75/100 | Train Loss: 0.1124 | Train Acc: 97.78% | Test Acc: 72.88% | Best: 72.88%
[e12_fill|SGD+WD|cosine|wd_sched=fixed|T=100|lr0=0.1|lam0=0.004] Epoch 100/100 | Train Loss: 0.0326 | Train Acc: 99.94% | Test Acc: 78.30% | Best: 78.45%
GPU 3: Completed task 25
GPU 3 (Worker 0): Processing task 34
Files already downloaded and verified
Files already downloaded and verified
[e12_fill|SGDM+WD|cosine|wd_sched=fixed|T=100|lr0=0.1|lam0=0.0008] start
[2026-09-13 08:50:22] [INFO]   [27/67] cosine mom=0.0 wd_sched=fixed lam0=0.006 T=100 -> best=78.93 diverged=0 (3589s)
[e12_fill|SGD+WD|cosine|wd_sched=fixed|T=100|lr0=0.1|lam0=0.006] Epoch 25/100 | Train Loss: 1.2402 | Train Acc: 65.92% | Test Acc: 49.37% | Best: 50.05%
[e12_fill|SGD+WD|cosine|wd_sched=fixed|T=100|lr0=0.1|lam0=0.006] Epoch 50/100 | Train Loss: 0.8330 | Train Acc: 77.18% | Test Acc: 55.31% | Best: 56.58%
[e12_fill|SGD+WD|cosine|wd_sched=fixed|T=100|lr0=0.1|lam0=0.006] Epoch 75/100 | Train Loss: 0.2506 | Train Acc: 94.08% | Test Acc: 68.95% | Best: 70.03%
[e12_fill|SGD+WD|cosine|wd_sched=fixed|T=100|lr0=0.1|lam0=0.006] Epoch 100/100 | Train Loss: 0.0474 | Train Acc: 99.92% | Test Acc: 78.93% | Best: 78.93%
GPU 3: Completed task 26
GPU 3 (Worker 1): Processing task 35
Files already downloaded and verified
Files already downloaded and verified
[e12_fill|SGDM+WD|cosine|wd_sched=fixed|T=100|lr0=0.1|lam0=0.00105] start
[2026-09-13 09:11:21] [INFO]   [28/67] cosine mom=0.9 wd_sched=fixed lam0=0.0008 T=100 -> best=74.38 diverged=0 (1262s)
[e12_fill|SGDM+WD|cosine|wd_sched=fixed|T=100|lr0=0.1|lam0=0.0008] Epoch 25/100 | Train Loss: 1.5479 | Train Acc: 56.54% | Test Acc: 49.86% | Best: 49.86%
[e12_fill|SGDM+WD|cosine|wd_sched=fixed|T=100|lr0=0.1|lam0=0.0008] Epoch 50/100 | Train Loss: 1.0698 | Train Acc: 68.73% | Test Acc: 57.54% | Best: 57.54%
[e12_fill|SGDM+WD|cosine|wd_sched=fixed|T=100|lr0=0.1|lam0=0.0008] Epoch 75/100 | Train Loss: 0.2927 | Train Acc: 90.83% | Test Acc: 64.70% | Best: 66.79%
[e12_fill|SGDM+WD|cosine|wd_sched=fixed|T=100|lr0=0.1|lam0=0.0008] Epoch 100/100 | Train Loss: 0.0133 | Train Acc: 99.93% | Test Acc: 74.25% | Best: 74.38%
GPU 3: Completed task 34
GPU 3 (Worker 0): Processing task 36
Files already downloaded and verified
Files already downloaded and verified
[e12_fill|SGDM+WD|cosine|wd_sched=fixed|T=100|lr0=0.1|lam0=0.0011] start
[2026-09-13 09:11:33] [INFO]   [29/67] cosine mom=0.9 wd_sched=fixed lam0=0.00105 T=100 -> best=74.55 diverged=0 (1267s)
[e12_fill|SGDM+WD|cosine|wd_sched=fixed|T=100|lr0=0.1|lam0=0.00105] Epoch 25/100 | Train Loss: 1.6961 | Train Acc: 53.19% | Test Acc: 40.17% | Best: 47.67%
[e12_fill|SGDM+WD|cosine|wd_sched=fixed|T=100|lr0=0.1|lam0=0.00105] Epoch 50/100 | Train Loss: 1.2511 | Train Acc: 64.11% | Test Acc: 49.25% | Best: 51.51%
[e12_fill|SGDM+WD|cosine|wd_sched=fixed|T=100|lr0=0.1|lam0=0.00105] Epoch 75/100 | Train Loss: 0.4471 | Train Acc: 86.08% | Test Acc: 64.64% | Best: 64.64%
[e12_fill|SGDM+WD|cosine|wd_sched=fixed|T=100|lr0=0.1|lam0=0.00105] Epoch 100/100 | Train Loss: 0.0185 | Train Acc: 99.85% | Test Acc: 74.53% | Best: 74.55%
GPU 3: Completed task 35
GPU 3 (Worker 1): Processing task 37
Files already downloaded and verified
Files already downloaded and verified
[e12_fill|SGDM+WD|cosine|wd_sched=fixed|T=100|lr0=0.1|lam0=0.0013] start
[2026-09-13 09:15:41] [INFO]   [30/67] cosine mom=0.9 wd_sched=fixed lam0=0.0007 T=100 -> best=73.77 diverged=0 (1523s)
[e12_fill|SGDM+WD|cosine|wd_sched=fixed|T=100|lr0=0.1|lam0=0.0007] Epoch 25/100 | Train Loss: 1.4726 | Train Acc: 58.49% | Test Acc: 48.01% | Best: 51.06%
[e12_fill|SGDM+WD|cosine|wd_sched=fixed|T=100|lr0=0.1|lam0=0.0007] Epoch 50/100 | Train Loss: 0.9795 | Train Acc: 71.09% | Test Acc: 56.76% | Best: 59.72%
[e12_fill|SGDM+WD|cosine|wd_sched=fixed|T=100|lr0=0.1|lam0=0.0007] Epoch 75/100 | Train Loss: 0.2205 | Train Acc: 93.28% | Test Acc: 66.49% | Best: 67.67%
[e12_fill|SGDM+WD|cosine|wd_sched=fixed|T=100|lr0=0.1|lam0=0.0007] Epoch 100/100 | Train Loss: 0.0118 | Train Acc: 99.92% | Test Acc: 73.77% | Best: 73.77%
GPU 0: Completed task 33
GPU 0 (Worker 2): Processing task 38
Files already downloaded and verified
Files already downloaded and verified
[e12_fill|SGD+WD|cosine|wd_sched=fixed|T=100|lr0=0.1|lam0=0.004] start
[2026-09-13 09:32:27] [INFO]   [31/67] cosine mom=0.9 wd_sched=fixed lam0=0.0011 T=100 -> best=74.65 diverged=0 (1263s)
[e12_fill|SGDM+WD|cosine|wd_sched=fixed|T=100|lr0=0.1|lam0=0.0011] Epoch 25/100 | Train Loss: 1.7303 | Train Acc: 52.36% | Test Acc: 41.01% | Best: 44.58%
[e12_fill|SGDM+WD|cosine|wd_sched=fixed|T=100|lr0=0.1|lam0=0.0011] Epoch 50/100 | Train Loss: 1.2808 | Train Acc: 63.53% | Test Acc: 55.32% | Best: 55.32%
[e12_fill|SGDM+WD|cosine|wd_sched=fixed|T=100|lr0=0.1|lam0=0.0011] Epoch 75/100 | Train Loss: 0.4878 | Train Acc: 84.87% | Test Acc: 63.40% | Best: 64.65%
[e12_fill|SGDM+WD|cosine|wd_sched=fixed|T=100|lr0=0.1|lam0=0.0011] Epoch 100/100 | Train Loss: 0.0193 | Train Acc: 99.84% | Test Acc: 74.65% | Best: 74.65%
GPU 3: Completed task 36
GPU 3 (Worker 0): Processing task 39
Files already downloaded and verified
Files already downloaded and verified
[e12_fill|SGD+WD|cosine|wd_sched=fixed|T=100|lr0=0.1|lam0=0.006] start
[2026-09-13 09:32:44] [INFO]   [32/67] cosine mom=0.9 wd_sched=fixed lam0=0.0013 T=100 -> best=74.50 diverged=0 (1268s)
[e12_fill|SGDM+WD|cosine|wd_sched=fixed|T=100|lr0=0.1|lam0=0.0013] Epoch 25/100 | Train Loss: 1.8261 | Train Acc: 50.08% | Test Acc: 40.62% | Best: 44.17%
[e12_fill|SGDM+WD|cosine|wd_sched=fixed|T=100|lr0=0.1|lam0=0.0013] Epoch 50/100 | Train Loss: 1.3917 | Train Acc: 60.80% | Test Acc: 54.21% | Best: 54.21%
[e12_fill|SGDM+WD|cosine|wd_sched=fixed|T=100|lr0=0.1|lam0=0.0013] Epoch 75/100 | Train Loss: 0.5969 | Train Acc: 81.83% | Test Acc: 62.28% | Best: 63.41%
[e12_fill|SGDM+WD|cosine|wd_sched=fixed|T=100|lr0=0.1|lam0=0.0013] Epoch 100/100 | Train Loss: 0.0239 | Train Acc: 99.81% | Test Acc: 74.37% | Best: 74.50%
GPU 3: Completed task 37
GPU 3 (Worker 1): Processing task 40
Files already downloaded and verified
Files already downloaded and verified
[e12_fill|SGDM+WD|cosine|wd_sched=fixed|T=100|lr0=0.1|lam0=0.0007] start
[2026-09-13 09:41:18] [INFO]   [33/67] cosine mom=0.0 wd_sched=fixed lam0=0.004 T=100 -> best=75.34 diverged=0 (1533s)
[e12_fill|SGD+WD|cosine|wd_sched=fixed|T=100|lr0=0.1|lam0=0.004] Epoch 25/100 | Train Loss: 1.0318 | Train Acc: 70.39% | Test Acc: 47.56% | Best: 56.20%
[e12_fill|SGD+WD|cosine|wd_sched=fixed|T=100|lr0=0.1|lam0=0.004] Epoch 50/100 | Train Loss: 0.5810 | Train Acc: 83.22% | Test Acc: 60.54% | Best: 60.54%
[e12_fill|SGD+WD|cosine|wd_sched=fixed|T=100|lr0=0.1|lam0=0.004] Epoch 75/100 | Train Loss: 0.0760 | Train Acc: 99.01% | Test Acc: 71.87% | Best: 72.16%
[e12_fill|SGD+WD|cosine|wd_sched=fixed|T=100|lr0=0.1|lam0=0.004] Epoch 100/100 | Train Loss: 0.0311 | Train Acc: 99.95% | Test Acc: 75.18% | Best: 75.34%
GPU 0: Completed task 38
GPU 0 (Worker 2): Processing task 41
Files already downloaded and verified
Files already downloaded and verified
[e12_fill|SGDM+WD|cosine|wd_sched=fixed|T=100|lr0=0.1|lam0=0.0008] start
[2026-09-13 09:54:44] [INFO]   [34/67] cosine mom=0.0 wd_sched=fixed lam0=0.006 T=100 -> best=75.97 diverged=0 (1332s)
[e12_fill|SGD+WD|cosine|wd_sched=fixed|T=100|lr0=0.1|lam0=0.006] Epoch 25/100 | Train Loss: 1.2562 | Train Acc: 65.07% | Test Acc: 50.01% | Best: 50.01%
[e12_fill|SGD+WD|cosine|wd_sched=fixed|T=100|lr0=0.1|lam0=0.006] Epoch 50/100 | Train Loss: 0.8415 | Train Acc: 76.32% | Test Acc: 51.63% | Best: 56.17%
[e12_fill|SGD+WD|cosine|wd_sched=fixed|T=100|lr0=0.1|lam0=0.006] Epoch 75/100 | Train Loss: 0.1979 | Train Acc: 95.81% | Test Acc: 66.76% | Best: 68.54%
[e12_fill|SGD+WD|cosine|wd_sched=fixed|T=100|lr0=0.1|lam0=0.006] Epoch 100/100 | Train Loss: 0.0479 | Train Acc: 99.92% | Test Acc: 75.97% | Best: 75.97%
GPU 3: Completed task 39
GPU 3 (Worker 0): Processing task 42
Files already downloaded and verified
Files already downloaded and verified
[e12_fill|SGDM+WD|cosine|wd_sched=fixed|T=100|lr0=0.1|lam0=0.0009] start
[2026-09-13 09:55:38] [INFO]   [35/67] cosine mom=0.9 wd_sched=fixed lam0=0.0007 T=100 -> best=73.16 diverged=0 (1370s)
[e12_fill|SGDM+WD|cosine|wd_sched=fixed|T=100|lr0=0.1|lam0=0.0007] Epoch 25/100 | Train Loss: 1.8125 | Train Acc: 49.94% | Test Acc: 38.93% | Best: 41.84%
[e12_fill|SGDM+WD|cosine|wd_sched=fixed|T=100|lr0=0.1|lam0=0.0007] Epoch 50/100 | Train Loss: 1.2676 | Train Acc: 64.09% | Test Acc: 53.19% | Best: 55.41%
[e12_fill|SGDM+WD|cosine|wd_sched=fixed|T=100|lr0=0.1|lam0=0.0007] Epoch 75/100 | Train Loss: 0.5380 | Train Acc: 83.43% | Test Acc: 64.58% | Best: 65.14%
[e12_fill|SGDM+WD|cosine|wd_sched=fixed|T=100|lr0=0.1|lam0=0.0007] Epoch 100/100 | Train Loss: 0.0252 | Train Acc: 99.46% | Test Acc: 72.98% | Best: 73.16%
GPU 3: Completed task 40
GPU 3 (Worker 1): Processing task 43
Files already downloaded and verified
Files already downloaded and verified
[e12_fill|SGDM+WD|cosine|wd_sched=fixed|T=100|lr0=0.1|lam0=0.00105] start
[2026-09-13 10:08:49] [INFO]   [36/67] cosine mom=0.9 wd_sched=fixed lam0=0.0008 T=100 -> best=72.99 diverged=0 (1647s)
[e12_fill|SGDM+WD|cosine|wd_sched=fixed|T=100|lr0=0.1|lam0=0.0008] Epoch 25/100 | Train Loss: 1.9088 | Train Acc: 47.74% | Test Acc: 35.79% | Best: 40.05%
[e12_fill|SGDM+WD|cosine|wd_sched=fixed|T=100|lr0=0.1|lam0=0.0008] Epoch 50/100 | Train Loss: 1.3477 | Train Acc: 61.93% | Test Acc: 48.86% | Best: 53.36%
[e12_fill|SGDM+WD|cosine|wd_sched=fixed|T=100|lr0=0.1|lam0=0.0008] Epoch 75/100 | Train Loss: 0.5917 | Train Acc: 81.99% | Test Acc: 63.58% | Best: 64.03%
[e12_fill|SGDM+WD|cosine|wd_sched=fixed|T=100|lr0=0.1|lam0=0.0008] Epoch 100/100 | Train Loss: 0.0282 | Train Acc: 99.42% | Test Acc: 72.93% | Best: 72.99%
GPU 0: Completed task 41
GPU 0 (Worker 2): Processing task 44
Files already downloaded and verified
Files already downloaded and verified
[e12_fill|SGDM+WD|cosine|wd_sched=fixed|T=100|lr0=0.1|lam0=0.0011] start
[2026-09-13 10:09:12] [INFO]   [37/67] cosine mom=0.0 wd_sched=fixed lam0=0.004 T=100 -> best=79.17 diverged=0 (4743s)
[e12_fill|SGD+WD|cosine|wd_sched=fixed|T=100|lr0=0.1|lam0=0.004] Epoch 25/100 | Train Loss: 1.1764 | Train Acc: 66.87% | Test Acc: 49.19% | Best: 49.72%
[e12_fill|SGD+WD|cosine|wd_sched=fixed|T=100|lr0=0.1|lam0=0.004] Epoch 50/100 | Train Loss: 0.7488 | Train Acc: 78.75% | Test Acc: 57.18% | Best: 63.87%
[e12_fill|SGD+WD|cosine|wd_sched=fixed|T=100|lr0=0.1|lam0=0.004] Epoch 75/100 | Train Loss: 0.1892 | Train Acc: 95.71% | Test Acc: 72.53% | Best: 73.10%
[e12_fill|SGD+WD|cosine|wd_sched=fixed|T=100|lr0=0.1|lam0=0.004] Epoch 100/100 | Train Loss: 0.0423 | Train Acc: 99.87% | Test Acc: 79.17% | Best: 79.17%
GPU 3: Completed task 31
GPU 3 (Worker 2): Processing task 45
Files already downloaded and verified
Files already downloaded and verified
[e12_fill|SGDM+WD|cosine|wd_sched=fixed|T=100|lr0=0.1|lam0=0.0012] start
[2026-09-13 10:17:21] [INFO]   [38/67] cosine mom=0.9 wd_sched=fixed lam0=0.0009 T=100 -> best=73.32 diverged=0 (1353s)
[e12_fill|SGDM+WD|cosine|wd_sched=fixed|T=100|lr0=0.1|lam0=0.0009] Epoch 25/100 | Train Loss: 1.9407 | Train Acc: 46.86% | Test Acc: 37.96% | Best: 40.11%
[e12_fill|SGDM+WD|cosine|wd_sched=fixed|T=100|lr0=0.1|lam0=0.0009] Epoch 50/100 | Train Loss: 1.4245 | Train Acc: 60.09% | Test Acc: 50.80% | Best: 52.14%
[e12_fill|SGDM+WD|cosine|wd_sched=fixed|T=100|lr0=0.1|lam0=0.0009] Epoch 75/100 | Train Loss: 0.6626 | Train Acc: 79.90% | Test Acc: 64.65% | Best: 64.65%
[e12_fill|SGDM+WD|cosine|wd_sched=fixed|T=100|lr0=0.1|lam0=0.0009] Epoch 100/100 | Train Loss: 0.0314 | Train Acc: 99.33% | Test Acc: 73.17% | Best: 73.32%
GPU 3: Completed task 42
GPU 3 (Worker 0): Processing task 46
Files already downloaded and verified
Files already downloaded and verified
[e12_fill|SGDM+WD|cosine|wd_sched=fixed|T=100|lr0=0.1|lam0=0.0013] start
[2026-09-13 10:18:07] [INFO]   [39/67] cosine mom=0.9 wd_sched=fixed lam0=0.00105 T=100 -> best=73.26 diverged=0 (1345s)
[e12_fill|SGDM+WD|cosine|wd_sched=fixed|T=100|lr0=0.1|lam0=0.00105] Epoch 25/100 | Train Loss: 2.0006 | Train Acc: 45.56% | Test Acc: 40.53% | Best: 40.53%
[e12_fill|SGDM+WD|cosine|wd_sched=fixed|T=100|lr0=0.1|lam0=0.00105] Epoch 50/100 | Train Loss: 1.5016 | Train Acc: 58.32% | Test Acc: 47.06% | Best: 49.57%
[e12_fill|SGDM+WD|cosine|wd_sched=fixed|T=100|lr0=0.1|lam0=0.00105] Epoch 75/100 | Train Loss: 0.7445 | Train Acc: 77.67% | Test Acc: 63.11% | Best: 63.11%
[e12_fill|SGDM+WD|cosine|wd_sched=fixed|T=100|lr0=0.1|lam0=0.00105] Epoch 100/100 | Train Loss: 0.0376 | Train Acc: 99.19% | Test Acc: 73.15% | Best: 73.26%
GPU 3: Completed task 43
GPU 3 (Worker 1): Processing task 47
Files already downloaded and verified
Files already downloaded and verified
[e12_fill|SGD+WD|cosine|wd_sched=fixed|T=100|lr0=0.1|lam0=0.004] start
[2026-09-13 10:25:17] [INFO]   [40/67] cosine mom=0.9 wd_sched=fixed lam0=0.0013 T=100 -> best=77.58 diverged=0 (5712s)
[e12_fill|SGDM+WD|cosine|wd_sched=fixed|T=100|lr0=0.1|lam0=0.0013] Epoch 25/100 | Train Loss: 1.8807 | Train Acc: 48.19% | Test Acc: 41.11% | Best: 41.11%
[e12_fill|SGDM+WD|cosine|wd_sched=fixed|T=100|lr0=0.1|lam0=0.0013] Epoch 50/100 | Train Loss: 1.4227 | Train Acc: 59.67% | Test Acc: 51.64% | Best: 52.23%
[e12_fill|SGDM+WD|cosine|wd_sched=fixed|T=100|lr0=0.1|lam0=0.0013] Epoch 75/100 | Train Loss: 0.7335 | Train Acc: 78.07% | Test Acc: 65.54% | Best: 65.54%
[e12_fill|SGDM+WD|cosine|wd_sched=fixed|T=100|lr0=0.1|lam0=0.0013] Epoch 100/100 | Train Loss: 0.0410 | Train Acc: 99.50% | Test Acc: 77.58% | Best: 77.58%
GPU 0: Completed task 30
GPU 0 (Worker 0): Processing task 48
Files already downloaded and verified
Files already downloaded and verified
[e12_fill|SGD+WD|cosine|wd_sched=fixed|T=100|lr0=0.1|lam0=0.006] start
[2026-09-13 10:25:38] [INFO]   [41/67] cosine mom=0.0 wd_sched=fixed lam0=0.006 T=100 -> best=79.40 diverged=0 (5721s)
[e12_fill|SGD+WD|cosine|wd_sched=fixed|T=100|lr0=0.1|lam0=0.006] Epoch 25/100 | Train Loss: 1.3925 | Train Acc: 61.80% | Test Acc: 35.98% | Best: 43.76%
[e12_fill|SGD+WD|cosine|wd_sched=fixed|T=100|lr0=0.1|lam0=0.006] Epoch 50/100 | Train Loss: 0.9919 | Train Acc: 72.73% | Test Acc: 48.28% | Best: 52.72%
[e12_fill|SGD+WD|cosine|wd_sched=fixed|T=100|lr0=0.1|lam0=0.006] Epoch 75/100 | Train Loss: 0.3840 | Train Acc: 90.17% | Test Acc: 69.12% | Best: 69.25%
[e12_fill|SGD+WD|cosine|wd_sched=fixed|T=100|lr0=0.1|lam0=0.006] Epoch 100/100 | Train Loss: 0.0674 | Train Acc: 99.81% | Test Acc: 79.40% | Best: 79.40%
GPU 0: Completed task 32
GPU 0 (Worker 1): Processing task 49
Files already downloaded and verified
Files already downloaded and verified
[e12_fill|SGDM+WD|cosine|wd_sched=fixed|T=100|lr0=0.1|lam0=0.0005] start
[2026-09-13 10:29:46] [INFO]   [42/67] cosine mom=0.9 wd_sched=fixed lam0=0.0012 T=100 -> best=73.26 diverged=0 (1230s)
[e12_fill|SGDM+WD|cosine|wd_sched=fixed|T=100|lr0=0.1|lam0=0.0012] Epoch 25/100 | Train Loss: 2.1311 | Train Acc: 42.42% | Test Acc: 31.36% | Best: 35.60%
[e12_fill|SGDM+WD|cosine|wd_sched=fixed|T=100|lr0=0.1|lam0=0.0012] Epoch 50/100 | Train Loss: 1.5952 | Train Acc: 56.03% | Test Acc: 49.29% | Best: 49.53%
[e12_fill|SGDM+WD|cosine|wd_sched=fixed|T=100|lr0=0.1|lam0=0.0012] Epoch 75/100 | Train Loss: 0.8442 | Train Acc: 75.06% | Test Acc: 60.03% | Best: 60.95%
[e12_fill|SGDM+WD|cosine|wd_sched=fixed|T=100|lr0=0.1|lam0=0.0012] Epoch 100/100 | Train Loss: 0.0482 | Train Acc: 98.93% | Test Acc: 73.26% | Best: 73.26%
GPU 3: Completed task 45
GPU 3 (Worker 2): Processing task 50
Files already downloaded and verified
Files already downloaded and verified
[e12_fill|SGDM+WD|cosine|wd_sched=fixed|T=100|lr0=0.1|lam0=0.0007] start
[2026-09-13 10:31:25] [INFO]   [43/67] cosine mom=0.9 wd_sched=fixed lam0=0.0011 T=100 -> best=73.47 diverged=0 (1352s)
[e12_fill|SGDM+WD|cosine|wd_sched=fixed|T=100|lr0=0.1|lam0=0.0011] Epoch 25/100 | Train Loss: 2.0116 | Train Acc: 45.41% | Test Acc: 32.29% | Best: 39.46%
[e12_fill|SGDM+WD|cosine|wd_sched=fixed|T=100|lr0=0.1|lam0=0.0011] Epoch 50/100 | Train Loss: 1.5158 | Train Acc: 57.69% | Test Acc: 51.12% | Best: 51.57%
[e12_fill|SGDM+WD|cosine|wd_sched=fixed|T=100|lr0=0.1|lam0=0.0011] Epoch 75/100 | Train Loss: 0.7512 | Train Acc: 77.72% | Test Acc: 62.36% | Best: 62.36%
[e12_fill|SGDM+WD|cosine|wd_sched=fixed|T=100|lr0=0.1|lam0=0.0011] Epoch 100/100 | Train Loss: 0.0345 | Train Acc: 99.32% | Test Acc: 73.34% | Best: 73.47%
GPU 0: Completed task 44
GPU 0 (Worker 2): Processing task 51
Files already downloaded and verified
Files already downloaded and verified
[e12_fill|SGDM+WD|cosine|wd_sched=fixed|T=100|lr0=0.1|lam0=0.0009] start
[2026-09-13 10:33:27] [INFO]   [44/67] cosine mom=0.9 wd_sched=fixed lam0=0.0005 T=100 -> best=56.31 diverged=0 (466s)
[e12_fill|SGDM+WD|cosine|wd_sched=fixed|T=100|lr0=0.1|lam0=0.0005] Epoch 25/100 | Train Loss: 1.7460 | Train Acc: 37.00% | Test Acc: 35.68% | Best: 37.88%
[e12_fill|SGDM+WD|cosine|wd_sched=fixed|T=100|lr0=0.1|lam0=0.0005] Epoch 50/100 | Train Loss: 1.3458 | Train Acc: 52.63% | Test Acc: 42.86% | Best: 44.27%
[e12_fill|SGDM+WD|cosine|wd_sched=fixed|T=100|lr0=0.1|lam0=0.0005] Epoch 75/100 | Train Loss: 0.3763 | Train Acc: 87.19% | Test Acc: 54.04% | Best: 54.04%
[e12_fill|SGDM+WD|cosine|wd_sched=fixed|T=100|lr0=0.1|lam0=0.0005] Epoch 100/100 | Train Loss: 0.0363 | Train Acc: 99.81% | Test Acc: 56.23% | Best: 56.31%
GPU 0: Completed task 49
GPU 0 (Worker 1): Processing task 52
Files already downloaded and verified
Files already downloaded and verified
[e12_fill|SGDM+WD|cosine|wd_sched=fixed|T=100|lr0=0.1|lam0=0.00105] start
[2026-09-13 10:35:47] [INFO]   [45/67] cosine mom=0.9 wd_sched=fixed lam0=0.0013 T=100 -> best=72.90 diverged=0 (1103s)
[e12_fill|SGDM+WD|cosine|wd_sched=fixed|T=100|lr0=0.1|lam0=0.0013] Epoch 25/100 | Train Loss: 2.1344 | Train Acc: 42.64% | Test Acc: 34.90% | Best: 34.90%
[e12_fill|SGDM+WD|cosine|wd_sched=fixed|T=100|lr0=0.1|lam0=0.0013] Epoch 50/100 | Train Loss: 1.6442 | Train Acc: 54.47% | Test Acc: 48.26% | Best: 49.77%
[e12_fill|SGDM+WD|cosine|wd_sched=fixed|T=100|lr0=0.1|lam0=0.0013] Epoch 75/100 | Train Loss: 0.8786 | Train Acc: 74.29% | Test Acc: 62.47% | Best: 62.47%
[e12_fill|SGDM+WD|cosine|wd_sched=fixed|T=100|lr0=0.1|lam0=0.0013] Epoch 100/100 | Train Loss: 0.0499 | Train Acc: 98.90% | Test Acc: 72.72% | Best: 72.90%
GPU 3: Completed task 46
GPU 3 (Worker 0): Processing task 53
Files already downloaded and verified
Files already downloaded and verified
[e12_fill|SGDM+WD|cosine|wd_sched=fixed|T=100|lr0=0.1|lam0=0.0011] start
[2026-09-13 10:36:23] [INFO]   [46/67] cosine mom=0.0 wd_sched=fixed lam0=0.004 T=100 -> best=74.51 diverged=0 (1091s)
[e12_fill|SGD+WD|cosine|wd_sched=fixed|T=100|lr0=0.1|lam0=0.004] Epoch 25/100 | Train Loss: 1.2585 | Train Acc: 64.70% | Test Acc: 39.17% | Best: 49.94%
[e12_fill|SGD+WD|cosine|wd_sched=fixed|T=100|lr0=0.1|lam0=0.004] Epoch 50/100 | Train Loss: 0.7682 | Train Acc: 77.87% | Test Acc: 56.83% | Best: 58.98%
[e12_fill|SGD+WD|cosine|wd_sched=fixed|T=100|lr0=0.1|lam0=0.004] Epoch 75/100 | Train Loss: 0.1533 | Train Acc: 96.18% | Test Acc: 68.44% | Best: 68.44%
[e12_fill|SGD+WD|cosine|wd_sched=fixed|T=100|lr0=0.1|lam0=0.004] Epoch 100/100 | Train Loss: 0.0285 | Train Acc: 99.89% | Test Acc: 74.32% | Best: 74.51%
GPU 3: Completed task 47
GPU 3 (Worker 1): Processing task 54
Files already downloaded and verified
Files already downloaded and verified
[e12_fill|SGDM+WD|cosine|wd_sched=fixed|T=100|lr0=0.1|lam0=0.0013] start
[2026-09-13 10:37:54] [INFO]   [47/67] cosine mom=0.9 wd_sched=fixed lam0=0.0007 T=100 -> best=56.64 diverged=0 (484s)
[e12_fill|SGDM+WD|cosine|wd_sched=fixed|T=100|lr0=0.1|lam0=0.0007] Epoch 25/100 | Train Loss: 1.7828 | Train Acc: 35.62% | Test Acc: 33.16% | Best: 36.68%
[e12_fill|SGDM+WD|cosine|wd_sched=fixed|T=100|lr0=0.1|lam0=0.0007] Epoch 50/100 | Train Loss: 1.3881 | Train Acc: 51.27% | Test Acc: 45.32% | Best: 46.73%
[e12_fill|SGDM+WD|cosine|wd_sched=fixed|T=100|lr0=0.1|lam0=0.0007] Epoch 75/100 | Train Loss: 0.5347 | Train Acc: 81.30% | Test Acc: 53.87% | Best: 53.97%
[e12_fill|SGDM+WD|cosine|wd_sched=fixed|T=100|lr0=0.1|lam0=0.0007] Epoch 100/100 | Train Loss: 0.0551 | Train Acc: 99.49% | Test Acc: 56.62% | Best: 56.64%
GPU 3: Completed task 50
GPU 3 (Worker 2): Processing task 55
Files already downloaded and verified
Files already downloaded and verified
[e12_fill|SGD+WD|cosine|wd_sched=fixed|T=100|lr0=0.1|lam0=0.004] start
[2026-09-13 10:38:02] [INFO]   [48/67] cosine mom=0.9 wd_sched=fixed lam0=0.0009 T=100 -> best=57.18 diverged=0 (393s)
[e12_fill|SGDM+WD|cosine|wd_sched=fixed|T=100|lr0=0.1|lam0=0.0009] Epoch 25/100 | Train Loss: 1.7894 | Train Acc: 35.90% | Test Acc: 36.42% | Best: 36.44%
[e12_fill|SGDM+WD|cosine|wd_sched=fixed|T=100|lr0=0.1|lam0=0.0009] Epoch 50/100 | Train Loss: 1.4333 | Train Acc: 49.72% | Test Acc: 45.74% | Best: 45.74%
[e12_fill|SGDM+WD|cosine|wd_sched=fixed|T=100|lr0=0.1|lam0=0.0009] Epoch 75/100 | Train Loss: 0.6550 | Train Acc: 77.02% | Test Acc: 52.60% | Best: 53.72%
[e12_fill|SGDM+WD|cosine|wd_sched=fixed|T=100|lr0=0.1|lam0=0.0009] Epoch 100/100 | Train Loss: 0.0847 | Train Acc: 98.90% | Test Acc: 57.18% | Best: 57.18%
GPU 0: Completed task 51
GPU 0 (Worker 2): Processing task 56
Files already downloaded and verified
Files already downloaded and verified
[e12_fill|SGD+WD|cosine|wd_sched=fixed|T=100|lr0=0.1|lam0=0.006] start
[2026-09-13 10:38:31] [INFO]   [49/67] cosine mom=0.0 wd_sched=fixed lam0=0.006 T=100 -> best=74.94 diverged=0 (790s)
[e12_fill|SGD+WD|cosine|wd_sched=fixed|T=100|lr0=0.1|lam0=0.006] Epoch 25/100 | Train Loss: 1.4880 | Train Acc: 59.46% | Test Acc: 31.80% | Best: 42.54%
[e12_fill|SGD+WD|cosine|wd_sched=fixed|T=100|lr0=0.1|lam0=0.006] Epoch 50/100 | Train Loss: 1.0278 | Train Acc: 71.51% | Test Acc: 53.52% | Best: 53.52%
[e12_fill|SGD+WD|cosine|wd_sched=fixed|T=100|lr0=0.1|lam0=0.006] Epoch 75/100 | Train Loss: 0.3196 | Train Acc: 91.43% | Test Acc: 67.38% | Best: 67.38%
[e12_fill|SGD+WD|cosine|wd_sched=fixed|T=100|lr0=0.1|lam0=0.006] Epoch 100/100 | Train Loss: 0.0455 | Train Acc: 99.86% | Test Acc: 74.79% | Best: 74.94%
GPU 0: Completed task 48
GPU 0 (Worker 0): Processing task 57
Files already downloaded and verified
Files already downloaded and verified
[e12_fill|SGDM+WD|cosine|wd_sched=fixed|T=100|lr0=0.1|lam0=0.0005] start
[2026-09-13 10:40:10] [INFO]   [50/67] cosine mom=0.9 wd_sched=fixed lam0=0.00105 T=100 -> best=56.61 diverged=0 (399s)
[e12_fill|SGDM+WD|cosine|wd_sched=fixed|T=100|lr0=0.1|lam0=0.00105] Epoch 25/100 | Train Loss: 1.7907 | Train Acc: 35.53% | Test Acc: 32.22% | Best: 37.80%
[e12_fill|SGDM+WD|cosine|wd_sched=fixed|T=100|lr0=0.1|lam0=0.00105] Epoch 50/100 | Train Loss: 1.4706 | Train Acc: 48.70% | Test Acc: 45.58% | Best: 45.59%
[e12_fill|SGDM+WD|cosine|wd_sched=fixed|T=100|lr0=0.1|lam0=0.00105] Epoch 75/100 | Train Loss: 0.7255 | Train Acc: 74.63% | Test Acc: 53.35% | Best: 54.39%
[e12_fill|SGDM+WD|cosine|wd_sched=fixed|T=100|lr0=0.1|lam0=0.00105] Epoch 100/100 | Train Loss: 0.1057 | Train Acc: 98.38% | Test Acc: 56.35% | Best: 56.61%
GPU 0: Completed task 52
GPU 0 (Worker 1): Processing task 58
Files already downloaded and verified
Files already downloaded and verified
[e12_fill|SGDM+WD|cosine|wd_sched=fixed|T=100|lr0=0.1|lam0=0.0007] start
[2026-09-13 10:42:26] [INFO]   [51/67] cosine mom=0.9 wd_sched=fixed lam0=0.0011 T=100 -> best=56.75 diverged=0 (395s)
[e12_fill|SGDM+WD|cosine|wd_sched=fixed|T=100|lr0=0.1|lam0=0.0011] Epoch 25/100 | Train Loss: 1.8036 | Train Acc: 34.75% | Test Acc: 33.64% | Best: 35.36%
[e12_fill|SGDM+WD|cosine|wd_sched=fixed|T=100|lr0=0.1|lam0=0.0011] Epoch 50/100 | Train Loss: 1.4712 | Train Acc: 48.51% | Test Acc: 46.75% | Best: 46.75%
[e12_fill|SGDM+WD|cosine|wd_sched=fixed|T=100|lr0=0.1|lam0=0.0011] Epoch 75/100 | Train Loss: 0.7469 | Train Acc: 73.69% | Test Acc: 53.86% | Best: 54.03%
[e12_fill|SGDM+WD|cosine|wd_sched=fixed|T=100|lr0=0.1|lam0=0.0011] Epoch 100/100 | Train Loss: 0.1185 | Train Acc: 97.91% | Test Acc: 56.64% | Best: 56.75%
GPU 3: Completed task 53
GPU 3 (Worker 0): Processing task 59
Files already downloaded and verified
Files already downloaded and verified
[e12_fill|SGDM+WD|cosine|wd_sched=fixed|T=100|lr0=0.1|lam0=0.0008] start
[2026-09-13 10:42:41] [INFO]   [52/67] cosine mom=0.9 wd_sched=fixed lam0=0.0013 T=100 -> best=56.65 diverged=0 (375s)
[e12_fill|SGDM+WD|cosine|wd_sched=fixed|T=100|lr0=0.1|lam0=0.0013] Epoch 25/100 | Train Loss: 1.8268 | Train Acc: 34.35% | Test Acc: 34.55% | Best: 36.74%
[e12_fill|SGDM+WD|cosine|wd_sched=fixed|T=100|lr0=0.1|lam0=0.0013] Epoch 50/100 | Train Loss: 1.4995 | Train Acc: 47.64% | Test Acc: 45.15% | Best: 45.15%
[e12_fill|SGDM+WD|cosine|wd_sched=fixed|T=100|lr0=0.1|lam0=0.0013] Epoch 75/100 | Train Loss: 0.8413 | Train Acc: 70.23% | Test Acc: 52.47% | Best: 53.27%
[e12_fill|SGDM+WD|cosine|wd_sched=fixed|T=100|lr0=0.1|lam0=0.0013] Epoch 100/100 | Train Loss: 0.1579 | Train Acc: 96.85% | Test Acc: 56.34% | Best: 56.65%
GPU 3: Completed task 54
GPU 3 (Worker 1): Processing task 60
Files already downloaded and verified
Files already downloaded and verified
[e12_fill|SGDM+WD|cosine|wd_sched=fixed|T=100|lr0=0.1|lam0=0.0009] start
[2026-09-13 10:44:11] [INFO]   [53/67] cosine mom=0.0 wd_sched=fixed lam0=0.006 T=100 -> best=57.69 diverged=0 (366s)
[e12_fill|SGD+WD|cosine|wd_sched=fixed|T=100|lr0=0.1|lam0=0.006] Epoch 25/100 | Train Loss: 1.0529 | Train Acc: 63.70% | Test Acc: 53.44% | Best: 54.71%
[e12_fill|SGD+WD|cosine|wd_sched=fixed|T=100|lr0=0.1|lam0=0.006] Epoch 50/100 | Train Loss: 0.8249 | Train Acc: 72.15% | Test Acc: 54.43% | Best: 55.30%
[e12_fill|SGD+WD|cosine|wd_sched=fixed|T=100|lr0=0.1|lam0=0.006] Epoch 75/100 | Train Loss: 0.4497 | Train Acc: 87.78% | Test Acc: 55.86% | Best: 56.82%
[e12_fill|SGD+WD|cosine|wd_sched=fixed|T=100|lr0=0.1|lam0=0.006] Epoch 100/100 | Train Loss: 0.2649 | Train Acc: 96.29% | Test Acc: 57.50% | Best: 57.69%
GPU 0: Completed task 56
GPU 0 (Worker 2): Processing task 61
Files already downloaded and verified
Files already downloaded and verified
[e12_fill|SGDM+WD|cosine|wd_sched=fixed|T=100|lr0=0.1|lam0=0.00105] start
[2026-09-13 10:44:16] [INFO]   [54/67] cosine mom=0.0 wd_sched=fixed lam0=0.004 T=100 -> best=57.58 diverged=0 (379s)
[e12_fill|SGD+WD|cosine|wd_sched=fixed|T=100|lr0=0.1|lam0=0.004] Epoch 25/100 | Train Loss: 0.8683 | Train Acc: 70.04% | Test Acc: 54.19% | Best: 55.49%
[e12_fill|SGD+WD|cosine|wd_sched=fixed|T=100|lr0=0.1|lam0=0.004] Epoch 50/100 | Train Loss: 0.5515 | Train Acc: 82.01% | Test Acc: 54.54% | Best: 56.01%
[e12_fill|SGD+WD|cosine|wd_sched=fixed|T=100|lr0=0.1|lam0=0.004] Epoch 75/100 | Train Loss: 0.2319 | Train Acc: 95.72% | Test Acc: 56.71% | Best: 56.90%
[e12_fill|SGD+WD|cosine|wd_sched=fixed|T=100|lr0=0.1|lam0=0.004] Epoch 100/100 | Train Loss: 0.1450 | Train Acc: 98.95% | Test Acc: 57.27% | Best: 57.58%
GPU 3: Completed task 55
GPU 3 (Worker 2): Processing task 62
Files already downloaded and verified
Files already downloaded and verified
[e12_fill|SGDM+WD|cosine|wd_sched=fixed|T=100|lr0=0.1|lam0=0.0011] start
[2026-09-13 10:44:58] [INFO]   [55/67] cosine mom=0.9 wd_sched=fixed lam0=0.0005 T=100 -> best=58.67 diverged=0 (382s)
[e12_fill|SGDM+WD|cosine|wd_sched=fixed|T=100|lr0=0.1|lam0=0.0005] Epoch 25/100 | Train Loss: 0.8583 | Train Acc: 69.48% | Test Acc: 53.85% | Best: 54.96%
[e12_fill|SGDM+WD|cosine|wd_sched=fixed|T=100|lr0=0.1|lam0=0.0005] Epoch 50/100 | Train Loss: 0.5273 | Train Acc: 81.57% | Test Acc: 54.48% | Best: 55.25%
[e12_fill|SGDM+WD|cosine|wd_sched=fixed|T=100|lr0=0.1|lam0=0.0005] Epoch 75/100 | Train Loss: 0.0784 | Train Acc: 98.30% | Test Acc: 56.74% | Best: 57.56%
[e12_fill|SGDM+WD|cosine|wd_sched=fixed|T=100|lr0=0.1|lam0=0.0005] Epoch 100/100 | Train Loss: 0.0119 | Train Acc: 99.99% | Test Acc: 58.34% | Best: 58.67%
GPU 0: Completed task 57
GPU 0 (Worker 0): Processing task 63
Files already downloaded and verified
Files already downloaded and verified
[e12_fill|SGDM+WD|cosine|wd_sched=fixed|T=100|lr0=0.1|lam0=0.0012] start
[2026-09-13 10:46:44] [INFO]   [56/67] cosine mom=0.9 wd_sched=fixed lam0=0.0007 T=100 -> best=57.71 diverged=0 (390s)
[e12_fill|SGDM+WD|cosine|wd_sched=fixed|T=100|lr0=0.1|lam0=0.0007] Epoch 25/100 | Train Loss: 1.0185 | Train Acc: 63.53% | Test Acc: 54.20% | Best: 54.96%
[e12_fill|SGDM+WD|cosine|wd_sched=fixed|T=100|lr0=0.1|lam0=0.0007] Epoch 50/100 | Train Loss: 0.7392 | Train Acc: 73.96% | Test Acc: 55.18% | Best: 55.18%
[e12_fill|SGDM+WD|cosine|wd_sched=fixed|T=100|lr0=0.1|lam0=0.0007] Epoch 75/100 | Train Loss: 0.2021 | Train Acc: 93.78% | Test Acc: 56.71% | Best: 56.71%
[e12_fill|SGDM+WD|cosine|wd_sched=fixed|T=100|lr0=0.1|lam0=0.0007] Epoch 100/100 | Train Loss: 0.0169 | Train Acc: 99.95% | Test Acc: 57.64% | Best: 57.71%
GPU 0: Completed task 58
GPU 0 (Worker 1): Processing task 64
Files already downloaded and verified
Files already downloaded and verified
[e12_fill|SGDM+WD|cosine|wd_sched=fixed|T=100|lr0=0.1|lam0=0.0013] start
[2026-09-13 10:49:01] [INFO]   [57/67] cosine mom=0.9 wd_sched=fixed lam0=0.0009 T=100 -> best=57.60 diverged=0 (376s)
[e12_fill|SGDM+WD|cosine|wd_sched=fixed|T=100|lr0=0.1|lam0=0.0009] Epoch 25/100 | Train Loss: 1.1204 | Train Acc: 60.37% | Test Acc: 54.44% | Best: 54.44%
[e12_fill|SGDM+WD|cosine|wd_sched=fixed|T=100|lr0=0.1|lam0=0.0009] Epoch 50/100 | Train Loss: 0.8908 | Train Acc: 68.47% | Test Acc: 54.68% | Best: 54.92%
[e12_fill|SGDM+WD|cosine|wd_sched=fixed|T=100|lr0=0.1|lam0=0.0009] Epoch 75/100 | Train Loss: 0.3418 | Train Acc: 88.69% | Test Acc: 56.14% | Best: 56.77%
[e12_fill|SGDM+WD|cosine|wd_sched=fixed|T=100|lr0=0.1|lam0=0.0009] Epoch 100/100 | Train Loss: 0.0234 | Train Acc: 99.92% | Test Acc: 57.53% | Best: 57.60%
GPU 3: Completed task 60
GPU 3 (Worker 1): Processing task 65
Files already downloaded and verified
Files already downloaded and verified
[e12_fill|SGD+WD|cosine|wd_sched=fixed|T=100|lr0=0.1|lam0=0.004] start
[2026-09-13 10:49:04] [INFO]   [58/67] cosine mom=0.9 wd_sched=fixed lam0=0.0008 T=100 -> best=57.94 diverged=0 (394s)
[e12_fill|SGDM+WD|cosine|wd_sched=fixed|T=100|lr0=0.1|lam0=0.0008] Epoch 25/100 | Train Loss: 1.0708 | Train Acc: 61.77% | Test Acc: 54.44% | Best: 54.44%
[e12_fill|SGDM+WD|cosine|wd_sched=fixed|T=100|lr0=0.1|lam0=0.0008] Epoch 50/100 | Train Loss: 0.8238 | Train Acc: 70.87% | Test Acc: 54.91% | Best: 55.00%
[e12_fill|SGDM+WD|cosine|wd_sched=fixed|T=100|lr0=0.1|lam0=0.0008] Epoch 75/100 | Train Loss: 0.2657 | Train Acc: 91.47% | Test Acc: 55.71% | Best: 56.61%
[e12_fill|SGDM+WD|cosine|wd_sched=fixed|T=100|lr0=0.1|lam0=0.0008] Epoch 100/100 | Train Loss: 0.0191 | Train Acc: 99.94% | Test Acc: 57.28% | Best: 57.94%
GPU 3: Completed task 59
GPU 3 (Worker 0): Processing task 66
Files already downloaded and verified
Files already downloaded and verified
[e12_fill|SGD+WD|cosine|wd_sched=fixed|T=100|lr0=0.1|lam0=0.006] start
[e12_fill|SGDM+WD|cosine|wd_sched=fixed|T=100|lr0=0.1|lam0=0.00105] Epoch 25/100 | Train Loss: 1.1789 | Train Acc: 58.02% | Test Acc: 53.22% | Best: 53.22%
[e12_fill|SGDM+WD|cosine|wd_sched=fixed|T=100|lr0=0.1|lam0=0.00105] Epoch 50/100 | Train Loss: 0.9826 | Train Acc: 65.23% | Test Acc: 54.06% | Best: 54.73%
[e12_fill|SGDM+WD|cosine|wd_sched=fixed|T=100|lr0=0.1|lam0=0.00105] Epoch 75/100 | Train Loss: 0.4421 | Train Acc: 85.05% | Test Acc: 55.21% | Best: 56.49%
[e12_fill|SGDM+WD|cosine|wd_sched=fixed|T=100|lr0=0.1|lam0=0.00105] Epoch 100/100 | Train Loss: 0.0296 | Train Acc: 99.86% | Test Acc: 56.81% | Best: 57.06%
GPU 0: Completed task 61
Worker on GPU 0 finished
[2026-09-13 10:50:34] [INFO]   [59/67] cosine mom=0.9 wd_sched=fixed lam0=0.00105 T=100 -> best=57.06 diverged=0 (380s)
[e12_fill|SGDM+WD|cosine|wd_sched=fixed|T=100|lr0=0.1|lam0=0.0011] Epoch 25/100 | Train Loss: 1.1928 | Train Acc: 57.51% | Test Acc: 53.47% | Best: 53.47%
[e12_fill|SGDM+WD|cosine|wd_sched=fixed|T=100|lr0=0.1|lam0=0.0011] Epoch 50/100 | Train Loss: 1.0035 | Train Acc: 64.23% | Test Acc: 54.48% | Best: 54.86%
[e12_fill|SGDM+WD|cosine|wd_sched=fixed|T=100|lr0=0.1|lam0=0.0011] Epoch 75/100 | Train Loss: 0.4799 | Train Acc: 83.64% | Test Acc: 55.73% | Best: 55.93%
[e12_fill|SGDM+WD|cosine|wd_sched=fixed|T=100|lr0=0.1|lam0=0.0011] Epoch 100/100 | Train Loss: 0.0337 | Train Acc: 99.81% | Test Acc: 56.45% | Best: 56.72%
GPU 3: Completed task 62
Worker on GPU 3 finished
[2026-09-13 10:50:48] [INFO]   [60/67] cosine mom=0.9 wd_sched=fixed lam0=0.0011 T=100 -> best=56.72 diverged=0 (388s)
[e12_fill|SGDM+WD|cosine|wd_sched=fixed|T=100|lr0=0.1|lam0=0.0012] Epoch 25/100 | Train Loss: 1.2191 | Train Acc: 56.63% | Test Acc: 52.59% | Best: 52.59%
[e12_fill|SGDM+WD|cosine|wd_sched=fixed|T=100|lr0=0.1|lam0=0.0012] Epoch 50/100 | Train Loss: 1.0506 | Train Acc: 62.89% | Test Acc: 53.68% | Best: 54.35%
[e12_fill|SGDM+WD|cosine|wd_sched=fixed|T=100|lr0=0.1|lam0=0.0012] Epoch 75/100 | Train Loss: 0.5413 | Train Acc: 81.33% | Test Acc: 56.17% | Best: 56.22%
[e12_fill|SGDM+WD|cosine|wd_sched=fixed|T=100|lr0=0.1|lam0=0.0012] Epoch 100/100 | Train Loss: 0.0386 | Train Acc: 99.70% | Test Acc: 57.18% | Best: 57.38%
GPU 0: Completed task 63
Worker on GPU 0 finished
[2026-09-13 10:51:32] [INFO]   [61/67] cosine mom=0.9 wd_sched=fixed lam0=0.0012 T=100 -> best=57.38 diverged=0 (390s)
[2026-09-13 10:53:19] [INFO]   [62/67] cosine mom=0.9 wd_sched=fixed lam0=0.0013 T=100 -> best=56.97 diverged=0 (392s)
[e12_fill|SGDM+WD|cosine|wd_sched=fixed|T=100|lr0=0.1|lam0=0.0013] Epoch 25/100 | Train Loss: 1.2488 | Train Acc: 55.52% | Test Acc: 52.80% | Best: 52.91%
[e12_fill|SGDM+WD|cosine|wd_sched=fixed|T=100|lr0=0.1|lam0=0.0013] Epoch 50/100 | Train Loss: 1.0871 | Train Acc: 61.24% | Test Acc: 53.58% | Best: 54.22%
[e12_fill|SGDM+WD|cosine|wd_sched=fixed|T=100|lr0=0.1|lam0=0.0013] Epoch 75/100 | Train Loss: 0.5933 | Train Acc: 79.63% | Test Acc: 56.08% | Best: 56.10%
[e12_fill|SGDM+WD|cosine|wd_sched=fixed|T=100|lr0=0.1|lam0=0.0013] Epoch 100/100 | Train Loss: 0.0457 | Train Acc: 99.65% | Test Acc: 56.57% | Best: 56.97%
GPU 0: Completed task 64
Worker on GPU 0 finished
[e12_fill|SGD+WD|cosine|wd_sched=fixed|T=100|lr0=0.1|lam0=0.004] Epoch 25/100 | Train Loss: 0.9006 | Train Acc: 69.07% | Test Acc: 51.77% | Best: 54.44%
[e12_fill|SGD+WD|cosine|wd_sched=fixed|T=100|lr0=0.1|lam0=0.004] Epoch 50/100 | Train Loss: 0.6401 | Train Acc: 78.57% | Test Acc: 49.39% | Best: 54.44%
[e12_fill|SGD+WD|cosine|wd_sched=fixed|T=100|lr0=0.1|lam0=0.004] Epoch 75/100 | Train Loss: 0.2119 | Train Acc: 94.62% | Test Acc: 53.05% | Best: 54.44%
[e12_fill|SGD+WD|cosine|wd_sched=fixed|T=100|lr0=0.1|lam0=0.004] Epoch 100/100 | Train Loss: 0.0457 | Train Acc: 99.79% | Test Acc: 54.83% | Best: 55.10%
GPU 3: Completed task 65
Worker on GPU 3 finished
[2026-09-13 10:55:17] [INFO]   [63/67] cosine mom=0.0 wd_sched=fixed lam0=0.004 T=100 -> best=55.10 diverged=0 (373s)
[e12_fill|SGD+WD|cosine|wd_sched=fixed|T=100|lr0=0.1|lam0=0.006] Epoch 25/100 | Train Loss: 1.0647 | Train Acc: 63.19% | Test Acc: 50.21% | Best: 53.39%
[e12_fill|SGD+WD|cosine|wd_sched=fixed|T=100|lr0=0.1|lam0=0.006] Epoch 50/100 | Train Loss: 0.8513 | Train Acc: 71.34% | Test Acc: 51.11% | Best: 53.93%
[e12_fill|SGD+WD|cosine|wd_sched=fixed|T=100|lr0=0.1|lam0=0.006] Epoch 75/100 | Train Loss: 0.3809 | Train Acc: 89.12% | Test Acc: 52.84% | Best: 53.93%
[e12_fill|SGD+WD|cosine|wd_sched=fixed|T=100|lr0=0.1|lam0=0.006] Epoch 100/100 | Train Loss: 0.0779 | Train Acc: 99.54% | Test Acc: 54.97% | Best: 55.14%
GPU 3: Completed task 66
Worker on GPU 3 finished
[2026-09-13 10:55:25] [INFO]   [64/67] cosine mom=0.0 wd_sched=fixed lam0=0.006 T=100 -> best=55.14 diverged=0 (378s)
[e12_fill|SGDM+WD|cosine|wd_sched=fixed|T=100|lr0=0.1|lam0=0.0007] Epoch 25/100 | Train Loss: 1.5625 | Train Acc: 56.15% | Test Acc: 47.84% | Best: 49.31%
[e12_fill|SGDM+WD|cosine|wd_sched=fixed|T=100|lr0=0.1|lam0=0.0007] Epoch 50/100 | Train Loss: 1.0631 | Train Acc: 68.84% | Test Acc: 58.51% | Best: 58.51%
[e12_fill|SGDM+WD|cosine|wd_sched=fixed|T=100|lr0=0.1|lam0=0.0007] Epoch 75/100 | Train Loss: 0.3679 | Train Acc: 88.60% | Test Acc: 67.12% | Best: 67.42%
[e12_fill|SGDM+WD|cosine|wd_sched=fixed|T=100|lr0=0.1|lam0=0.0007] Epoch 100/100 | Train Loss: 0.0153 | Train Acc: 99.88% | Test Acc: 76.65% | Best: 76.65%
GPU 2: Completed task 27
Worker on GPU 2 finished
[2026-09-13 10:55:55] [INFO]   [65/67] cosine mom=0.9 wd_sched=fixed lam0=0.0007 T=100 -> best=76.65 diverged=0 (7569s)
[e12_fill|SGDM+WD|cosine|wd_sched=fixed|T=100|lr0=0.1|lam0=0.0012] Epoch 25/100 | Train Loss: 1.7863 | Train Acc: 50.45% | Test Acc: 41.92% | Best: 41.92%
[e12_fill|SGDM+WD|cosine|wd_sched=fixed|T=100|lr0=0.1|lam0=0.0012] Epoch 50/100 | Train Loss: 1.3655 | Train Acc: 61.00% | Test Acc: 44.63% | Best: 51.50%
[e12_fill|SGDM+WD|cosine|wd_sched=fixed|T=100|lr0=0.1|lam0=0.0012] Epoch 75/100 | Train Loss: 0.6901 | Train Acc: 79.17% | Test Acc: 66.14% | Best: 66.14%
[e12_fill|SGDM+WD|cosine|wd_sched=fixed|T=100|lr0=0.1|lam0=0.0012] Epoch 100/100 | Train Loss: 0.0363 | Train Acc: 99.58% | Test Acc: 77.71% | Best: 77.71%
GPU 2: Completed task 29
Worker on GPU 2 finished
[2026-09-13 10:56:32] [INFO]   [66/67] cosine mom=0.9 wd_sched=fixed lam0=0.0012 T=100 -> best=77.71 diverged=0 (7589s)
[e12_fill|SGDM+WD|cosine|wd_sched=fixed|T=100|lr0=0.1|lam0=0.00105] Epoch 25/100 | Train Loss: 1.7587 | Train Acc: 51.53% | Test Acc: 45.14% | Best: 45.14%
[e12_fill|SGDM+WD|cosine|wd_sched=fixed|T=100|lr0=0.1|lam0=0.00105] Epoch 50/100 | Train Loss: 1.3016 | Train Acc: 62.77% | Test Acc: 46.83% | Best: 52.91%
[e12_fill|SGDM+WD|cosine|wd_sched=fixed|T=100|lr0=0.1|lam0=0.00105] Epoch 75/100 | Train Loss: 0.5988 | Train Acc: 81.74% | Test Acc: 67.84% | Best: 67.84%
[e12_fill|SGDM+WD|cosine|wd_sched=fixed|T=100|lr0=0.1|lam0=0.00105] Epoch 100/100 | Train Loss: 0.0299 | Train Acc: 99.70% | Test Acc: 76.99% | Best: 77.15%
GPU 2: Completed task 28
Worker on GPU 2 finished
[2026-09-13 10:56:32] [INFO]   [67/67] cosine mom=0.9 wd_sched=fixed lam0=0.00105 T=100 -> best=77.15 diverged=0 (7589s)
================================================================================
All workers finished. Completed 67 tasks.
[2026-09-13 10:56:34] [INFO] e12_ms: finished 67/67 in 253.3 min
