=== 2026-09-10 05:13:53 E12 sweep=e12_fixed phase=all model=resnet50 dataset=cifar100 gpus=3,6 wpg=2 ===
[2026-09-10 05:13:56] [INFO] sweep=e12_fixed phase=all gpus=[3, 6] seeds=[42] workers_per_gpu=2 model=resnet50 dataset=cifar100 n_cfgs=14
[2026-09-10 05:13:56] [INFO] E8-e12_fixed-all: 14 configs, 0 already done, 14 to run
[2026-09-10 05:13:56] [INFO] E8-e12_fixed-all: budget ~14.0 units
GPU Scheduler initialized with GPUs: [3, 6]
  Workers per GPU: 2 (Total workers: 4)

Started 4 workers (2 per GPU) for 14 tasks
================================================================================
Worker 0 started on GPU 3 (PID: 331422)
GPU 3 (Worker 0): Processing task 0
Worker 1 started on GPU 3 (PID: 331423)
GPU 3 (Worker 1): Processing task 1
Worker 0 started on GPU 6 (PID: 331424)
GPU 6 (Worker 0): Processing task 2
Worker 1 started on GPU 6 (PID: 331425)
GPU 6 (Worker 1): Processing task 3
Files already downloaded and verified
Files already downloaded and verified
Files already downloaded and verified
Files already downloaded and verified
Files already downloaded and verified
Files already downloaded and verified
Files already downloaded and verified
Files already downloaded and verified
[e12_fixed|SGD+WD|cosine|wd_sched=fixed|T=100|lr0=0.1|lam0=0.001] start
[e12_fixed|SGD+WD|cosine|wd_sched=fixed|T=100|lr0=0.1|lam0=0.002] start
[e12_fixed|SGD+WD|cosine|wd_sched=fixed|T=100|lr0=0.1|lam0=0.003] start
[e12_fixed|SGD+WD|cosine|wd_sched=fixed|T=100|lr0=0.1|lam0=0.005] start
/home/yzy/Documents/GitHub/wd/wd_core/utils.py:69: FutureWarning: `torch.cuda.amp.autocast(args...)` is deprecated. Please use `torch.amp.autocast('cuda', args...)` instead.
  with autocast():
/home/yzy/Documents/GitHub/wd/wd_core/utils.py:69: FutureWarning: `torch.cuda.amp.autocast(args...)` is deprecated. Please use `torch.amp.autocast('cuda', args...)` instead.
  with autocast():
/home/yzy/Documents/GitHub/wd/wd_core/utils.py:69: FutureWarning: `torch.cuda.amp.autocast(args...)` is deprecated. Please use `torch.amp.autocast('cuda', args...)` instead.
  with autocast():
/home/yzy/Documents/GitHub/wd/wd_core/utils.py:69: FutureWarning: `torch.cuda.amp.autocast(args...)` is deprecated. Please use `torch.amp.autocast('cuda', args...)` instead.
  with autocast():
[e12_fixed|SGD+WD|cosine|wd_sched=fixed|T=100|lr0=0.1|lam0=0.002] Epoch 25/100 | Train Loss: 0.8170 | Train Acc: 75.69% | Test Acc: 61.12% | Best: 61.64%
[e12_fixed|SGD+WD|cosine|wd_sched=fixed|T=100|lr0=0.1|lam0=0.001] Epoch 25/100 | Train Loss: 0.6152 | Train Acc: 80.79% | Test Acc: 58.94% | Best: 62.77%
[e12_fixed|SGD+WD|cosine|wd_sched=fixed|T=100|lr0=0.1|lam0=0.003] Epoch 25/100 | Train Loss: 1.0455 | Train Acc: 70.05% | Test Acc: 53.02% | Best: 54.23%
[e12_fixed|SGD+WD|cosine|wd_sched=fixed|T=100|lr0=0.1|lam0=0.005] Epoch 25/100 | Train Loss: 1.2952 | Train Acc: 63.93% | Test Acc: 36.93% | Best: 47.17%
[e12_fixed|SGD+WD|cosine|wd_sched=fixed|T=100|lr0=0.1|lam0=0.001] Epoch 50/100 | Train Loss: 0.1189 | Train Acc: 97.05% | Test Acc: 68.16% | Best: 70.36%
[e12_fixed|SGD+WD|cosine|wd_sched=fixed|T=100|lr0=0.1|lam0=0.002] Epoch 50/100 | Train Loss: 0.3879 | Train Acc: 88.69% | Test Acc: 63.01% | Best: 64.70%
[e12_fixed|SGD+WD|cosine|wd_sched=fixed|T=100|lr0=0.1|lam0=0.003] Epoch 50/100 | Train Loss: 0.5992 | Train Acc: 82.70% | Test Acc: 56.15% | Best: 62.57%
[e12_fixed|SGD+WD|cosine|wd_sched=fixed|T=100|lr0=0.1|lam0=0.005] Epoch 50/100 | Train Loss: 0.8718 | Train Acc: 75.66% | Test Acc: 49.92% | Best: 57.22%
[e12_fixed|SGD+WD|cosine|wd_sched=fixed|T=100|lr0=0.1|lam0=0.002] Epoch 75/100 | Train Loss: 0.0351 | Train Acc: 99.65% | Test Acc: 77.31% | Best: 77.31%
[e12_fixed|SGD+WD|cosine|wd_sched=fixed|T=100|lr0=0.1|lam0=0.001] Epoch 75/100 | Train Loss: 0.0101 | Train Acc: 99.96% | Test Acc: 77.54% | Best: 77.54%
[e12_fixed|SGD+WD|cosine|wd_sched=fixed|T=100|lr0=0.1|lam0=0.003] Epoch 75/100 | Train Loss: 0.0991 | Train Acc: 98.09% | Test Acc: 74.91% | Best: 74.93%
[e12_fixed|SGD+WD|cosine|wd_sched=fixed|T=100|lr0=0.1|lam0=0.005] Epoch 75/100 | Train Loss: 0.2835 | Train Acc: 93.00% | Test Acc: 67.33% | Best: 71.80%
[e12_fixed|SGD+WD|cosine|wd_sched=fixed|T=100|lr0=0.1|lam0=0.002] Epoch 100/100 | Train Loss: 0.0195 | Train Acc: 99.96% | Test Acc: 78.26% | Best: 78.64%
GPU 3: Completed task 1
GPU 3 (Worker 1): Processing task 4
[2026-09-10 06:35:08] [INFO]   [1/14] cosine mom=0.0 wd_sched=fixed lam0=0.002 T=100 -> best=78.64 diverged=0 (4864s)
[e12_fixed|SGD+WD|cosine|wd_sched=fixed|T=100|lr0=0.1|lam0=0.001] Epoch 100/100 | Train Loss: 0.0085 | Train Acc: 99.98% | Test Acc: 77.47% | Best: 77.63%
Files already downloaded and verified
Files already downloaded and verified
GPU 3: Completed task 0
[2026-09-10 06:35:10] [INFO]   [2/14] cosine mom=0.0 wd_sched=fixed lam0=0.001 T=100 -> best=77.63 diverged=0 (4866s)
GPU 3 (Worker 0): Processing task 5
Files already downloaded and verified
[e12_fixed|SGD+WD|cosine|wd_sched=fixed|T=100|lr0=0.1|lam0=0.0075] start
Files already downloaded and verified
[e12_fixed|SGD+WD|cosine|wd_sched=fixed|T=100|lr0=0.1|lam0=0.01] start
[e12_fixed|SGD+WD|cosine|wd_sched=fixed|T=100|lr0=0.1|lam0=0.0075] Epoch 25/100 | Train Loss: 1.5568 | Train Acc: 57.90% | Test Acc: 25.97% | Best: 40.42%
[e12_fixed|SGD+WD|cosine|wd_sched=fixed|T=100|lr0=0.1|lam0=0.01] Epoch 25/100 | Train Loss: 1.7614 | Train Acc: 53.17% | Test Acc: 28.12% | Best: 38.01%
[e12_fixed|SGD+WD|cosine|wd_sched=fixed|T=100|lr0=0.1|lam0=0.003] Epoch 100/100 | Train Loss: 0.0318 | Train Acc: 99.91% | Test Acc: 78.80% | Best: 78.94%
GPU 6: Completed task 2
GPU 6 (Worker 0): Processing task 6
[2026-09-10 06:59:00] [INFO]   [3/14] cosine mom=0.0 wd_sched=fixed lam0=0.003 T=100 -> best=78.94 diverged=0 (6296s)
Files already downloaded and verified
Files already downloaded and verified
[e12_fixed|SGD+WD|cosine|wd_sched=fixed|T=100|lr0=0.1|lam0=0.02] start
[e12_fixed|SGD+WD|cosine|wd_sched=fixed|T=100|lr0=0.1|lam0=0.005] Epoch 100/100 | Train Loss: 0.0532 | Train Acc: 99.87% | Test Acc: 79.10% | Best: 79.21%
GPU 6: Completed task 3
GPU 6 (Worker 1): Processing task 7
[2026-09-10 06:59:28] [INFO]   [4/14] cosine mom=0.0 wd_sched=fixed lam0=0.005 T=100 -> best=79.21 diverged=0 (6324s)
Files already downloaded and verified
Files already downloaded and verified
[e12_fixed|SGDM+WD|cosine|wd_sched=fixed|T=100|lr0=0.1|lam0=0.0001] start
[e12_fixed|SGD+WD|cosine|wd_sched=fixed|T=100|lr0=0.1|lam0=0.0075] Epoch 50/100 | Train Loss: 1.1594 | Train Acc: 68.52% | Test Acc: 44.02% | Best: 55.97%
[e12_fixed|SGD+WD|cosine|wd_sched=fixed|T=100|lr0=0.1|lam0=0.01] Epoch 50/100 | Train Loss: 1.3713 | Train Acc: 63.78% | Test Acc: 38.57% | Best: 45.00%
[e12_fixed|SGD+WD|cosine|wd_sched=fixed|T=100|lr0=0.1|lam0=0.02] Epoch 25/100 | Train Loss: 2.6016 | Train Acc: 34.73% | Test Acc: 21.29% | Best: 25.08%
[e12_fixed|SGDM+WD|cosine|wd_sched=fixed|T=100|lr0=0.1|lam0=0.0001] Epoch 25/100 | Train Loss: 1.0267 | Train Acc: 69.25% | Test Acc: 58.15% | Best: 58.15%
[e12_fixed|SGD+WD|cosine|wd_sched=fixed|T=100|lr0=0.1|lam0=0.0075] Epoch 75/100 | Train Loss: 0.5242 | Train Acc: 86.60% | Test Acc: 64.73% | Best: 67.28%
[e12_fixed|SGD+WD|cosine|wd_sched=fixed|T=100|lr0=0.1|lam0=0.01] Epoch 75/100 | Train Loss: 0.7172 | Train Acc: 82.03% | Test Acc: 62.47% | Best: 64.48%
[e12_fixed|SGD+WD|cosine|wd_sched=fixed|T=100|lr0=0.1|lam0=0.02] Epoch 50/100 | Train Loss: 2.1634 | Train Acc: 45.47% | Test Acc: 25.83% | Best: 31.58%
[e12_fixed|SGDM+WD|cosine|wd_sched=fixed|T=100|lr0=0.1|lam0=0.0001] Epoch 50/100 | Train Loss: 0.2170 | Train Acc: 92.95% | Test Acc: 66.00% | Best: 66.40%
[e12_fixed|SGD+WD|cosine|wd_sched=fixed|T=100|lr0=0.1|lam0=0.0075] Epoch 100/100 | Train Loss: 0.0945 | Train Acc: 99.66% | Test Acc: 78.84% | Best: 78.98%
GPU 3: Completed task 4
GPU 3 (Worker 1): Processing task 8
[2026-09-10 07:56:26] [INFO]   [5/14] cosine mom=0.0 wd_sched=fixed lam0=0.0075 T=100 -> best=78.98 diverged=0 (4873s)
Files already downloaded and verified
[e12_fixed|SGD+WD|cosine|wd_sched=fixed|T=100|lr0=0.1|lam0=0.01] Epoch 100/100 | Train Loss: 0.1375 | Train Acc: 99.43% | Test Acc: 78.59% | Best: 78.65%
Files already downloaded and verified
[e12_fixed|SGDM+WD|cosine|wd_sched=fixed|T=100|lr0=0.1|lam0=0.0003] start
GPU 3: Completed task 5
GPU 3 (Worker 0): Processing task 9
[2026-09-10 07:56:28] [INFO]   [6/14] cosine mom=0.0 wd_sched=fixed lam0=0.01 T=100 -> best=78.65 diverged=0 (4874s)
Files already downloaded and verified
Files already downloaded and verified
[e12_fixed|SGDM+WD|cosine|wd_sched=fixed|T=100|lr0=0.1|lam0=0.0006] start
[e12_fixed|SGD+WD|cosine|wd_sched=fixed|T=100|lr0=0.1|lam0=0.02] Epoch 75/100 | Train Loss: 1.4827 | Train Acc: 63.48% | Test Acc: 44.34% | Best: 47.04%
[e12_fixed|SGDM+WD|cosine|wd_sched=fixed|T=100|lr0=0.1|lam0=0.0001] Epoch 75/100 | Train Loss: 0.0072 | Train Acc: 99.93% | Test Acc: 72.06% | Best: 72.15%
[e12_fixed|SGDM+WD|cosine|wd_sched=fixed|T=100|lr0=0.1|lam0=0.0003] Epoch 25/100 | Train Loss: 1.2818 | Train Acc: 63.00% | Test Acc: 54.18% | Best: 54.18%
[e12_fixed|SGDM+WD|cosine|wd_sched=fixed|T=100|lr0=0.1|lam0=0.0006] Epoch 25/100 | Train Loss: 1.4776 | Train Acc: 58.17% | Test Acc: 45.05% | Best: 50.06%
[e12_fixed|SGDM+WD|cosine|wd_sched=fixed|T=100|lr0=0.1|lam0=0.0006] Epoch 50/100 | Train Loss: 0.9734 | Train Acc: 71.13% | Test Acc: 54.02% | Best: 59.56%
[e12_fixed|SGDM+WD|cosine|wd_sched=fixed|T=100|lr0=0.1|lam0=0.0003] Epoch 50/100 | Train Loss: 0.5746 | Train Acc: 82.05% | Test Acc: 63.12% | Best: 63.84%
[e12_fixed|SGD+WD|cosine|wd_sched=fixed|T=100|lr0=0.1|lam0=0.02] Epoch 100/100 | Train Loss: 0.5503 | Train Acc: 91.81% | Test Acc: 73.29% | Best: 73.40%
GPU 6: Completed task 6
GPU 6 (Worker 0): Processing task 10
[2026-09-10 08:40:54] [INFO]   [7/14] cosine mom=0.0 wd_sched=fixed lam0=0.02 T=100 -> best=73.40 diverged=0 (6110s)
Files already downloaded and verified
Files already downloaded and verified
[e12_fixed|SGDM+WD|cosine|wd_sched=fixed|T=100|lr0=0.1|lam0=0.001] start
[e12_fixed|SGDM+WD|cosine|wd_sched=fixed|T=100|lr0=0.1|lam0=0.0001] Epoch 100/100 | Train Loss: 0.0042 | Train Acc: 99.96% | Test Acc: 72.66% | Best: 72.66%
GPU 6: Completed task 7
GPU 6 (Worker 1): Processing task 11
[2026-09-10 08:41:28] [INFO]   [8/14] cosine mom=0.9 wd_sched=fixed lam0=0.0001 T=100 -> best=72.66 diverged=0 (6114s)
Files already downloaded and verified
Files already downloaded and verified
[e12_fixed|SGDM+WD|cosine|wd_sched=fixed|T=100|lr0=0.1|lam0=0.002] start
[e12_fixed|SGDM+WD|cosine|wd_sched=fixed|T=100|lr0=0.1|lam0=0.0006] Epoch 75/100 | Train Loss: 0.2757 | Train Acc: 91.44% | Test Acc: 69.56% | Best: 69.56%
[e12_fixed|SGDM+WD|cosine|wd_sched=fixed|T=100|lr0=0.1|lam0=0.0003] Epoch 75/100 | Train Loss: 0.0356 | Train Acc: 99.37% | Test Acc: 72.55% | Best: 72.68%
[e12_fixed|SGDM+WD|cosine|wd_sched=fixed|T=100|lr0=0.1|lam0=0.001] Epoch 25/100 | Train Loss: 1.8944 | Train Acc: 47.94% | Test Acc: 40.84% | Best: 42.36%
[e12_fixed|SGDM+WD|cosine|wd_sched=fixed|T=100|lr0=0.1|lam0=0.002] Epoch 25/100 | Train Loss: 2.4350 | Train Acc: 36.04% | Test Acc: 33.51% | Best: 33.51%
[e12_fixed|SGDM+WD|cosine|wd_sched=fixed|T=100|lr0=0.1|lam0=0.0006] Epoch 100/100 | Train Loss: 0.0140 | Train Acc: 99.91% | Test Acc: 76.07% | Best: 76.07%
[e12_fixed|SGDM+WD|cosine|wd_sched=fixed|T=100|lr0=0.1|lam0=0.0003] Epoch 100/100 | Train Loss: 0.0078 | Train Acc: 99.96% | Test Acc: 74.67% | Best: 74.94%
[2026-09-10 09:18:26] [INFO]   [9/14] cosine mom=0.9 wd_sched=fixed lam0=0.0006 T=100 -> best=76.07 diverged=0 (4914s)
GPU 3: Completed task 9
GPU 3 (Worker 0): Processing task 12
Files already downloaded and verified
GPU 3: Completed task 8
GPU 3 (Worker 1): Processing task 13
[2026-09-10 09:18:27] [INFO]   [10/14] cosine mom=0.9 wd_sched=fixed lam0=0.0003 T=100 -> best=74.94 diverged=0 (4917s)
Files already downloaded and verified
Files already downloaded and verified
[e12_fixed|SGDM+WD|cosine|wd_sched=fixed|T=100|lr0=0.1|lam0=0.003] start
Files already downloaded and verified
[e12_fixed|SGDM+WD|cosine|wd_sched=fixed|T=100|lr0=0.1|lam0=0.005] start
[e12_fixed|SGDM+WD|cosine|wd_sched=fixed|T=100|lr0=0.1|lam0=0.001] Epoch 50/100 | Train Loss: 1.3686 | Train Acc: 61.13% | Test Acc: 50.52% | Best: 51.98%
[e12_fixed|SGDM+WD|cosine|wd_sched=fixed|T=100|lr0=0.1|lam0=0.002] Epoch 50/100 | Train Loss: 1.9956 | Train Acc: 46.29% | Test Acc: 38.06% | Best: 38.67%
[e12_fixed|SGDM+WD|cosine|wd_sched=fixed|T=100|lr0=0.1|lam0=0.003] Epoch 25/100 | Train Loss: 2.9035 | Train Acc: 26.80% | Test Acc: 21.78% | Best: 21.78%
[e12_fixed|SGDM+WD|cosine|wd_sched=fixed|T=100|lr0=0.1|lam0=0.005] Epoch 25/100 | Train Loss: 3.4606 | Train Acc: 16.31% | Test Acc: 8.32% | Best: 11.54%
[e12_fixed|SGDM+WD|cosine|wd_sched=fixed|T=100|lr0=0.1|lam0=0.001] Epoch 75/100 | Train Loss: 0.5882 | Train Acc: 82.58% | Test Acc: 66.51% | Best: 66.51%
[e12_fixed|SGDM+WD|cosine|wd_sched=fixed|T=100|lr0=0.1|lam0=0.003] Epoch 50/100 | Train Loss: 2.5061 | Train Acc: 35.27% | Test Acc: 26.05% | Best: 30.13%
[e12_fixed|SGDM+WD|cosine|wd_sched=fixed|T=100|lr0=0.1|lam0=0.005] Epoch 50/100 | Train Loss: 3.1436 | Train Acc: 22.09% | Test Acc: 13.81% | Best: 17.70%
[e12_fixed|SGDM+WD|cosine|wd_sched=fixed|T=100|lr0=0.1|lam0=0.002] Epoch 75/100 | Train Loss: 1.2706 | Train Acc: 64.17% | Test Acc: 56.54% | Best: 56.54%
[e12_fixed|SGDM+WD|cosine|wd_sched=fixed|T=100|lr0=0.1|lam0=0.003] Epoch 75/100 | Train Loss: 1.8595 | Train Acc: 50.22% | Test Acc: 46.52% | Best: 46.52%
[e12_fixed|SGDM+WD|cosine|wd_sched=fixed|T=100|lr0=0.1|lam0=0.005] Epoch 75/100 | Train Loss: 2.5216 | Train Acc: 35.54% | Test Acc: 32.20% | Best: 32.20%
[e12_fixed|SGDM+WD|cosine|wd_sched=fixed|T=100|lr0=0.1|lam0=0.001] Epoch 100/100 | Train Loss: 0.0337 | Train Acc: 99.74% | Test Acc: 75.66% | Best: 75.66%
GPU 6: Completed task 10
Worker on GPU 6 finished
[2026-09-10 10:25:03] [INFO]   [11/14] cosine mom=0.9 wd_sched=fixed lam0=0.001 T=100 -> best=75.66 diverged=0 (6244s)
[e12_fixed|SGDM+WD|cosine|wd_sched=fixed|T=100|lr0=0.1|lam0=0.002] Epoch 100/100 | Train Loss: 0.2294 | Train Acc: 95.29% | Test Acc: 72.34% | Best: 72.34%
GPU 6: Completed task 11
Worker on GPU 6 finished
[2026-09-10 10:25:46] [INFO]   [12/14] cosine mom=0.9 wd_sched=fixed lam0=0.002 T=100 -> best=72.34 diverged=0 (6254s)
[e12_fixed|SGDM+WD|cosine|wd_sched=fixed|T=100|lr0=0.1|lam0=0.003] Epoch 100/100 | Train Loss: 0.7372 | Train Acc: 81.22% | Test Acc: 64.45% | Best: 64.52%
GPU 3: Completed task 12
Worker on GPU 3 finished
[2026-09-10 10:40:17] [INFO]   [13/14] cosine mom=0.9 wd_sched=fixed lam0=0.003 T=100 -> best=64.52 diverged=0 (4906s)
[e12_fixed|SGDM+WD|cosine|wd_sched=fixed|T=100|lr0=0.1|lam0=0.005] Epoch 100/100 | Train Loss: 1.4579 | Train Acc: 62.27% | Test Acc: 55.48% | Best: 55.48%
GPU 3: Completed task 13
Worker on GPU 3 finished
[2026-09-10 10:40:24] [INFO]   [14/14] cosine mom=0.9 wd_sched=fixed lam0=0.005 T=100 -> best=55.48 diverged=0 (4912s)
================================================================================
All workers finished. Completed 14 tasks.
[2026-09-10 10:40:25] [INFO] E8-e12_fixed-all: finished 14/14 in 326.5 min
=== 2026-09-10 10:40:26 finished sweep=e12_fixed phase=all ===
Wrote 8 anchors to e12_multi_setting/anchors.json:
  mlp|cifar10|sgd -> 0.01
  mlp|cifar10|sgdm -> 0.001
  mlp|mnist|sgd -> 0.002
  mlp|mnist|sgdm -> 0.0003
  resnet50|cifar100|sgd -> 0.005
  resnet50|cifar100|sgdm -> 0.0006
  vgg16|cifar100|sgd -> 0.01
  vgg16|cifar100|sgdm -> 0.001
=== 2026-09-10 10:40:26 E12 sweep=e12_matched phase=sgdm model=resnet50 dataset=cifar100 gpus=3,6 wpg=2 ===
[2026-09-10 10:40:29] [INFO] sweep=e12_matched phase=sgdm gpus=[3, 6] seeds=[42] workers_per_gpu=2 model=resnet50 dataset=cifar100 n_cfgs=21
[2026-09-10 10:40:29] [INFO]   plan resnet50/cifar100 mom=0.9 shape=   linear_up lam0=0.0006794 sum_eta_lambda=0.3949 (0.333 C; anchor lam_ref=0.0006)
[2026-09-10 10:40:29] [INFO]   plan resnet50/cifar100 mom=0.9 shape=      linear lam0=0.0002834 sum_eta_lambda=0.3948 (0.333 C; anchor lam_ref=0.0006)
[2026-09-10 10:40:29] [INFO]   plan resnet50/cifar100 mom=0.9 shape= iso_product lam0=0.0001162 sum_eta_lambda=0.395 (0.333 C; anchor lam_ref=0.0006)
[2026-09-10 10:40:29] [INFO]   plan resnet50/cifar100 mom=0.9 shape=   linear_up lam0=0.002038 sum_eta_lambda=1.185 (1.000 C; anchor lam_ref=0.0006)
[2026-09-10 10:40:29] [INFO]   plan resnet50/cifar100 mom=0.9 shape=      linear lam0=0.0008503 sum_eta_lambda=1.185 (1.000 C; anchor lam_ref=0.0006)
[2026-09-10 10:40:29] [INFO]   plan resnet50/cifar100 mom=0.9 shape= iso_product lam0=0.0003485 sum_eta_lambda=1.185 (1.000 C; anchor lam_ref=0.0006)
[2026-09-10 10:40:29] [INFO]   plan resnet50/cifar100 mom=0.9 shape=   linear_up lam0=0.003057 sum_eta_lambda=1.777 (1.500 C; anchor lam_ref=0.0006)
[2026-09-10 10:40:29] [INFO]   plan resnet50/cifar100 mom=0.9 shape=      linear lam0=0.001276 sum_eta_lambda=1.778 (1.501 C; anchor lam_ref=0.0006)
[2026-09-10 10:40:29] [INFO]   plan resnet50/cifar100 mom=0.9 shape= iso_product lam0=0.0005228 sum_eta_lambda=1.777 (1.500 C; anchor lam_ref=0.0006)
[2026-09-10 10:40:29] [INFO]   plan resnet50/cifar100 mom=0.9 shape=   linear_up lam0=0.004076 sum_eta_lambda=2.369 (2.000 C; anchor lam_ref=0.0006)
[2026-09-10 10:40:29] [INFO]   plan resnet50/cifar100 mom=0.9 shape=      linear lam0=0.001701 sum_eta_lambda=2.37 (2.000 C; anchor lam_ref=0.0006)
[2026-09-10 10:40:29] [INFO]   plan resnet50/cifar100 mom=0.9 shape= iso_product lam0=0.0006971 sum_eta_lambda=2.37 (2.000 C; anchor lam_ref=0.0006)
[2026-09-10 10:40:29] [INFO]   plan resnet50/cifar100 mom=0.9 shape=   linear_up lam0=0.005095 sum_eta_lambda=2.962 (2.500 C; anchor lam_ref=0.0006)
[2026-09-10 10:40:29] [INFO]   plan resnet50/cifar100 mom=0.9 shape=      linear lam0=0.002126 sum_eta_lambda=2.962 (2.500 C; anchor lam_ref=0.0006)
[2026-09-10 10:40:29] [INFO]   plan resnet50/cifar100 mom=0.9 shape= iso_product lam0=0.0008713 sum_eta_lambda=2.962 (2.500 C; anchor lam_ref=0.0006)
[2026-09-10 10:40:29] [INFO]   plan resnet50/cifar100 mom=0.9 shape=   linear_up lam0=0.006114 sum_eta_lambda=3.554 (3.000 C; anchor lam_ref=0.0006)
[2026-09-10 10:40:29] [INFO]   plan resnet50/cifar100 mom=0.9 shape=      linear lam0=0.002551 sum_eta_lambda=3.554 (3.000 C; anchor lam_ref=0.0006)
[2026-09-10 10:40:29] [INFO]   plan resnet50/cifar100 mom=0.9 shape= iso_product lam0=0.001046 sum_eta_lambda=3.556 (3.001 C; anchor lam_ref=0.0006)
[2026-09-10 10:40:29] [INFO]   plan resnet50/cifar100 mom=0.9 shape=   linear_up lam0=0.008152 sum_eta_lambda=4.739 (4.000 C; anchor lam_ref=0.0006)
[2026-09-10 10:40:29] [INFO]   plan resnet50/cifar100 mom=0.9 shape=      linear lam0=0.003401 sum_eta_lambda=4.738 (4.000 C; anchor lam_ref=0.0006)
[2026-09-10 10:40:29] [INFO]   plan resnet50/cifar100 mom=0.9 shape= iso_product lam0=0.001394 sum_eta_lambda=4.738 (4.000 C; anchor lam_ref=0.0006)
[2026-09-10 10:40:29] [INFO] E8-e12_matched-sgdm: 21 configs, 0 already done, 21 to run
[2026-09-10 10:40:29] [INFO] E8-e12_matched-sgdm: budget ~21.0 units
GPU Scheduler initialized with GPUs: [3, 6]
  Workers per GPU: 2 (Total workers: 4)

Started 4 workers (2 per GPU) for 21 tasks
================================================================================
Worker 0 started on GPU 3 (PID: 1239087)
GPU 3 (Worker 0): Processing task 0
Worker 0 started on GPU 6 (PID: 1239089)
GPU 6 (Worker 0): Processing task 1
Worker 1 started on GPU 6 (PID: 1239090)
GPU 6 (Worker 1): Processing task 2
Worker 1 started on GPU 3 (PID: 1239088)
GPU 3 (Worker 1): Processing task 3
Files already downloaded and verified
Files already downloaded and verified
Files already downloaded and verified
Files already downloaded and verified
Files already downloaded and verified
Files already downloaded and verified
Files already downloaded and verified
Files already downloaded and verified
[e12_matched|SGDM+WD|cos_shape|wd_sched=linear_up|T=100|lr0=0.1|lam0=0.0006794] start
[e12_matched|SGDM+WD|cos_shape|wd_sched=iso_product|T=100|lr0=0.1|lam0=0.0001162] start
[e12_matched|SGDM+WD|cos_shape|wd_sched=linear|T=100|lr0=0.1|lam0=0.0002834] start
[e12_matched|SGDM+WD|cos_shape|wd_sched=linear_up|T=100|lr0=0.1|lam0=0.002038] start
/home/yzy/Documents/GitHub/wd/wd_core/utils.py:69: FutureWarning: `torch.cuda.amp.autocast(args...)` is deprecated. Please use `torch.amp.autocast('cuda', args...)` instead.
  with autocast():
/home/yzy/Documents/GitHub/wd/wd_core/utils.py:69: FutureWarning: `torch.cuda.amp.autocast(args...)` is deprecated. Please use `torch.amp.autocast('cuda', args...)` instead.
  with autocast():
/home/yzy/Documents/GitHub/wd/wd_core/utils.py:69: FutureWarning: `torch.cuda.amp.autocast(args...)` is deprecated. Please use `torch.amp.autocast('cuda', args...)` instead.
  with autocast():
/home/yzy/Documents/GitHub/wd/wd_core/utils.py:69: FutureWarning: `torch.cuda.amp.autocast(args...)` is deprecated. Please use `torch.amp.autocast('cuda', args...)` instead.
  with autocast():
[e12_matched|SGDM+WD|cos_shape|wd_sched=linear_up|T=100|lr0=0.1|lam0=0.0006794] Epoch 25/100 | Train Loss: 1.2281 | Train Acc: 64.52% | Test Acc: 57.16% | Best: 57.16%
[e12_matched|SGDM+WD|cos_shape|wd_sched=linear_up|T=100|lr0=0.1|lam0=0.002038] Epoch 25/100 | Train Loss: 1.4106 | Train Acc: 59.72% | Test Acc: 51.20% | Best: 52.47%
[e12_matched|SGDM+WD|cos_shape|wd_sched=linear|T=100|lr0=0.1|lam0=0.0002834] Epoch 25/100 | Train Loss: 1.0841 | Train Acc: 67.97% | Test Acc: 58.38% | Best: 58.38%
[e12_matched|SGDM+WD|cos_shape|wd_sched=iso_product|T=100|lr0=0.1|lam0=0.0001162] Epoch 25/100 | Train Loss: 0.9658 | Train Acc: 70.99% | Test Acc: 60.00% | Best: 60.00%
[e12_matched|SGDM+WD|cos_shape|wd_sched=linear_up|T=100|lr0=0.1|lam0=0.0006794] Epoch 50/100 | Train Loss: 0.5871 | Train Acc: 81.52% | Test Acc: 63.73% | Best: 63.73%
[e12_matched|SGDM+WD|cos_shape|wd_sched=linear_up|T=100|lr0=0.1|lam0=0.002038] Epoch 50/100 | Train Loss: 1.1529 | Train Acc: 66.65% | Test Acc: 53.04% | Best: 58.88%
[e12_matched|SGDM+WD|cos_shape|wd_sched=linear|T=100|lr0=0.1|lam0=0.0002834] Epoch 50/100 | Train Loss: 0.3017 | Train Acc: 90.12% | Test Acc: 65.80% | Best: 65.92%
[e12_matched|SGDM+WD|cos_shape|wd_sched=iso_product|T=100|lr0=0.1|lam0=0.0001162] Epoch 50/100 | Train Loss: 0.3368 | Train Acc: 89.13% | Test Acc: 62.75% | Best: 65.23%
[e12_matched|SGDM+WD|cos_shape|wd_sched=linear_up|T=100|lr0=0.1|lam0=0.0006794] Epoch 75/100 | Train Loss: 0.0774 | Train Acc: 98.19% | Test Acc: 70.14% | Best: 71.02%
[e12_matched|SGDM+WD|cos_shape|wd_sched=linear_up|T=100|lr0=0.1|lam0=0.002038] Epoch 75/100 | Train Loss: 0.6505 | Train Acc: 80.70% | Test Acc: 66.58% | Best: 66.58%
[e12_matched|SGDM+WD|cos_shape|wd_sched=linear|T=100|lr0=0.1|lam0=0.0002834] Epoch 75/100 | Train Loss: 0.0076 | Train Acc: 99.90% | Test Acc: 73.86% | Best: 73.86%
[e12_matched|SGDM+WD|cos_shape|wd_sched=iso_product|T=100|lr0=0.1|lam0=0.0001162] Epoch 75/100 | Train Loss: 0.1020 | Train Acc: 97.46% | Test Acc: 69.59% | Best: 69.59%
[e12_matched|SGDM+WD|cos_shape|wd_sched=linear_up|T=100|lr0=0.1|lam0=0.0006794] Epoch 100/100 | Train Loss: 0.0104 | Train Acc: 99.95% | Test Acc: 75.23% | Best: 75.23%
GPU 3: Completed task 0
GPU 3 (Worker 0): Processing task 4
[2026-09-10 12:02:30] [INFO]   [1/21] cosine mom=0.9 wd_sched=linear_up lam0=0.0006794 T=100 -> best=75.23 diverged=0 (4913s)
Files already downloaded and verified
[e12_matched|SGDM+WD|cos_shape|wd_sched=linear_up|T=100|lr0=0.1|lam0=0.002038] Epoch 100/100 | Train Loss: 0.0349 | Train Acc: 99.75% | Test Acc: 78.68% | Best: 78.68%
Files already downloaded and verified
[e12_matched|SGDM+WD|cos_shape|wd_sched=linear|T=100|lr0=0.1|lam0=0.0008503] start
GPU 3: Completed task 3
GPU 3 (Worker 1): Processing task 5
[2026-09-10 12:02:33] [INFO]   [2/21] cosine mom=0.9 wd_sched=linear_up lam0=0.002038 T=100 -> best=78.68 diverged=0 (4916s)
Files already downloaded and verified
Files already downloaded and verified
[e12_matched|SGDM+WD|cos_shape|wd_sched=iso_product|T=100|lr0=0.1|lam0=0.0003485] start
[e12_matched|SGDM+WD|cos_shape|wd_sched=linear|T=100|lr0=0.1|lam0=0.0008503] Epoch 25/100 | Train Loss: 1.4700 | Train Acc: 58.35% | Test Acc: 47.44% | Best: 48.97%
[e12_matched|SGDM+WD|cos_shape|wd_sched=iso_product|T=100|lr0=0.1|lam0=0.0003485] Epoch 25/100 | Train Loss: 1.2027 | Train Acc: 64.93% | Test Acc: 56.73% | Best: 56.73%
[e12_matched|SGDM+WD|cos_shape|wd_sched=linear|T=100|lr0=0.1|lam0=0.0002834] Epoch 100/100 | Train Loss: 0.0030 | Train Acc: 99.96% | Test Acc: 74.23% | Best: 74.38%
GPU 6: Completed task 1
GPU 6 (Worker 0): Processing task 6
[2026-09-10 12:25:28] [INFO]   [3/21] cosine mom=0.9 wd_sched=linear lam0=0.0002834 T=100 -> best=74.38 diverged=0 (6291s)
Files already downloaded and verified
Files already downloaded and verified
[e12_matched|SGDM+WD|cos_shape|wd_sched=linear_up|T=100|lr0=0.1|lam0=0.003057] start
[e12_matched|SGDM+WD|cos_shape|wd_sched=iso_product|T=100|lr0=0.1|lam0=0.0001162] Epoch 100/100 | Train Loss: 0.0146 | Train Acc: 99.96% | Test Acc: 75.05% | Best: 75.08%
GPU 6: Completed task 2
GPU 6 (Worker 1): Processing task 7
[2026-09-10 12:26:05] [INFO]   [4/21] cosine mom=0.9 wd_sched=iso_product lam0=0.0001162 T=100 -> best=75.08 diverged=0 (6328s)
Files already downloaded and verified
Files already downloaded and verified
[e12_matched|SGDM+WD|cos_shape|wd_sched=linear|T=100|lr0=0.1|lam0=0.001276] start
[e12_matched|SGDM+WD|cos_shape|wd_sched=linear|T=100|lr0=0.1|lam0=0.0008503] Epoch 50/100 | Train Loss: 0.7941 | Train Acc: 75.86% | Test Acc: 61.54% | Best: 61.99%
[e12_matched|SGDM+WD|cos_shape|wd_sched=iso_product|T=100|lr0=0.1|lam0=0.0003485] Epoch 50/100 | Train Loss: 0.9041 | Train Acc: 72.88% | Test Acc: 59.08% | Best: 61.79%
[e12_matched|SGDM+WD|cos_shape|wd_sched=linear_up|T=100|lr0=0.1|lam0=0.003057] Epoch 25/100 | Train Loss: 1.5603 | Train Acc: 56.17% | Test Acc: 44.83% | Best: 50.58%
[e12_matched|SGDM+WD|cos_shape|wd_sched=linear|T=100|lr0=0.1|lam0=0.001276] Epoch 25/100 | Train Loss: 1.7844 | Train Acc: 50.63% | Test Acc: 41.07% | Best: 42.39%
[e12_matched|SGDM+WD|cos_shape|wd_sched=linear|T=100|lr0=0.1|lam0=0.0008503] Epoch 75/100 | Train Loss: 0.0554 | Train Acc: 98.66% | Test Acc: 74.48% | Best: 74.48%
[e12_matched|SGDM+WD|cos_shape|wd_sched=iso_product|T=100|lr0=0.1|lam0=0.0003485] Epoch 75/100 | Train Loss: 0.7470 | Train Acc: 78.03% | Test Acc: 62.85% | Best: 64.02%
[e12_matched|SGDM+WD|cos_shape|wd_sched=linear_up|T=100|lr0=0.1|lam0=0.003057] Epoch 50/100 | Train Loss: 1.4047 | Train Acc: 60.26% | Test Acc: 41.16% | Best: 52.53%
[e12_matched|SGDM+WD|cos_shape|wd_sched=linear|T=100|lr0=0.1|lam0=0.001276] Epoch 50/100 | Train Loss: 1.0901 | Train Acc: 68.01% | Test Acc: 56.56% | Best: 58.00%
[e12_matched|SGDM+WD|cos_shape|wd_sched=linear|T=100|lr0=0.1|lam0=0.0008503] Epoch 100/100 | Train Loss: 0.0065 | Train Acc: 99.95% | Test Acc: 76.98% | Best: 77.01%
GPU 3: Completed task 4
GPU 3 (Worker 0): Processing task 8
[2026-09-10 13:23:55] [INFO]   [5/21] cosine mom=0.9 wd_sched=linear lam0=0.0008503 T=100 -> best=77.01 diverged=0 (4882s)
Files already downloaded and verified
Files already downloaded and verified
[e12_matched|SGDM+WD|cos_shape|wd_sched=iso_product|T=100|lr0=0.1|lam0=0.0005228] start
[e12_matched|SGDM+WD|cos_shape|wd_sched=iso_product|T=100|lr0=0.1|lam0=0.0003485] Epoch 100/100 | Train Loss: 0.0602 | Train Acc: 99.56% | Test Acc: 78.41% | Best: 78.51%
GPU 3: Completed task 5
GPU 3 (Worker 1): Processing task 9
[2026-09-10 13:24:00] [INFO]   [6/21] cosine mom=0.9 wd_sched=iso_product lam0=0.0003485 T=100 -> best=78.51 diverged=0 (4883s)
Files already downloaded and verified
Files already downloaded and verified
[e12_matched|SGDM+WD|cos_shape|wd_sched=linear_up|T=100|lr0=0.1|lam0=0.004076] start
[e12_matched|SGDM+WD|cos_shape|wd_sched=linear_up|T=100|lr0=0.1|lam0=0.003057] Epoch 75/100 | Train Loss: 0.9413 | Train Acc: 72.92% | Test Acc: 61.41% | Best: 61.41%
[e12_matched|SGDM+WD|cos_shape|wd_sched=linear|T=100|lr0=0.1|lam0=0.001276] Epoch 75/100 | Train Loss: 0.1982 | Train Acc: 93.83% | Test Acc: 71.72% | Best: 71.72%
[e12_matched|SGDM+WD|cos_shape|wd_sched=iso_product|T=100|lr0=0.1|lam0=0.0005228] Epoch 25/100 | Train Loss: 1.5555 | Train Acc: 56.20% | Test Acc: 45.69% | Best: 48.45%
[e12_matched|SGDM+WD|cos_shape|wd_sched=linear_up|T=100|lr0=0.1|lam0=0.004076] Epoch 25/100 | Train Loss: 1.6668 | Train Acc: 53.37% | Test Acc: 44.09% | Best: 47.11%
[e12_matched|SGDM+WD|cos_shape|wd_sched=iso_product|T=100|lr0=0.1|lam0=0.0005228] Epoch 50/100 | Train Loss: 1.2454 | Train Acc: 63.86% | Test Acc: 53.39% | Best: 55.48%
[e12_matched|SGDM+WD|cos_shape|wd_sched=linear_up|T=100|lr0=0.1|lam0=0.004076] Epoch 50/100 | Train Loss: 1.6115 | Train Acc: 55.32% | Test Acc: 42.94% | Best: 48.11%
[e12_matched|SGDM+WD|cos_shape|wd_sched=linear_up|T=100|lr0=0.1|lam0=0.003057] Epoch 100/100 | Train Loss: 0.0744 | Train Acc: 99.10% | Test Acc: 78.72% | Best: 78.72%
GPU 6: Completed task 6
GPU 6 (Worker 0): Processing task 10
[2026-09-10 14:08:52] [INFO]   [7/21] cosine mom=0.9 wd_sched=linear_up lam0=0.003057 T=100 -> best=78.72 diverged=0 (6200s)
Files already downloaded and verified
Files already downloaded and verified
[e12_matched|SGDM+WD|cos_shape|wd_sched=linear|T=100|lr0=0.1|lam0=0.001701] start
[e12_matched|SGDM+WD|cos_shape|wd_sched=linear|T=100|lr0=0.1|lam0=0.001276] Epoch 100/100 | Train Loss: 0.0099 | Train Acc: 99.90% | Test Acc: 76.18% | Best: 76.47%
GPU 6: Completed task 7
GPU 6 (Worker 1): Processing task 11
[2026-09-10 14:10:42] [INFO]   [8/21] cosine mom=0.9 wd_sched=linear lam0=0.001276 T=100 -> best=76.47 diverged=0 (6272s)
Files already downloaded and verified
Files already downloaded and verified
[e12_matched|SGDM+WD|cos_shape|wd_sched=iso_product|T=100|lr0=0.1|lam0=0.0006971] start
[e12_matched|SGDM+WD|cos_shape|wd_sched=iso_product|T=100|lr0=0.1|lam0=0.0005228] Epoch 75/100 | Train Loss: 1.1145 | Train Acc: 68.74% | Test Acc: 56.46% | Best: 58.68%
[e12_matched|SGDM+WD|cos_shape|wd_sched=linear_up|T=100|lr0=0.1|lam0=0.004076] Epoch 75/100 | Train Loss: 1.1566 | Train Acc: 67.20% | Test Acc: 56.48% | Best: 57.75%
[e12_matched|SGDM+WD|cos_shape|wd_sched=linear|T=100|lr0=0.1|lam0=0.001701] Epoch 25/100 | Train Loss: 1.8772 | Train Acc: 48.70% | Test Acc: 40.30% | Best: 41.18%
[e12_matched|SGDM+WD|cos_shape|wd_sched=iso_product|T=100|lr0=0.1|lam0=0.0006971] Epoch 25/100 | Train Loss: 1.6333 | Train Acc: 54.27% | Test Acc: 44.46% | Best: 45.96%
[e12_matched|SGDM+WD|cos_shape|wd_sched=iso_product|T=100|lr0=0.1|lam0=0.0005228] Epoch 100/100 | Train Loss: 0.1748 | Train Acc: 97.43% | Test Acc: 77.42% | Best: 77.42%
GPU 3: Completed task 8
GPU 3 (Worker 0): Processing task 12
[2026-09-10 14:45:37] [INFO]   [9/21] cosine mom=0.9 wd_sched=iso_product lam0=0.0005228 T=100 -> best=77.42 diverged=0 (4898s)
Files already downloaded and verified
Files already downloaded and verified
[e12_matched|SGDM+WD|cos_shape|wd_sched=linear_up|T=100|lr0=0.1|lam0=0.005095] start
[e12_matched|SGDM+WD|cos_shape|wd_sched=linear_up|T=100|lr0=0.1|lam0=0.004076] Epoch 100/100 | Train Loss: 0.1326 | Train Acc: 97.72% | Test Acc: 78.27% | Best: 78.27%
GPU 3: Completed task 9
GPU 3 (Worker 1): Processing task 13
[2026-09-10 14:45:44] [INFO]   [10/21] cosine mom=0.9 wd_sched=linear_up lam0=0.004076 T=100 -> best=78.27 diverged=0 (4899s)
Files already downloaded and verified
Files already downloaded and verified
[e12_matched|SGDM+WD|cos_shape|wd_sched=linear|T=100|lr0=0.1|lam0=0.002126] start
[e12_matched|SGDM+WD|cos_shape|wd_sched=linear|T=100|lr0=0.1|lam0=0.001701] Epoch 50/100 | Train Loss: 1.2338 | Train Acc: 64.24% | Test Acc: 50.90% | Best: 54.74%
[e12_matched|SGDM+WD|cos_shape|wd_sched=iso_product|T=100|lr0=0.1|lam0=0.0006971] Epoch 50/100 | Train Loss: 1.4246 | Train Acc: 59.56% | Test Acc: 41.95% | Best: 51.39%
[e12_matched|SGDM+WD|cos_shape|wd_sched=linear_up|T=100|lr0=0.1|lam0=0.005095] Epoch 25/100 | Train Loss: 1.7976 | Train Acc: 50.57% | Test Acc: 37.79% | Best: 43.56%
[e12_matched|SGDM+WD|cos_shape|wd_sched=linear|T=100|lr0=0.1|lam0=0.002126] Epoch 25/100 | Train Loss: 2.0853 | Train Acc: 43.60% | Test Acc: 33.70% | Best: 34.57%
[e12_matched|SGDM+WD|cos_shape|wd_sched=linear|T=100|lr0=0.1|lam0=0.001701] Epoch 75/100 | Train Loss: 0.3683 | Train Acc: 88.47% | Test Acc: 69.06% | Best: 69.08%
[e12_matched|SGDM+WD|cos_shape|wd_sched=linear_up|T=100|lr0=0.1|lam0=0.005095] Epoch 50/100 | Train Loss: 1.7713 | Train Acc: 51.56% | Test Acc: 41.87% | Best: 44.31%
[e12_matched|SGDM+WD|cos_shape|wd_sched=linear|T=100|lr0=0.1|lam0=0.002126] Epoch 50/100 | Train Loss: 1.4472 | Train Acc: 58.89% | Test Acc: 51.47% | Best: 51.47%
[e12_matched|SGDM+WD|cos_shape|wd_sched=iso_product|T=100|lr0=0.1|lam0=0.0006971] Epoch 75/100 | Train Loss: 1.3498 | Train Acc: 63.16% | Test Acc: 48.44% | Best: 53.67%
[e12_matched|SGDM+WD|cos_shape|wd_sched=linear_up|T=100|lr0=0.1|lam0=0.005095] Epoch 75/100 | Train Loss: 1.3401 | Train Acc: 62.68% | Test Acc: 53.32% | Best: 55.24%
[e12_matched|SGDM+WD|cos_shape|wd_sched=linear|T=100|lr0=0.1|lam0=0.002126] Epoch 75/100 | Train Loss: 0.5186 | Train Acc: 83.95% | Test Acc: 68.32% | Best: 68.32%
[e12_matched|SGDM+WD|cos_shape|wd_sched=linear|T=100|lr0=0.1|lam0=0.001701] Epoch 100/100 | Train Loss: 0.0153 | Train Acc: 99.78% | Test Acc: 76.30% | Best: 76.42%
GPU 6: Completed task 10
GPU 6 (Worker 0): Processing task 14
[2026-09-10 15:51:03] [INFO]   [11/21] cosine mom=0.9 wd_sched=linear lam0=0.001701 T=100 -> best=76.42 diverged=0 (6125s)
Files already downloaded and verified
Files already downloaded and verified
[e12_matched|SGDM+WD|cos_shape|wd_sched=iso_product|T=100|lr0=0.1|lam0=0.0008713] start
[e12_matched|SGDM+WD|cos_shape|wd_sched=iso_product|T=100|lr0=0.1|lam0=0.0006971] Epoch 100/100 | Train Loss: 0.2797 | Train Acc: 94.94% | Test Acc: 77.33% | Best: 77.33%
GPU 6: Completed task 11
GPU 6 (Worker 1): Processing task 15
[2026-09-10 15:54:29] [INFO]   [12/21] cosine mom=0.9 wd_sched=iso_product lam0=0.0006971 T=100 -> best=77.33 diverged=0 (6223s)
Files already downloaded and verified
Files already downloaded and verified
[e12_matched|SGDM+WD|cos_shape|wd_sched=linear_up|T=100|lr0=0.1|lam0=0.006114] start
[e12_matched|SGDM+WD|cos_shape|wd_sched=linear_up|T=100|lr0=0.1|lam0=0.005095] Epoch 100/100 | Train Loss: 0.2020 | Train Acc: 96.12% | Test Acc: 77.43% | Best: 77.43%
GPU 3: Completed task 12
GPU 3 (Worker 0): Processing task 16
[2026-09-10 16:06:43] [INFO]   [13/21] cosine mom=0.9 wd_sched=linear_up lam0=0.005095 T=100 -> best=77.43 diverged=0 (4862s)
Files already downloaded and verified
Files already downloaded and verified
[e12_matched|SGDM+WD|cos_shape|wd_sched=linear|T=100|lr0=0.1|lam0=0.002551] start
[e12_matched|SGDM+WD|cos_shape|wd_sched=linear|T=100|lr0=0.1|lam0=0.002126] Epoch 100/100 | Train Loss: 0.0279 | Train Acc: 99.55% | Test Acc: 75.83% | Best: 75.83%
GPU 3: Completed task 13
GPU 3 (Worker 1): Processing task 17
[2026-09-10 16:06:52] [INFO]   [14/21] cosine mom=0.9 wd_sched=linear lam0=0.002126 T=100 -> best=75.83 diverged=0 (4864s)
Files already downloaded and verified
Files already downloaded and verified
[e12_matched|SGDM+WD|cos_shape|wd_sched=iso_product|T=100|lr0=0.1|lam0=0.001046] start
[e12_matched|SGDM+WD|cos_shape|wd_sched=iso_product|T=100|lr0=0.1|lam0=0.0008713] Epoch 25/100 | Train Loss: 1.7662 | Train Acc: 51.15% | Test Acc: 43.07% | Best: 44.84%
[e12_matched|SGDM+WD|cos_shape|wd_sched=linear_up|T=100|lr0=0.1|lam0=0.006114] Epoch 25/100 | Train Loss: 1.8937 | Train Acc: 48.33% | Test Acc: 39.87% | Best: 40.31%
=== 2026-09-10 16:27:29 E12 sweep=e12_fixed phase=all model=resnet50 dataset=cifar100 gpus=1,3 wpg=2 ===
[2026-09-10 16:27:32] [INFO] sweep=e12_fixed phase=all gpus=[1, 3] seeds=[42] workers_per_gpu=2 model=resnet50 dataset=cifar100 n_cfgs=14
[2026-09-10 16:27:32] [INFO] E8-e12_fixed-all: 14 configs, 14 already done, 0 to run
=== 2026-09-10 16:27:33 finished sweep=e12_fixed phase=all ===
Wrote 9 anchors to e12_multi_setting/anchors.json:
  mlp|cifar10|sgd -> 0.01
  mlp|cifar10|sgdm -> 0.001
  mlp|mnist|sgd -> 0.002
  mlp|mnist|sgdm -> 0.0003
  resnet18|cifar100|sgd -> 0.005
  resnet50|cifar100|sgd -> 0.005
  resnet50|cifar100|sgdm -> 0.0006
  vgg16|cifar100|sgd -> 0.01
  vgg16|cifar100|sgdm -> 0.001
=== 2026-09-10 16:27:33 E12 sweep=e12_matched phase=sgdm model=resnet50 dataset=cifar100 gpus=1,3 wpg=2 ===
[2026-09-10 16:27:36] [INFO] sweep=e12_matched phase=sgdm gpus=[1, 3] seeds=[42] workers_per_gpu=2 model=resnet50 dataset=cifar100 n_cfgs=21
[2026-09-10 16:27:36] [INFO]   plan resnet50/cifar100 mom=0.9 shape=   linear_up lam0=0.0006794 sum_eta_lambda=0.3949 (0.333 C; anchor lam_ref=0.0006)
[2026-09-10 16:27:36] [INFO]   plan resnet50/cifar100 mom=0.9 shape=      linear lam0=0.0002834 sum_eta_lambda=0.3948 (0.333 C; anchor lam_ref=0.0006)
[2026-09-10 16:27:36] [INFO]   plan resnet50/cifar100 mom=0.9 shape= iso_product lam0=0.0001162 sum_eta_lambda=0.395 (0.333 C; anchor lam_ref=0.0006)
[2026-09-10 16:27:36] [INFO]   plan resnet50/cifar100 mom=0.9 shape=   linear_up lam0=0.002038 sum_eta_lambda=1.185 (1.000 C; anchor lam_ref=0.0006)
[2026-09-10 16:27:36] [INFO]   plan resnet50/cifar100 mom=0.9 shape=      linear lam0=0.0008503 sum_eta_lambda=1.185 (1.000 C; anchor lam_ref=0.0006)
[2026-09-10 16:27:36] [INFO]   plan resnet50/cifar100 mom=0.9 shape= iso_product lam0=0.0003485 sum_eta_lambda=1.185 (1.000 C; anchor lam_ref=0.0006)
[2026-09-10 16:27:36] [INFO]   plan resnet50/cifar100 mom=0.9 shape=   linear_up lam0=0.003057 sum_eta_lambda=1.777 (1.500 C; anchor lam_ref=0.0006)
[2026-09-10 16:27:36] [INFO]   plan resnet50/cifar100 mom=0.9 shape=      linear lam0=0.001276 sum_eta_lambda=1.778 (1.501 C; anchor lam_ref=0.0006)
[2026-09-10 16:27:36] [INFO]   plan resnet50/cifar100 mom=0.9 shape= iso_product lam0=0.0005228 sum_eta_lambda=1.777 (1.500 C; anchor lam_ref=0.0006)
[2026-09-10 16:27:36] [INFO]   plan resnet50/cifar100 mom=0.9 shape=   linear_up lam0=0.004076 sum_eta_lambda=2.369 (2.000 C; anchor lam_ref=0.0006)
[2026-09-10 16:27:36] [INFO]   plan resnet50/cifar100 mom=0.9 shape=      linear lam0=0.001701 sum_eta_lambda=2.37 (2.000 C; anchor lam_ref=0.0006)
[2026-09-10 16:27:36] [INFO]   plan resnet50/cifar100 mom=0.9 shape= iso_product lam0=0.0006971 sum_eta_lambda=2.37 (2.000 C; anchor lam_ref=0.0006)
[2026-09-10 16:27:36] [INFO]   plan resnet50/cifar100 mom=0.9 shape=   linear_up lam0=0.005095 sum_eta_lambda=2.962 (2.500 C; anchor lam_ref=0.0006)
[2026-09-10 16:27:36] [INFO]   plan resnet50/cifar100 mom=0.9 shape=      linear lam0=0.002126 sum_eta_lambda=2.962 (2.500 C; anchor lam_ref=0.0006)
[2026-09-10 16:27:36] [INFO]   plan resnet50/cifar100 mom=0.9 shape= iso_product lam0=0.0008713 sum_eta_lambda=2.962 (2.500 C; anchor lam_ref=0.0006)
[2026-09-10 16:27:36] [INFO]   plan resnet50/cifar100 mom=0.9 shape=   linear_up lam0=0.006114 sum_eta_lambda=3.554 (3.000 C; anchor lam_ref=0.0006)
[2026-09-10 16:27:36] [INFO]   plan resnet50/cifar100 mom=0.9 shape=      linear lam0=0.002551 sum_eta_lambda=3.554 (3.000 C; anchor lam_ref=0.0006)
[2026-09-10 16:27:36] [INFO]   plan resnet50/cifar100 mom=0.9 shape= iso_product lam0=0.001046 sum_eta_lambda=3.556 (3.001 C; anchor lam_ref=0.0006)
[2026-09-10 16:27:36] [INFO]   plan resnet50/cifar100 mom=0.9 shape=   linear_up lam0=0.008152 sum_eta_lambda=4.739 (4.000 C; anchor lam_ref=0.0006)
[2026-09-10 16:27:36] [INFO]   plan resnet50/cifar100 mom=0.9 shape=      linear lam0=0.003401 sum_eta_lambda=4.738 (4.000 C; anchor lam_ref=0.0006)
[2026-09-10 16:27:36] [INFO]   plan resnet50/cifar100 mom=0.9 shape= iso_product lam0=0.001394 sum_eta_lambda=4.738 (4.000 C; anchor lam_ref=0.0006)
[2026-09-10 16:27:36] [INFO] E8-e12_matched-sgdm: 21 configs, 14 already done, 7 to run
[2026-09-10 16:27:36] [INFO] E8-e12_matched-sgdm: budget ~7.0 units
GPU Scheduler initialized with GPUs: [1, 3]
  Workers per GPU: 2 (Total workers: 4)

Started 4 workers (2 per GPU) for 7 tasks
================================================================================
Worker 0 started on GPU 1 (PID: 2057891)Worker 1 started on GPU 3 (PID: 2057894)

GPU 3 (Worker 1): Processing task 0
GPU 1 (Worker 0): Processing task 1
Worker 1 started on GPU 1 (PID: 2057892)
GPU 1 (Worker 1): Processing task 2
Worker 0 started on GPU 3 (PID: 2057893)
GPU 3 (Worker 0): Processing task 3
Files already downloaded and verified
Files already downloaded and verified
Files already downloaded and verified
Files already downloaded and verified
Files already downloaded and verified
Files already downloaded and verified
Files already downloaded and verified
Files already downloaded and verified
[e12_matched|SGDM+WD|cos_shape|wd_sched=linear_up|T=100|lr0=0.1|lam0=0.006114] start
[e12_matched|SGDM+WD|cos_shape|wd_sched=iso_product|T=100|lr0=0.1|lam0=0.0008713] start
[e12_matched|SGDM+WD|cos_shape|wd_sched=linear|T=100|lr0=0.1|lam0=0.002551] start
[e12_matched|SGDM+WD|cos_shape|wd_sched=iso_product|T=100|lr0=0.1|lam0=0.001046] start
/home/yzy/Documents/GitHub/wd/wd_core/utils.py:69: FutureWarning: `torch.cuda.amp.autocast(args...)` is deprecated. Please use `torch.amp.autocast('cuda', args...)` instead.
  with autocast():
/home/yzy/Documents/GitHub/wd/wd_core/utils.py:69: FutureWarning: `torch.cuda.amp.autocast(args...)` is deprecated. Please use `torch.amp.autocast('cuda', args...)` instead.
  with autocast():
/home/yzy/Documents/GitHub/wd/wd_core/utils.py:69: FutureWarning: `torch.cuda.amp.autocast(args...)` is deprecated. Please use `torch.amp.autocast('cuda', args...)` instead.
  with autocast():
/home/yzy/Documents/GitHub/wd/wd_core/utils.py:69: FutureWarning: `torch.cuda.amp.autocast(args...)` is deprecated. Please use `torch.amp.autocast('cuda', args...)` instead.
  with autocast():
[e12_matched|SGDM+WD|cos_shape|wd_sched=linear|T=100|lr0=0.1|lam0=0.002551] Epoch 25/100 | Train Loss: 2.3528 | Train Acc: 37.52% | Test Acc: 30.78% | Best: 30.78%
[e12_matched|SGDM+WD|cos_shape|wd_sched=linear_up|T=100|lr0=0.1|lam0=0.006114] Epoch 25/100 | Train Loss: 1.8937 | Train Acc: 48.33% | Test Acc: 39.87% | Best: 40.31%
[e12_matched|SGDM+WD|cos_shape|wd_sched=iso_product|T=100|lr0=0.1|lam0=0.001046] Epoch 25/100 | Train Loss: 1.8363 | Train Acc: 49.44% | Test Acc: 44.45% | Best: 44.45%
[e12_matched|SGDM+WD|cos_shape|wd_sched=iso_product|T=100|lr0=0.1|lam0=0.0008713] Epoch 25/100 | Train Loss: 1.7662 | Train Acc: 51.15% | Test Acc: 43.07% | Best: 44.84%
[e12_matched|SGDM+WD|cos_shape|wd_sched=linear_up|T=100|lr0=0.1|lam0=0.006114] Epoch 50/100 | Train Loss: 1.9292 | Train Acc: 47.45% | Test Acc: 32.01% | Best: 40.59%
[e12_matched|SGDM+WD|cos_shape|wd_sched=linear|T=100|lr0=0.1|lam0=0.002551] Epoch 50/100 | Train Loss: 1.6475 | Train Acc: 54.03% | Test Acc: 43.30% | Best: 45.64%
[e12_matched|SGDM+WD|cos_shape|wd_sched=iso_product|T=100|lr0=0.1|lam0=0.001046] Epoch 50/100 | Train Loss: 1.6680 | Train Acc: 53.69% | Test Acc: 39.28% | Best: 47.80%
[e12_matched|SGDM+WD|cos_shape|wd_sched=iso_product|T=100|lr0=0.1|lam0=0.0008713] Epoch 50/100 | Train Loss: 1.5650 | Train Acc: 56.22% | Test Acc: 37.20% | Best: 49.51%
[e12_matched|SGDM+WD|cos_shape|wd_sched=linear|T=100|lr0=0.1|lam0=0.002551] Epoch 75/100 | Train Loss: 0.6422 | Train Acc: 80.59% | Test Acc: 66.59% | Best: 66.59%
[e12_matched|SGDM+WD|cos_shape|wd_sched=linear_up|T=100|lr0=0.1|lam0=0.006114] Epoch 75/100 | Train Loss: 1.4855 | Train Acc: 58.98% | Test Acc: 48.81% | Best: 49.58%
[e12_matched|SGDM+WD|cos_shape|wd_sched=iso_product|T=100|lr0=0.1|lam0=0.001046] Epoch 75/100 | Train Loss: 1.6446 | Train Acc: 55.93% | Test Acc: 33.15% | Best: 47.80%
[e12_matched|SGDM+WD|cos_shape|wd_sched=iso_product|T=100|lr0=0.1|lam0=0.0008713] Epoch 75/100 | Train Loss: 1.5266 | Train Acc: 58.60% | Test Acc: 44.62% | Best: 50.71%
[e12_matched|SGDM+WD|cos_shape|wd_sched=linear_up|T=100|lr0=0.1|lam0=0.006114] Epoch 100/100 | Train Loss: 0.2806 | Train Acc: 94.16% | Test Acc: 76.98% | Best: 77.23%
[e12_matched|SGDM+WD|cos_shape|wd_sched=linear|T=100|lr0=0.1|lam0=0.002551] Epoch 100/100 | Train Loss: 0.0414 | Train Acc: 99.48% | Test Acc: 74.44% | Best: 74.44%
GPU 1: Completed task 1
GPU 1 (Worker 0): Processing task 4
[2026-09-10 17:44:17] [INFO]   [1/7] cosine mom=0.9 wd_sched=linear_up lam0=0.006114 T=100 -> best=77.23 diverged=0 (4594s)
GPU 1: Completed task 2
GPU 1 (Worker 1): Processing task 5
[2026-09-10 17:44:17] [INFO]   [2/7] cosine mom=0.9 wd_sched=linear lam0=0.002551 T=100 -> best=74.44 diverged=0 (4594s)
Files already downloaded and verified
Files already downloaded and verified
Files already downloaded and verified
Files already downloaded and verified
[e12_matched|SGDM+WD|cos_shape|wd_sched=linear_up|T=100|lr0=0.1|lam0=0.008152] start
[e12_matched|SGDM+WD|cos_shape|wd_sched=linear|T=100|lr0=0.1|lam0=0.003401] start
[e12_matched|SGDM+WD|cos_shape|wd_sched=iso_product|T=100|lr0=0.1|lam0=0.001046] Epoch 100/100 | Train Loss: 0.4786 | Train Acc: 90.21% | Test Acc: 76.42% | Best: 76.42%
GPU 3: Completed task 3
GPU 3 (Worker 0): Processing task 6
[2026-09-10 17:58:38] [INFO]   [3/7] cosine mom=0.9 wd_sched=iso_product lam0=0.001046 T=100 -> best=76.42 diverged=0 (5454s)
Files already downloaded and verified
[e12_matched|SGDM+WD|cos_shape|wd_sched=iso_product|T=100|lr0=0.1|lam0=0.0008713] Epoch 100/100 | Train Loss: 0.3915 | Train Acc: 92.27% | Test Acc: 77.08% | Best: 77.08%
Files already downloaded and verified
[e12_matched|SGDM+WD|cos_shape|wd_sched=iso_product|T=100|lr0=0.1|lam0=0.001394] start
GPU 3: Completed task 0
Worker on GPU 3 finished
[2026-09-10 17:58:41] [INFO]   [4/7] cosine mom=0.9 wd_sched=iso_product lam0=0.0008713 T=100 -> best=77.08 diverged=0 (5457s)
[e12_matched|SGDM+WD|cos_shape|wd_sched=linear|T=100|lr0=0.1|lam0=0.003401] Epoch 25/100 | Train Loss: 2.8027 | Train Acc: 28.70% | Test Acc: 24.27% | Best: 24.27%
[e12_matched|SGDM+WD|cos_shape|wd_sched=linear_up|T=100|lr0=0.1|lam0=0.008152] Epoch 25/100 | Train Loss: 2.0829 | Train Acc: 43.76% | Test Acc: 35.65% | Best: 37.15%
[e12_matched|SGDM+WD|cos_shape|wd_sched=iso_product|T=100|lr0=0.1|lam0=0.001394] Epoch 25/100 | Train Loss: 2.0586 | Train Acc: 44.38% | Test Acc: 31.25% | Best: 33.60%
[e12_matched|SGDM+WD|cos_shape|wd_sched=iso_product|T=100|lr0=0.1|lam0=0.001394] Epoch 50/100 | Train Loss: 1.8717 | Train Acc: 49.21% | Test Acc: 32.86% | Best: 42.31%
[e12_matched|SGDM+WD|cos_shape|wd_sched=linear_up|T=100|lr0=0.1|lam0=0.008152] Epoch 50/100 | Train Loss: 2.1972 | Train Acc: 41.38% | Test Acc: 30.43% | Best: 37.15%
[e12_matched|SGDM+WD|cos_shape|wd_sched=linear|T=100|lr0=0.1|lam0=0.003401] Epoch 50/100 | Train Loss: 2.1705 | Train Acc: 42.26% | Test Acc: 35.90% | Best: 35.90%
[e12_matched|SGDM+WD|cos_shape|wd_sched=iso_product|T=100|lr0=0.1|lam0=0.001394] Epoch 75/100 | Train Loss: 1.9120 | Train Acc: 50.06% | Test Acc: 33.00% | Best: 42.31%
[e12_matched|SGDM+WD|cos_shape|wd_sched=linear_up|T=100|lr0=0.1|lam0=0.008152] Epoch 75/100 | Train Loss: 1.7719 | Train Acc: 52.30% | Test Acc: 39.70% | Best: 42.61%
[e12_matched|SGDM+WD|cos_shape|wd_sched=linear|T=100|lr0=0.1|lam0=0.003401] Epoch 75/100 | Train Loss: 1.2300 | Train Acc: 64.77% | Test Acc: 54.89% | Best: 54.89%
[e12_matched|SGDM+WD|cos_shape|wd_sched=iso_product|T=100|lr0=0.1|lam0=0.001394] Epoch 100/100 | Train Loss: 0.7194 | Train Acc: 84.56% | Test Acc: 72.86% | Best: 73.09%
GPU 3: Completed task 6
Worker on GPU 3 finished
[2026-09-10 18:48:48] [INFO]   [5/7] cosine mom=0.9 wd_sched=iso_product lam0=0.001394 T=100 -> best=73.09 diverged=0 (3006s)
[e12_matched|SGDM+WD|cos_shape|wd_sched=linear|T=100|lr0=0.1|lam0=0.003401] Epoch 100/100 | Train Loss: 0.2190 | Train Acc: 94.98% | Test Acc: 64.44% | Best: 64.44%
[e12_matched|SGDM+WD|cos_shape|wd_sched=linear_up|T=100|lr0=0.1|lam0=0.008152] Epoch 100/100 | Train Loss: 0.4601 | Train Acc: 89.61% | Test Acc: 75.10% | Best: 75.10%
GPU 1: Completed task 4
Worker on GPU 1 finished
[2026-09-10 19:00:40] [INFO]   [6/7] cosine mom=0.9 wd_sched=linear_up lam0=0.008152 T=100 -> best=75.10 diverged=0 (4579s)
GPU 1: Completed task 5
Worker on GPU 1 finished
[2026-09-10 19:00:40] [INFO]   [7/7] cosine mom=0.9 wd_sched=linear lam0=0.003401 T=100 -> best=64.44 diverged=0 (4578s)
================================================================================
All workers finished. Completed 7 tasks.
[2026-09-10 19:00:41] [INFO] E8-e12_matched-sgdm: finished 7/7 in 153.1 min
=== 2026-09-10 19:00:42 finished sweep=e12_matched phase=sgdm ===
=== 2026-09-10 19:00:42 E12 sweep=e12_matched phase=sgd model=resnet50 dataset=cifar100 gpus=1,3 wpg=2 ===
[2026-09-10 19:00:45] [INFO] sweep=e12_matched phase=sgd gpus=[1, 3] seeds=[42] workers_per_gpu=2 model=resnet50 dataset=cifar100 n_cfgs=21
[2026-09-10 19:00:45] [INFO]   plan resnet50/cifar100 mom=0.0 shape=   linear_up lam0=0.01698 sum_eta_lambda=9.871 (1.000 C; anchor lam_ref=0.005)
[2026-09-10 19:00:45] [INFO]   plan resnet50/cifar100 mom=0.0 shape=      linear lam0=0.007086 sum_eta_lambda=9.873 (1.000 C; anchor lam_ref=0.005)
[2026-09-10 19:00:45] [INFO]   plan resnet50/cifar100 mom=0.0 shape= iso_product lam0=0.002904 sum_eta_lambda=9.871 (1.000 C; anchor lam_ref=0.005)
[2026-09-10 19:00:45] [INFO]   plan resnet50/cifar100 mom=0.0 shape=   linear_up lam0=0.03397 sum_eta_lambda=19.75 (2.000 C; anchor lam_ref=0.005)
[2026-09-10 19:00:45] [INFO]   plan resnet50/cifar100 mom=0.0 shape=      linear lam0=0.01417 sum_eta_lambda=19.74 (2.000 C; anchor lam_ref=0.005)
[2026-09-10 19:00:45] [INFO]   plan resnet50/cifar100 mom=0.0 shape= iso_product lam0=0.005809 sum_eta_lambda=19.75 (2.000 C; anchor lam_ref=0.005)
[2026-09-10 19:00:45] [INFO]   plan resnet50/cifar100 mom=0.0 shape=   linear_up lam0=0.05095 sum_eta_lambda=29.62 (3.000 C; anchor lam_ref=0.005)
[2026-09-10 19:00:45] [INFO]   plan resnet50/cifar100 mom=0.0 shape=      linear lam0=0.02126 sum_eta_lambda=29.62 (3.000 C; anchor lam_ref=0.005)
[2026-09-10 19:00:45] [INFO]   plan resnet50/cifar100 mom=0.0 shape= iso_product lam0=0.008713 sum_eta_lambda=29.62 (3.000 C; anchor lam_ref=0.005)
[2026-09-10 19:00:45] [INFO]   plan resnet50/cifar100 mom=0.0 shape=   linear_up lam0=0.06794 sum_eta_lambda=39.49 (4.000 C; anchor lam_ref=0.005)
[2026-09-10 19:00:45] [INFO]   plan resnet50/cifar100 mom=0.0 shape=      linear lam0=0.02834 sum_eta_lambda=39.48 (3.999 C; anchor lam_ref=0.005)
[2026-09-10 19:00:45] [INFO]   plan resnet50/cifar100 mom=0.0 shape= iso_product lam0=0.01162 sum_eta_lambda=39.5 (4.001 C; anchor lam_ref=0.005)
[2026-09-10 19:00:45] [INFO]   plan resnet50/cifar100 mom=0.0 shape=   linear_up lam0=0.1019 sum_eta_lambda=59.23 (6.000 C; anchor lam_ref=0.005)
[2026-09-10 19:00:45] [INFO]   plan resnet50/cifar100 mom=0.0 shape=      linear lam0=0.04252 sum_eta_lambda=59.24 (6.000 C; anchor lam_ref=0.005)
[2026-09-10 19:00:45] [INFO]   plan resnet50/cifar100 mom=0.0 shape= iso_product lam0=0.01743 sum_eta_lambda=59.25 (6.001 C; anchor lam_ref=0.005)
[2026-09-10 19:00:45] [INFO]   plan resnet50/cifar100 mom=0.0 shape=   linear_up lam0=0.1529 sum_eta_lambda=88.88 (9.003 C; anchor lam_ref=0.005)
[2026-09-10 19:00:45] [INFO]   plan resnet50/cifar100 mom=0.0 shape=      linear lam0=0.06378 sum_eta_lambda=88.86 (9.001 C; anchor lam_ref=0.005)
[2026-09-10 19:00:45] [INFO]   plan resnet50/cifar100 mom=0.0 shape= iso_product lam0=0.02614 sum_eta_lambda=88.86 (9.000 C; anchor lam_ref=0.005)
[2026-09-10 19:00:45] [INFO]   plan resnet50/cifar100 mom=0.0 shape=   linear_up lam0=0.2548 sum_eta_lambda=148.1 (15.002 C; anchor lam_ref=0.005)
[2026-09-10 19:00:45] [INFO]   plan resnet50/cifar100 mom=0.0 shape=      linear lam0=0.1063 sum_eta_lambda=148.1 (15.001 C; anchor lam_ref=0.005)
[2026-09-10 19:00:45] [INFO]   plan resnet50/cifar100 mom=0.0 shape= iso_product lam0=0.04357 sum_eta_lambda=148.1 (15.001 C; anchor lam_ref=0.005)
[2026-09-10 19:00:45] [INFO] E8-e12_matched-sgd: 21 configs, 0 already done, 21 to run
[2026-09-10 19:00:45] [INFO] E8-e12_matched-sgd: budget ~21.0 units
GPU Scheduler initialized with GPUs: [1, 3]
  Workers per GPU: 2 (Total workers: 4)

Started 4 workers (2 per GPU) for 21 tasks
================================================================================
Worker 0 started on GPU 1 (PID: 2450042)
GPU 1 (Worker 0): Processing task 0
Worker 1 started on GPU 1 (PID: 2450043)
GPU 1 (Worker 1): Processing task 1
Worker 1 started on GPU 3 (PID: 2450045)
GPU 3 (Worker 1): Processing task 2
Worker 0 started on GPU 3 (PID: 2450044)
GPU 3 (Worker 0): Processing task 3
Files already downloaded and verified
Files already downloaded and verified
Files already downloaded and verified
Files already downloaded and verified
Files already downloaded and verified
Files already downloaded and verified
Files already downloaded and verified
Files already downloaded and verified
[e12_matched|SGD+WD|cos_shape|wd_sched=linear_up|T=100|lr0=0.1|lam0=0.01698] start
[e12_matched|SGD+WD|cos_shape|wd_sched=linear|T=100|lr0=0.1|lam0=0.007086] start
[e12_matched|SGD+WD|cos_shape|wd_sched=linear_up|T=100|lr0=0.1|lam0=0.03397] start
[e12_matched|SGD+WD|cos_shape|wd_sched=iso_product|T=100|lr0=0.1|lam0=0.002904] start
/home/yzy/Documents/GitHub/wd/wd_core/utils.py:69: FutureWarning: `torch.cuda.amp.autocast(args...)` is deprecated. Please use `torch.amp.autocast('cuda', args...)` instead.
  with autocast():
/home/yzy/Documents/GitHub/wd/wd_core/utils.py:69: FutureWarning: `torch.cuda.amp.autocast(args...)` is deprecated. Please use `torch.amp.autocast('cuda', args...)` instead.
  with autocast():
/home/yzy/Documents/GitHub/wd/wd_core/utils.py:69: FutureWarning: `torch.cuda.amp.autocast(args...)` is deprecated. Please use `torch.amp.autocast('cuda', args...)` instead.
  with autocast():
/home/yzy/Documents/GitHub/wd/wd_core/utils.py:69: FutureWarning: `torch.cuda.amp.autocast(args...)` is deprecated. Please use `torch.amp.autocast('cuda', args...)` instead.
  with autocast():
[e12_matched|SGD+WD|cos_shape|wd_sched=linear|T=100|lr0=0.1|lam0=0.007086] Epoch 25/100 | Train Loss: 1.3559 | Train Acc: 62.39% | Test Acc: 40.71% | Best: 44.39%
[e12_matched|SGD+WD|cos_shape|wd_sched=linear_up|T=100|lr0=0.1|lam0=0.01698] Epoch 25/100 | Train Loss: 1.0643 | Train Acc: 69.58% | Test Acc: 50.55% | Best: 55.84%
[e12_matched|SGD+WD|cos_shape|wd_sched=iso_product|T=100|lr0=0.1|lam0=0.002904] Epoch 25/100 | Train Loss: 1.0445 | Train Acc: 69.88% | Test Acc: 52.73% | Best: 55.69%
[e12_matched|SGD+WD|cos_shape|wd_sched=linear_up|T=100|lr0=0.1|lam0=0.03397] Epoch 25/100 | Train Loss: 1.5370 | Train Acc: 58.96% | Test Acc: 34.21% | Best: 49.55%
[e12_matched|SGD+WD|cos_shape|wd_sched=linear|T=100|lr0=0.1|lam0=0.007086] Epoch 50/100 | Train Loss: 0.7690 | Train Acc: 78.02% | Test Acc: 54.33% | Best: 60.49%
[e12_matched|SGD+WD|cos_shape|wd_sched=linear_up|T=100|lr0=0.1|lam0=0.01698] Epoch 50/100 | Train Loss: 1.1474 | Train Acc: 69.50% | Test Acc: 45.17% | Best: 55.84%
[e12_matched|SGD+WD|cos_shape|wd_sched=linear_up|T=100|lr0=0.1|lam0=0.03397] Epoch 50/100 | Train Loss: 1.6781 | Train Acc: 58.40% | Test Acc: 30.53% | Best: 49.55%
[e12_matched|SGD+WD|cos_shape|wd_sched=iso_product|T=100|lr0=0.1|lam0=0.002904] Epoch 50/100 | Train Loss: 0.8588 | Train Acc: 76.35% | Test Acc: 52.17% | Best: 59.08%
[e12_matched|SGD+WD|cos_shape|wd_sched=linear|T=100|lr0=0.1|lam0=0.007086] Epoch 75/100 | Train Loss: 0.1164 | Train Acc: 97.10% | Test Acc: 74.02% | Best: 74.41%
[e12_matched|SGD+WD|cos_shape|wd_sched=linear_up|T=100|lr0=0.1|lam0=0.01698] Epoch 75/100 | Train Loss: 0.7234 | Train Acc: 82.97% | Test Acc: 59.22% | Best: 63.40%
[e12_matched|SGD+WD|cos_shape|wd_sched=iso_product|T=100|lr0=0.1|lam0=0.002904] Epoch 75/100 | Train Loss: 0.8004 | Train Acc: 82.57% | Test Acc: 56.06% | Best: 62.71%
[e12_matched|SGD+WD|cos_shape|wd_sched=linear_up|T=100|lr0=0.1|lam0=0.03397] Epoch 75/100 | Train Loss: 1.3118 | Train Acc: 71.02% | Test Acc: 34.73% | Best: 55.33%
[e12_matched|SGD+WD|cos_shape|wd_sched=linear|T=100|lr0=0.1|lam0=0.007086] Epoch 100/100 | Train Loss: 0.0170 | Train Acc: 99.89% | Test Acc: 79.25% | Best: 79.25%
GPU 1: Completed task 1
GPU 1 (Worker 1): Processing task 4
[2026-09-10 20:16:47] [INFO]   [1/21] cosine mom=0.0 wd_sched=linear lam0=0.007086 T=100 -> best=79.25 diverged=0 (4555s)
Files already downloaded and verified
[e12_matched|SGD+WD|cos_shape|wd_sched=linear_up|T=100|lr0=0.1|lam0=0.01698] Epoch 100/100 | Train Loss: 0.1868 | Train Acc: 99.57% | Test Acc: 79.55% | Best: 79.55%
Files already downloaded and verified
[e12_matched|SGD+WD|cos_shape|wd_sched=linear|T=100|lr0=0.1|lam0=0.01417] start
GPU 1: Completed task 0
GPU 1 (Worker 0): Processing task 5
[2026-09-10 20:16:49] [INFO]   [2/21] cosine mom=0.0 wd_sched=linear_up lam0=0.01698 T=100 -> best=79.55 diverged=0 (4557s)
Files already downloaded and verified
Files already downloaded and verified
[e12_matched|SGD+WD|cos_shape|wd_sched=iso_product|T=100|lr0=0.1|lam0=0.005809] start
[e12_matched|SGD+WD|cos_shape|wd_sched=iso_product|T=100|lr0=0.1|lam0=0.002904] Epoch 100/100 | Train Loss: 0.3938 | Train Acc: 99.15% | Test Acc: 79.29% | Best: 79.31%
[e12_matched|SGD+WD|cos_shape|wd_sched=linear_up|T=100|lr0=0.1|lam0=0.03397] Epoch 100/100 | Train Loss: 0.5526 | Train Acc: 95.78% | Test Acc: 78.98% | Best: 78.98%
GPU 3: Completed task 2
GPU 3 (Worker 1): Processing task 6
[2026-09-10 20:31:33] [INFO]   [3/21] cosine mom=0.0 wd_sched=iso_product lam0=0.002904 T=100 -> best=79.31 diverged=0 (5440s)
Files already downloaded and verified
GPU 3: Completed task 3
GPU 3 (Worker 0): Processing task 7
[2026-09-10 20:31:33] [INFO]   [4/21] cosine mom=0.0 wd_sched=linear_up lam0=0.03397 T=100 -> best=78.98 diverged=0 (5440s)
Files already downloaded and verified
Files already downloaded and verified
Files already downloaded and verified
[e12_matched|SGD+WD|cos_shape|wd_sched=linear_up|T=100|lr0=0.1|lam0=0.05095] start
[e12_matched|SGD+WD|cos_shape|wd_sched=linear|T=100|lr0=0.1|lam0=0.02126] start
[e12_matched|SGD+WD|cos_shape|wd_sched=linear|T=100|lr0=0.1|lam0=0.01417] Epoch 25/100 | Train Loss: 1.8750 | Train Acc: 50.44% | Test Acc: 27.38% | Best: 35.65%
[e12_matched|SGD+WD|cos_shape|wd_sched=iso_product|T=100|lr0=0.1|lam0=0.005809] Epoch 25/100 | Train Loss: 1.4634 | Train Acc: 60.21% | Test Acc: 38.19% | Best: 44.91%
[e12_matched|SGD+WD|cos_shape|wd_sched=linear|T=100|lr0=0.1|lam0=0.02126] Epoch 25/100 | Train Loss: 2.3907 | Train Acc: 38.93% | Test Acc: 16.54% | Best: 23.42%
[e12_matched|SGD+WD|cos_shape|wd_sched=linear_up|T=100|lr0=0.1|lam0=0.05095] Epoch 25/100 | Train Loss: 1.8354 | Train Acc: 52.66% | Test Acc: 30.02% | Best: 46.88%
[e12_matched|SGD+WD|cos_shape|wd_sched=iso_product|T=100|lr0=0.1|lam0=0.005809] Epoch 50/100 | Train Loss: 1.3528 | Train Acc: 64.93% | Test Acc: 38.44% | Best: 49.83%
[e12_matched|SGD+WD|cos_shape|wd_sched=linear|T=100|lr0=0.1|lam0=0.01417] Epoch 50/100 | Train Loss: 1.2389 | Train Acc: 66.27% | Test Acc: 39.32% | Best: 48.59%
[e12_matched|SGD+WD|cos_shape|wd_sched=iso_product|T=100|lr0=0.1|lam0=0.005809] Epoch 75/100 | Train Loss: 1.5222 | Train Acc: 70.08% | Test Acc: 41.11% | Best: 54.41%
[e12_matched|SGD+WD|cos_shape|wd_sched=linear|T=100|lr0=0.1|lam0=0.01417] Epoch 75/100 | Train Loss: 0.3732 | Train Acc: 89.97% | Test Acc: 69.15% | Best: 69.19%
[e12_matched|SGD+WD|cos_shape|wd_sched=linear_up|T=100|lr0=0.1|lam0=0.05095] Epoch 50/100 | Train Loss: 2.1037 | Train Acc: 49.71% | Test Acc: 23.74% | Best: 46.88%
[e12_matched|SGD+WD|cos_shape|wd_sched=linear|T=100|lr0=0.1|lam0=0.02126] Epoch 50/100 | Train Loss: 1.6777 | Train Acc: 55.52% | Test Acc: 31.68% | Best: 36.63%
[e12_matched|SGD+WD|cos_shape|wd_sched=iso_product|T=100|lr0=0.1|lam0=0.005809] Epoch 100/100 | Train Loss: 1.4147 | Train Acc: 86.54% | Test Acc: 74.79% | Best: 75.07%
GPU 1: Completed task 5
GPU 1 (Worker 0): Processing task 8
[2026-09-10 21:35:55] [INFO]   [5/21] cosine mom=0.0 wd_sched=iso_product lam0=0.005809 T=100 -> best=75.07 diverged=0 (4742s)
Files already downloaded and verified
Files already downloaded and verified
[e12_matched|SGD+WD|cos_shape|wd_sched=linear|T=100|lr0=0.1|lam0=0.01417] Epoch 100/100 | Train Loss: 0.0383 | Train Acc: 99.70% | Test Acc: 78.36% | Best: 78.36%
[e12_matched|SGD+WD|cos_shape|wd_sched=iso_product|T=100|lr0=0.1|lam0=0.008713] start
GPU 1: Completed task 4
GPU 1 (Worker 1): Processing task 9
[2026-09-10 21:36:00] [INFO]   [6/21] cosine mom=0.0 wd_sched=linear lam0=0.01417 T=100 -> best=78.36 diverged=0 (4749s)
Files already downloaded and verified
Files already downloaded and verified
[e12_matched|SGD+WD|cos_shape|wd_sched=linear_up|T=100|lr0=0.1|lam0=0.06794] start
[e12_matched|SGD+WD|cos_shape|wd_sched=linear|T=100|lr0=0.1|lam0=0.02126] Epoch 75/100 | Train Loss: 0.7334 | Train Acc: 79.63% | Test Acc: 62.06% | Best: 63.34%
[e12_matched|SGD+WD|cos_shape|wd_sched=linear_up|T=100|lr0=0.1|lam0=0.05095] Epoch 75/100 | Train Loss: 1.8509 | Train Acc: 59.85% | Test Acc: 39.48% | Best: 46.88%
[e12_matched|SGD+WD|cos_shape|wd_sched=iso_product|T=100|lr0=0.1|lam0=0.008713] Epoch 25/100 | Train Loss: 1.7548 | Train Acc: 53.92% | Test Acc: 25.95% | Best: 35.78%
[e12_matched|SGD+WD|cos_shape|wd_sched=linear_up|T=100|lr0=0.1|lam0=0.06794] Epoch 25/100 | Train Loss: 2.0703 | Train Acc: 47.89% | Test Acc: 23.01% | Best: 43.04%
[e12_matched|SGD+WD|cos_shape|wd_sched=linear|T=100|lr0=0.1|lam0=0.02126] Epoch 100/100 | Train Loss: 0.0898 | Train Acc: 98.89% | Test Acc: 74.79% | Best: 75.03%
[e12_matched|SGD+WD|cos_shape|wd_sched=linear_up|T=100|lr0=0.1|lam0=0.05095] Epoch 100/100 | Train Loss: 1.1321 | Train Acc: 83.89% | Test Acc: 71.91% | Best: 71.92%
GPU 3: Completed task 7
GPU 3 (Worker 0): Processing task 10
[2026-09-10 22:03:39] [INFO]   [7/21] cosine mom=0.0 wd_sched=linear lam0=0.02126 T=100 -> best=75.03 diverged=0 (5522s)
Files already downloaded and verified
GPU 3: Completed task 6
GPU 3 (Worker 1): Processing task 11
[2026-09-10 22:03:39] [INFO]   [8/21] cosine mom=0.0 wd_sched=linear_up lam0=0.05095 T=100 -> best=71.92 diverged=0 (5522s)
Files already downloaded and verified
Files already downloaded and verified
Files already downloaded and verified
[e12_matched|SGD+WD|cos_shape|wd_sched=linear|T=100|lr0=0.1|lam0=0.02834] start
[e12_matched|SGD+WD|cos_shape|wd_sched=iso_product|T=100|lr0=0.1|lam0=0.01162] start
[e12_matched|SGD+WD|cos_shape|wd_sched=iso_product|T=100|lr0=0.1|lam0=0.008713] Epoch 50/100 | Train Loss: 1.7102 | Train Acc: 57.26% | Test Acc: 35.06% | Best: 44.23%
[e12_matched|SGD+WD|cos_shape|wd_sched=linear_up|T=100|lr0=0.1|lam0=0.06794] Epoch 50/100 | Train Loss: 2.4807 | Train Acc: 42.49% | Test Acc: 17.43% | Best: 43.04%
[e12_matched|SGD+WD|cos_shape|wd_sched=linear|T=100|lr0=0.1|lam0=0.02834] Epoch 25/100 | Train Loss: 3.0729 | Train Acc: 23.73% | Test Acc: 11.77% | Best: 18.40%
[e12_matched|SGD+WD|cos_shape|wd_sched=iso_product|T=100|lr0=0.1|lam0=0.01162] Epoch 25/100 | Train Loss: 1.9968 | Train Acc: 48.20% | Test Acc: 14.84% | Best: 32.19%
[e12_matched|SGD+WD|cos_shape|wd_sched=iso_product|T=100|lr0=0.1|lam0=0.008713] Epoch 75/100 | Train Loss: 2.1807 | Train Acc: 59.08% | Test Acc: 41.35% | Best: 44.23%
[e12_matched|SGD+WD|cos_shape|wd_sched=linear_up|T=100|lr0=0.1|lam0=0.06794] Epoch 75/100 | Train Loss: 2.3458 | Train Acc: 48.69% | Test Acc: 31.83% | Best: 43.04%
[e12_matched|SGD+WD|cos_shape|wd_sched=linear|T=100|lr0=0.1|lam0=0.02834] Epoch 50/100 | Train Loss: 2.2544 | Train Acc: 41.56% | Test Acc: 17.73% | Best: 31.49%
[e12_matched|SGD+WD|cos_shape|wd_sched=iso_product|T=100|lr0=0.1|lam0=0.01162] Epoch 50/100 | Train Loss: 2.0175 | Train Acc: 50.76% | Test Acc: 22.48% | Best: 34.33%
[e12_matched|SGD+WD|cos_shape|wd_sched=iso_product|T=100|lr0=0.1|lam0=0.008713] Epoch 100/100 | Train Loss: 3.0892 | Train Acc: 44.93% | Test Acc: 44.46% | Best: 45.41%
GPU 1: Completed task 8
GPU 1 (Worker 0): Processing task 12
[2026-09-10 23:06:49] [INFO]   [9/21] cosine mom=0.0 wd_sched=iso_product lam0=0.008713 T=100 -> best=45.41 diverged=0 (5449s)
Files already downloaded and verified
Files already downloaded and verified
[e12_matched|SGD+WD|cos_shape|wd_sched=linear_up|T=100|lr0=0.1|lam0=0.1019] start
[e12_matched|SGD+WD|cos_shape|wd_sched=linear_up|T=100|lr0=0.1|lam0=0.06794] Epoch 100/100 | Train Loss: 1.7589 | Train Acc: 68.04% | Test Acc: 62.39% | Best: 62.48%
[2026-09-10 23:07:01] [INFO]   [10/21] cosine mom=0.0 wd_sched=linear_up lam0=0.06794 T=100 -> best=62.48 diverged=0 (5456s)
GPU 1: Completed task 9
GPU 1 (Worker 1): Processing task 13
Files already downloaded and verified
Files already downloaded and verified
[e12_matched|SGD+WD|cos_shape|wd_sched=linear|T=100|lr0=0.1|lam0=0.04252] start
[e12_matched|SGD+WD|cos_shape|wd_sched=linear|T=100|lr0=0.1|lam0=0.02834] Epoch 75/100 | Train Loss: 1.2637 | Train Acc: 65.77% | Test Acc: 53.85% | Best: 53.85%
[e12_matched|SGD+WD|cos_shape|wd_sched=iso_product|T=100|lr0=0.1|lam0=0.01162] Epoch 75/100 | Train Loss: 2.8140 | Train Acc: 46.27% | Test Acc: 35.46% | Best: 38.86%
[e12_matched|SGD+WD|cos_shape|wd_sched=linear_up|T=100|lr0=0.1|lam0=0.1019] Epoch 25/100 | Train Loss: 2.5174 | Train Acc: 39.36% | Test Acc: 15.26% | Best: 39.15%
[e12_matched|SGD+WD|cos_shape|wd_sched=linear|T=100|lr0=0.1|lam0=0.04252] Epoch 25/100 | Train Loss: 4.1004 | Train Acc: 6.40% | Test Acc: 5.53% | Best: 6.62%
[e12_matched|SGD+WD|cos_shape|wd_sched=linear|T=100|lr0=0.1|lam0=0.02834] Epoch 100/100 | Train Loss: 0.3802 | Train Acc: 91.02% | Test Acc: 69.45% | Best: 69.53%
[e12_matched|SGD+WD|cos_shape|wd_sched=iso_product|T=100|lr0=0.1|lam0=0.01162] Epoch 100/100 | Train Loss: 4.2705 | Train Acc: 8.67% | Test Acc: 8.95% | Best: 38.86%
GPU 3: Completed task 10
GPU 3 (Worker 0): Processing task 14
[2026-09-10 23:34:47] [INFO]   [11/21] cosine mom=0.0 wd_sched=linear lam0=0.02834 T=100 -> best=69.53 diverged=0 (5464s)
Files already downloaded and verified
GPU 3: Completed task 11
GPU 3 (Worker 1): Processing task 15
[2026-09-10 23:34:48] [INFO]   [12/21] cosine mom=0.0 wd_sched=iso_product lam0=0.01162 T=100 -> best=38.86 diverged=0 (5464s)
Files already downloaded and verified
Files already downloaded and verified
Files already downloaded and verified
[e12_matched|SGD+WD|cos_shape|wd_sched=iso_product|T=100|lr0=0.1|lam0=0.01743] start
[e12_matched|SGD+WD|cos_shape|wd_sched=linear_up|T=100|lr0=0.1|lam0=0.1529] start
[e12_matched|SGD+WD|cos_shape|wd_sched=linear_up|T=100|lr0=0.1|lam0=0.1019] Epoch 50/100 | Train Loss: 3.2442 | Train Acc: 26.01% | Test Acc: 10.41% | Best: 39.15%
[e12_matched|SGD+WD|cos_shape|wd_sched=linear|T=100|lr0=0.1|lam0=0.04252] Epoch 50/100 | Train Loss: 3.8205 | Train Acc: 10.19% | Test Acc: 9.88% | Best: 9.88%
[e12_matched|SGD+WD|cos_shape|wd_sched=iso_product|T=100|lr0=0.1|lam0=0.01743] Epoch 25/100 | Train Loss: 2.4718 | Train Acc: 37.92% | Test Acc: 20.91% | Best: 29.38%
[e12_matched|SGD+WD|cos_shape|wd_sched=linear_up|T=100|lr0=0.1|lam0=0.1529] Epoch 25/100 | Train Loss: 3.1254 | Train Acc: 27.71% | Test Acc: 12.79% | Best: 35.73%
[e12_matched|SGD+WD|cos_shape|wd_sched=linear_up|T=100|lr0=0.1|lam0=0.1019] Epoch 75/100 | Train Loss: 3.4044 | Train Acc: 23.69% | Test Acc: 14.83% | Best: 39.15%
[e12_matched|SGD+WD|cos_shape|wd_sched=linear|T=100|lr0=0.1|lam0=0.04252] Epoch 75/100 | Train Loss: 3.3153 | Train Acc: 19.20% | Test Acc: 15.30% | Best: 17.32%
[e12_matched|SGD+WD|cos_shape|wd_sched=iso_product|T=100|lr0=0.1|lam0=0.01743] Epoch 50/100 | Train Loss: 2.5967 | Train Acc: 38.34% | Test Acc: 14.55% | Best: 29.38%
[e12_matched|SGD+WD|cos_shape|wd_sched=linear_up|T=100|lr0=0.1|lam0=0.1529] Epoch 50/100 | Train Loss: 4.2169 | Train Acc: 7.68% | Test Acc: 3.78% | Best: 35.73%
[e12_matched|SGD+WD|cos_shape|wd_sched=linear_up|T=100|lr0=0.1|lam0=0.1019] Epoch 100/100 | Train Loss: 3.3085 | Train Acc: 25.92% | Test Acc: 25.97% | Best: 39.15%
GPU 1: Completed task 12
GPU 1 (Worker 0): Processing task 16
[2026-09-11 00:37:58] [INFO]   [13/21] cosine mom=0.0 wd_sched=linear_up lam0=0.1019 T=100 -> best=39.15 diverged=0 (5465s)
Files already downloaded and verified
Files already downloaded and verified
[e12_matched|SGD+WD|cos_shape|wd_sched=linear|T=100|lr0=0.1|lam0=0.06378] start
[e12_matched|SGD+WD|cos_shape|wd_sched=linear|T=100|lr0=0.1|lam0=0.04252] Epoch 100/100 | Train Loss: 2.8918 | Train Acc: 27.97% | Test Acc: 27.76% | Best: 27.76%
GPU 1: Completed task 13
GPU 1 (Worker 1): Processing task 17
[2026-09-11 00:38:11] [INFO]   [14/21] cosine mom=0.0 wd_sched=linear lam0=0.04252 T=100 -> best=27.76 diverged=0 (5466s)
Files already downloaded and verified
Files already downloaded and verified
[e12_matched|SGD+WD|cos_shape|wd_sched=iso_product|T=100|lr0=0.1|lam0=0.02614] start
[e12_matched|SGD+WD|cos_shape|wd_sched=iso_product|T=100|lr0=0.1|lam0=0.01743] Epoch 75/100 | Train Loss: 3.9362 | Train Acc: 17.95% | Test Acc: 13.41% | Best: 29.38%
[e12_matched|SGD+WD|cos_shape|wd_sched=linear_up|T=100|lr0=0.1|lam0=0.1529] Epoch 75/100 | Train Loss: 4.5701 | Train Acc: 2.31% | Test Acc: 2.47% | Best: 35.73%
[e12_matched|SGD+WD|cos_shape|wd_sched=linear|T=100|lr0=0.1|lam0=0.06378] Epoch 25/100 | Train Loss: 4.4396 | Train Acc: 2.51% | Test Acc: 2.77% | Best: 3.31%
[e12_matched|SGD+WD|cos_shape|wd_sched=iso_product|T=100|lr0=0.1|lam0=0.02614] Epoch 25/100 | Train Loss: 3.2423 | Train Acc: 21.53% | Test Acc: 10.14% | Best: 15.11%
[e12_matched|SGD+WD|cos_shape|wd_sched=iso_product|T=100|lr0=0.1|lam0=0.01743] Epoch 100/100 | Train Loss: 4.6055 | Train Acc: 0.99% | Test Acc: 1.00% | Best: 29.38%
GPU 3: Completed task 14
GPU 3 (Worker 0): Processing task 18
[2026-09-11 01:04:54] [INFO]   [15/21] cosine mom=0.0 wd_sched=iso_product lam0=0.01743 T=100 -> best=29.38 diverged=0 (5403s)
[e12_matched|SGD+WD|cos_shape|wd_sched=linear_up|T=100|lr0=0.1|lam0=0.1529] Epoch 100/100 | Train Loss: 4.6055 | Train Acc: 1.00% | Test Acc: 1.00% | Best: 35.73%
Files already downloaded and verified
Files already downloaded and verified
GPU 3: Completed task 15
GPU 3 (Worker 1): Processing task 19
[2026-09-11 01:04:56] [INFO]   [16/21] cosine mom=0.0 wd_sched=linear_up lam0=0.1529 T=100 -> best=35.73 diverged=0 (5404s)
Files already downloaded and verified
[e12_matched|SGD+WD|cos_shape|wd_sched=linear_up|T=100|lr0=0.1|lam0=0.2548] start
Files already downloaded and verified
[e12_matched|SGD+WD|cos_shape|wd_sched=linear|T=100|lr0=0.1|lam0=0.1063] start
[e12_matched|SGD+WD|cos_shape|wd_sched=linear|T=100|lr0=0.1|lam0=0.06378] Epoch 50/100 | Train Loss: 4.4132 | Train Acc: 2.59% | Test Acc: 2.45% | Best: 3.31%
[e12_matched|SGD+WD|cos_shape|wd_sched=iso_product|T=100|lr0=0.1|lam0=0.02614] Epoch 50/100 | Train Loss: 3.4754 | Train Acc: 19.10% | Test Acc: 8.13% | Best: 16.50%
[e12_matched|SGD+WD|cos_shape|wd_sched=linear_up|T=100|lr0=0.1|lam0=0.2548] Epoch 25/100 | Train Loss: 4.1201 | Train Acc: 8.93% | Test Acc: 6.07% | Best: 24.71%
[e12_matched|SGD+WD|cos_shape|wd_sched=linear|T=100|lr0=0.1|lam0=0.1063] Epoch 25/100 | Train Loss: 4.6053 | Train Acc: 0.97% | Test Acc: 1.00% | Best: 3.30%
[e12_matched|SGD+WD|cos_shape|wd_sched=linear|T=100|lr0=0.1|lam0=0.06378] Epoch 75/100 | Train Loss: 4.3486 | Train Acc: 2.94% | Test Acc: 2.87% | Best: 3.31%
[e12_matched|SGD+WD|cos_shape|wd_sched=iso_product|T=100|lr0=0.1|lam0=0.02614] Epoch 75/100 | Train Loss: 4.6054 | Train Acc: 0.82% | Test Acc: 1.00% | Best: 16.50%
[e12_matched|SGD+WD|cos_shape|wd_sched=linear_up|T=100|lr0=0.1|lam0=0.2548] Epoch 50/100 | Train Loss: 4.6053 | Train Acc: 0.91% | Test Acc: 1.00% | Best: 24.71%
[e12_matched|SGD+WD|cos_shape|wd_sched=linear|T=100|lr0=0.1|lam0=0.1063] Epoch 50/100 | Train Loss: 4.6053 | Train Acc: 0.87% | Test Acc: 1.00% | Best: 3.30%
[e12_matched|SGD+WD|cos_shape|wd_sched=linear|T=100|lr0=0.1|lam0=0.06378] Epoch 100/100 | Train Loss: 4.3017 | Train Acc: 3.15% | Test Acc: 3.12% | Best: 3.31%
GPU 1: Completed task 16
GPU 1 (Worker 0): Processing task 20
[2026-09-11 02:08:57] [INFO]   [17/21] cosine mom=0.0 wd_sched=linear lam0=0.06378 T=100 -> best=3.31 diverged=0 (5454s)
Files already downloaded and verified
Files already downloaded and verified
[e12_matched|SGD+WD|cos_shape|wd_sched=iso_product|T=100|lr0=0.1|lam0=0.04357] start
[e12_matched|SGD+WD|cos_shape|wd_sched=iso_product|T=100|lr0=0.1|lam0=0.02614] Epoch 100/100 | Train Loss: 4.6055 | Train Acc: 0.98% | Test Acc: 1.00% | Best: 16.50%
GPU 1: Completed task 17
Worker on GPU 1 finished
[2026-09-11 02:09:23] [INFO]   [18/21] cosine mom=0.0 wd_sched=iso_product lam0=0.02614 T=100 -> best=16.50 diverged=0 (5468s)
[e12_matched|SGD+WD|cos_shape|wd_sched=linear_up|T=100|lr0=0.1|lam0=0.2548] Epoch 75/100 | Train Loss: 4.6054 | Train Acc: 0.83% | Test Acc: 1.00% | Best: 24.71%
[e12_matched|SGD+WD|cos_shape|wd_sched=linear|T=100|lr0=0.1|lam0=0.1063] Epoch 75/100 | Train Loss: 4.6053 | Train Acc: 0.82% | Test Acc: 1.00% | Best: 3.30%
[e12_matched|SGD+WD|cos_shape|wd_sched=iso_product|T=100|lr0=0.1|lam0=0.04357] Epoch 25/100 | Train Loss: 4.2877 | Train Acc: 4.96% | Test Acc: 3.77% | Best: 7.15%
[e12_matched|SGD+WD|cos_shape|wd_sched=iso_product|T=100|lr0=0.1|lam0=0.04357] Epoch 50/100 | Train Loss: 4.5099 | Train Acc: 2.47% | Test Acc: 2.66% | Best: 7.15%
[e12_matched|SGD+WD|cos_shape|wd_sched=linear_up|T=100|lr0=0.1|lam0=0.2548] Epoch 100/100 | Train Loss: 4.6055 | Train Acc: 1.00% | Test Acc: 1.00% | Best: 24.71%
[e12_matched|SGD+WD|cos_shape|wd_sched=linear|T=100|lr0=0.1|lam0=0.1063] Epoch 100/100 | Train Loss: 4.6055 | Train Acc: 1.00% | Test Acc: 1.00% | Best: 3.30%
GPU 3: Completed task 18
Worker on GPU 3 finished
[2026-09-11 02:37:05] [INFO]   [19/21] cosine mom=0.0 wd_sched=linear_up lam0=0.2548 T=100 -> best=24.71 diverged=0 (5526s)
GPU 3: Completed task 19
Worker on GPU 3 finished
[2026-09-11 02:37:05] [INFO]   [20/21] cosine mom=0.0 wd_sched=linear lam0=0.1063 T=100 -> best=3.30 diverged=0 (5525s)
[e12_matched|SGD+WD|cos_shape|wd_sched=iso_product|T=100|lr0=0.1|lam0=0.04357] Epoch 75/100 | Train Loss: 4.6054 | Train Acc: 0.86% | Test Acc: 1.00% | Best: 7.15%
[e12_matched|SGD+WD|cos_shape|wd_sched=iso_product|T=100|lr0=0.1|lam0=0.04357] Epoch 100/100 | Train Loss: 4.6055 | Train Acc: 1.00% | Test Acc: 1.00% | Best: 7.15%
GPU 1: Completed task 20
Worker on GPU 1 finished
[2026-09-11 02:58:47] [INFO]   [21/21] cosine mom=0.0 wd_sched=iso_product lam0=0.04357 T=100 -> best=7.15 diverged=0 (2986s)
================================================================================
All workers finished. Completed 21 tasks.
[2026-09-11 02:58:48] [INFO] E8-e12_matched-sgd: finished 21/21 in 478.1 min
=== 2026-09-11 02:58:49 finished sweep=e12_matched phase=sgd ===
=== 2026-09-11 02:58:49 E12 setting resnet50/cifar100 done ===
R50_DONE
2026年 09月 11日 星期五 02:58:59 CST
