[2026-09-09 23:24:02] [INFO] sweep=e12_fixed phase=all gpus=[0, 1, 3] seeds=[42] workers_per_gpu=4 model=mlp dataset=mnist n_cfgs=14
[2026-09-09 23:24:02] [INFO] E8-e12_fixed-all: 14 configs, 0 already done, 14 to run
[2026-09-09 23:24:02] [INFO] E8-e12_fixed-all: budget ~14.0 units
GPU Scheduler initialized with GPUs: [0, 1, 3]
  Workers per GPU: 4 (Total workers: 12)

Started 12 workers (4 per GPU) for 14 tasks
================================================================================
Worker 0 started on GPU 3 (PID: 2166936)
GPU 3 (Worker 0): Processing task 0
Worker 1 started on GPU 0 (PID: 2166929)
GPU 0 (Worker 1): Processing task 1
Worker 2 started on GPU 3 (PID: 2166938)
GPU 3 (Worker 2): Processing task 2
Worker 2 started on GPU 0 (PID: 2166930)
GPU 0 (Worker 2): Processing task 3
Worker 3 started on GPU 1 (PID: 2166935)
GPU 1 (Worker 3): Processing task 4
Worker 1 started on GPU 3 (PID: 2166937)
GPU 3 (Worker 1): Processing task 5
Worker 0 started on GPU 1 (PID: 2166932)
GPU 1 (Worker 0): Processing task 6
Worker 1 started on GPU 1 (PID: 2166933)
GPU 1 (Worker 1): Processing task 7
Worker 3 started on GPU 0 (PID: 2166931)
GPU 0 (Worker 3): Processing task 8
Worker 2 started on GPU 1 (PID: 2166934)
GPU 1 (Worker 2): Processing task 9
Worker 0 started on GPU 0 (PID: 2166928)
GPU 0 (Worker 0): Processing task 10
Worker 3 started on GPU 3 (PID: 2166939)
GPU 3 (Worker 3): Processing task 11
[e12_fixed|SGD+WD|cosine|wd_sched=fixed|T=100|lr0=0.1|lam0=0.001] start
[e12_fixed|SGD+WD|cosine|wd_sched=fixed|T=100|lr0=0.1|lam0=0.002] start
[e12_fixed|SGD+WD|cosine|wd_sched=fixed|T=100|lr0=0.1|lam0=0.005] start
[e12_fixed|SGD+WD|cosine|wd_sched=fixed|T=100|lr0=0.1|lam0=0.003] start
[e12_fixed|SGDM+WD|cosine|wd_sched=fixed|T=100|lr0=0.1|lam0=0.0003] start
[e12_fixed|SGDM+WD|cosine|wd_sched=fixed|T=100|lr0=0.1|lam0=0.0006] start
[e12_fixed|SGD+WD|cosine|wd_sched=fixed|T=100|lr0=0.1|lam0=0.01] start
[e12_fixed|SGDM+WD|cosine|wd_sched=fixed|T=100|lr0=0.1|lam0=0.001] start
[e12_fixed|SGDM+WD|cosine|wd_sched=fixed|T=100|lr0=0.1|lam0=0.0001] start
[e12_fixed|SGD+WD|cosine|wd_sched=fixed|T=100|lr0=0.1|lam0=0.0075] start
[e12_fixed|SGD+WD|cosine|wd_sched=fixed|T=100|lr0=0.1|lam0=0.02] start
[e12_fixed|SGDM+WD|cosine|wd_sched=fixed|T=100|lr0=0.1|lam0=0.002] start
/home/yzy/Documents/GitHub/wd/wd_core/utils.py:69: FutureWarning: `torch.cuda.amp.autocast(args...)` is deprecated. Please use `torch.amp.autocast('cuda', args...)` instead.
  with autocast():
/home/yzy/Documents/GitHub/wd/wd_core/utils.py:69: FutureWarning: `torch.cuda.amp.autocast(args...)` is deprecated. Please use `torch.amp.autocast('cuda', args...)` instead.
  with autocast():
/home/yzy/Documents/GitHub/wd/wd_core/utils.py:69: FutureWarning: `torch.cuda.amp.autocast(args...)` is deprecated. Please use `torch.amp.autocast('cuda', args...)` instead.
  with autocast():
/home/yzy/Documents/GitHub/wd/wd_core/utils.py:69: FutureWarning: `torch.cuda.amp.autocast(args...)` is deprecated. Please use `torch.amp.autocast('cuda', args...)` instead.
  with autocast():
/home/yzy/Documents/GitHub/wd/wd_core/utils.py:69: FutureWarning: `torch.cuda.amp.autocast(args...)` is deprecated. Please use `torch.amp.autocast('cuda', args...)` instead.
  with autocast():
/home/yzy/Documents/GitHub/wd/wd_core/utils.py:69: FutureWarning: `torch.cuda.amp.autocast(args...)` is deprecated. Please use `torch.amp.autocast('cuda', args...)` instead.
  with autocast():
/home/yzy/Documents/GitHub/wd/wd_core/utils.py:69: FutureWarning: `torch.cuda.amp.autocast(args...)` is deprecated. Please use `torch.amp.autocast('cuda', args...)` instead.
  with autocast():
/home/yzy/Documents/GitHub/wd/wd_core/utils.py:69: FutureWarning: `torch.cuda.amp.autocast(args...)` is deprecated. Please use `torch.amp.autocast('cuda', args...)` instead.
  with autocast():
/home/yzy/Documents/GitHub/wd/wd_core/utils.py:69: FutureWarning: `torch.cuda.amp.autocast(args...)` is deprecated. Please use `torch.amp.autocast('cuda', args...)` instead.
  with autocast():
/home/yzy/Documents/GitHub/wd/wd_core/utils.py:69: FutureWarning: `torch.cuda.amp.autocast(args...)` is deprecated. Please use `torch.amp.autocast('cuda', args...)` instead.
  with autocast():
/home/yzy/Documents/GitHub/wd/wd_core/utils.py:69: FutureWarning: `torch.cuda.amp.autocast(args...)` is deprecated. Please use `torch.amp.autocast('cuda', args...)` instead.
  with autocast():
/home/yzy/Documents/GitHub/wd/wd_core/utils.py:69: FutureWarning: `torch.cuda.amp.autocast(args...)` is deprecated. Please use `torch.amp.autocast('cuda', args...)` instead.
  with autocast():
[e12_fixed|SGDM+WD|cosine|wd_sched=fixed|T=100|lr0=0.1|lam0=0.0003] Epoch 25/100 | Train Loss: 0.0213 | Train Acc: 99.28% | Test Acc: 98.01% | Best: 98.19%
[e12_fixed|SGD+WD|cosine|wd_sched=fixed|T=100|lr0=0.1|lam0=0.002] Epoch 25/100 | Train Loss: 0.0285 | Train Acc: 99.47% | Test Acc: 97.99% | Best: 98.20%
[e12_fixed|SGD+WD|cosine|wd_sched=fixed|T=100|lr0=0.1|lam0=0.02] Epoch 25/100 | Train Loss: 0.1940 | Train Acc: 95.20% | Test Acc: 95.18% | Best: 95.44%
[e12_fixed|SGD+WD|cosine|wd_sched=fixed|T=100|lr0=0.1|lam0=0.01] Epoch 25/100 | Train Loss: 0.1176 | Train Acc: 97.18% | Test Acc: 96.89% | Best: 97.12%
[e12_fixed|SGD+WD|cosine|wd_sched=fixed|T=100|lr0=0.1|lam0=0.005] Epoch 25/100 | Train Loss: 0.0691 | Train Acc: 98.37% | Test Acc: 97.51% | Best: 97.77%
[e12_fixed|SGD+WD|cosine|wd_sched=fixed|T=100|lr0=0.1|lam0=0.001] Epoch 25/100 | Train Loss: 0.0132 | Train Acc: 99.88% | Test Acc: 98.20% | Best: 98.29%
[e12_fixed|SGD+WD|cosine|wd_sched=fixed|T=100|lr0=0.1|lam0=0.003] Epoch 25/100 | Train Loss: 0.0436 | Train Acc: 99.05% | Test Acc: 97.85% | Best: 98.04%
[e12_fixed|SGDM+WD|cosine|wd_sched=fixed|T=100|lr0=0.1|lam0=0.002] Epoch 25/100 | Train Loss: 0.0957 | Train Acc: 97.05% | Test Acc: 97.30% | Best: 97.30%
[e12_fixed|SGDM+WD|cosine|wd_sched=fixed|T=100|lr0=0.1|lam0=0.0001] Epoch 25/100 | Train Loss: 0.0007 | Train Acc: 100.00% | Test Acc: 98.60% | Best: 98.63%
[e12_fixed|SGDM+WD|cosine|wd_sched=fixed|T=100|lr0=0.1|lam0=0.0006] Epoch 25/100 | Train Loss: 0.0358 | Train Acc: 98.86% | Test Acc: 97.54% | Best: 98.10%
[e12_fixed|SGD+WD|cosine|wd_sched=fixed|T=100|lr0=0.1|lam0=0.0075] Epoch 25/100 | Train Loss: 0.0952 | Train Acc: 97.69% | Test Acc: 97.20% | Best: 97.45%
[e12_fixed|SGDM+WD|cosine|wd_sched=fixed|T=100|lr0=0.1|lam0=0.001] Epoch 25/100 | Train Loss: 0.0590 | Train Acc: 98.13% | Test Acc: 97.56% | Best: 97.76%
[e12_fixed|SGDM+WD|cosine|wd_sched=fixed|T=100|lr0=0.1|lam0=0.0003] Epoch 50/100 | Train Loss: 0.0033 | Train Acc: 99.98% | Test Acc: 98.51% | Best: 98.70%
[e12_fixed|SGD+WD|cosine|wd_sched=fixed|T=100|lr0=0.1|lam0=0.01] Epoch 50/100 | Train Loss: 0.1108 | Train Acc: 97.40% | Test Acc: 97.23% | Best: 97.23%
[e12_fixed|SGD+WD|cosine|wd_sched=fixed|T=100|lr0=0.1|lam0=0.005] Epoch 50/100 | Train Loss: 0.0624 | Train Acc: 98.65% | Test Acc: 97.89% | Best: 97.96%
[e12_fixed|SGD+WD|cosine|wd_sched=fixed|T=100|lr0=0.1|lam0=0.002] Epoch 50/100 | Train Loss: 0.0236 | Train Acc: 99.71% | Test Acc: 98.25% | Best: 98.30%
[e12_fixed|SGD+WD|cosine|wd_sched=fixed|T=100|lr0=0.1|lam0=0.02] Epoch 50/100 | Train Loss: 0.1863 | Train Acc: 95.51% | Test Acc: 95.62% | Best: 95.68%
[e12_fixed|SGD+WD|cosine|wd_sched=fixed|T=100|lr0=0.1|lam0=0.003] Epoch 50/100 | Train Loss: 0.0373 | Train Acc: 99.33% | Test Acc: 98.17% | Best: 98.22%
[e12_fixed|SGD+WD|cosine|wd_sched=fixed|T=100|lr0=0.1|lam0=0.001] Epoch 50/100 | Train Loss: 0.0108 | Train Acc: 99.96% | Test Acc: 98.21% | Best: 98.36%
[e12_fixed|SGD+WD|cosine|wd_sched=fixed|T=100|lr0=0.1|lam0=0.0075] Epoch 50/100 | Train Loss: 0.0884 | Train Acc: 97.94% | Test Acc: 97.59% | Best: 97.67%
[e12_fixed|SGDM+WD|cosine|wd_sched=fixed|T=100|lr0=0.1|lam0=0.002] Epoch 50/100 | Train Loss: 0.0602 | Train Acc: 98.16% | Test Acc: 97.48% | Best: 97.65%
[e12_fixed|SGDM+WD|cosine|wd_sched=fixed|T=100|lr0=0.1|lam0=0.0001] Epoch 50/100 | Train Loss: 0.0006 | Train Acc: 100.00% | Test Acc: 98.68% | Best: 98.72%
[e12_fixed|SGDM+WD|cosine|wd_sched=fixed|T=100|lr0=0.1|lam0=0.0006] Epoch 50/100 | Train Loss: 0.0139 | Train Acc: 99.66% | Test Acc: 98.17% | Best: 98.55%
[e12_fixed|SGDM+WD|cosine|wd_sched=fixed|T=100|lr0=0.1|lam0=0.001] Epoch 50/100 | Train Loss: 0.0289 | Train Acc: 99.13% | Test Acc: 97.75% | Best: 98.20%
[e12_fixed|SGD+WD|cosine|wd_sched=fixed|T=100|lr0=0.1|lam0=0.005] Epoch 75/100 | Train Loss: 0.0576 | Train Acc: 98.88% | Test Acc: 98.05% | Best: 98.05%
[e12_fixed|SGDM+WD|cosine|wd_sched=fixed|T=100|lr0=0.1|lam0=0.0003] Epoch 75/100 | Train Loss: 0.0028 | Train Acc: 100.00% | Test Acc: 98.63% | Best: 98.76%
[e12_fixed|SGD+WD|cosine|wd_sched=fixed|T=100|lr0=0.1|lam0=0.01] Epoch 75/100 | Train Loss: 0.1054 | Train Acc: 97.64% | Test Acc: 97.32% | Best: 97.34%
[e12_fixed|SGD+WD|cosine|wd_sched=fixed|T=100|lr0=0.1|lam0=0.002] Epoch 75/100 | Train Loss: 0.0215 | Train Acc: 99.82% | Test Acc: 98.29% | Best: 98.37%
[e12_fixed|SGD+WD|cosine|wd_sched=fixed|T=100|lr0=0.1|lam0=0.02] Epoch 75/100 | Train Loss: 0.1806 | Train Acc: 95.80% | Test Acc: 95.67% | Best: 95.82%
[e12_fixed|SGD+WD|cosine|wd_sched=fixed|T=100|lr0=0.1|lam0=0.003] Epoch 75/100 | Train Loss: 0.0338 | Train Acc: 99.50% | Test Acc: 98.18% | Best: 98.25%
[e12_fixed|SGD+WD|cosine|wd_sched=fixed|T=100|lr0=0.1|lam0=0.001] Epoch 75/100 | Train Loss: 0.0100 | Train Acc: 99.98% | Test Acc: 98.31% | Best: 98.38%
[e12_fixed|SGDM+WD|cosine|wd_sched=fixed|T=100|lr0=0.1|lam0=0.002] Epoch 75/100 | Train Loss: 0.0271 | Train Acc: 99.52% | Test Acc: 98.28% | Best: 98.43%
[e12_fixed|SGDM+WD|cosine|wd_sched=fixed|T=100|lr0=0.1|lam0=0.0001] Epoch 75/100 | Train Loss: 0.0009 | Train Acc: 100.00% | Test Acc: 98.58% | Best: 98.72%
[e12_fixed|SGD+WD|cosine|wd_sched=fixed|T=100|lr0=0.1|lam0=0.0075] Epoch 75/100 | Train Loss: 0.0831 | Train Acc: 98.20% | Test Acc: 97.71% | Best: 97.73%
[e12_fixed|SGDM+WD|cosine|wd_sched=fixed|T=100|lr0=0.1|lam0=0.001] Epoch 75/100 | Train Loss: 0.0109 | Train Acc: 99.94% | Test Acc: 98.60% | Best: 98.60%
[e12_fixed|SGDM+WD|cosine|wd_sched=fixed|T=100|lr0=0.1|lam0=0.0006] Epoch 75/100 | Train Loss: 0.0059 | Train Acc: 99.99% | Test Acc: 98.60% | Best: 98.68%
[e12_fixed|SGD+WD|cosine|wd_sched=fixed|T=100|lr0=0.1|lam0=0.005] Epoch 100/100 | Train Loss: 0.0556 | Train Acc: 98.94% | Test Acc: 97.96% | Best: 98.05%
GPU 0: Completed task 3
GPU 0 (Worker 2): Processing task 12
[2026-09-09 23:35:27] [INFO]   [1/14] cosine mom=0.0 wd_sched=fixed lam0=0.005 T=100 -> best=98.05 diverged=0 (678s)
[e12_fixed|SGDM+WD|cosine|wd_sched=fixed|T=100|lr0=0.1|lam0=0.003] start
[e12_fixed|SGDM+WD|cosine|wd_sched=fixed|T=100|lr0=0.1|lam0=0.0003] Epoch 100/100 | Train Loss: 0.0026 | Train Acc: 100.00% | Test Acc: 98.63% | Best: 98.76%
[e12_fixed|SGD+WD|cosine|wd_sched=fixed|T=100|lr0=0.1|lam0=0.01] Epoch 100/100 | Train Loss: 0.1030 | Train Acc: 97.76% | Test Acc: 97.33% | Best: 97.38%
[e12_fixed|SGD+WD|cosine|wd_sched=fixed|T=100|lr0=0.1|lam0=0.002] Epoch 100/100 | Train Loss: 0.0206 | Train Acc: 99.85% | Test Acc: 98.36% | Best: 98.38%
GPU 0: Completed task 8
GPU 0 (Worker 3): Processing task 13
[2026-09-09 23:35:52] [INFO]   [2/14] cosine mom=0.9 wd_sched=fixed lam0=0.0003 T=100 -> best=98.76 diverged=0 (702s)
[e12_fixed|SGDM+WD|cosine|wd_sched=fixed|T=100|lr0=0.1|lam0=0.005] start
GPU 3: Completed task 5
Worker on GPU 3 finished
[2026-09-09 23:35:53] [INFO]   [3/14] cosine mom=0.0 wd_sched=fixed lam0=0.01 T=100 -> best=97.38 diverged=0 (703s)
GPU 0: Completed task 1
Worker on GPU 0 finished
[2026-09-09 23:35:55] [INFO]   [4/14] cosine mom=0.0 wd_sched=fixed lam0=0.002 T=100 -> best=98.38 diverged=0 (706s)
[e12_fixed|SGD+WD|cosine|wd_sched=fixed|T=100|lr0=0.1|lam0=0.02] Epoch 100/100 | Train Loss: 0.1779 | Train Acc: 95.89% | Test Acc: 95.75% | Best: 95.82%
GPU 1: Completed task 6
Worker on GPU 1 finished
[2026-09-09 23:36:09] [INFO]   [5/14] cosine mom=0.0 wd_sched=fixed lam0=0.02 T=100 -> best=95.82 diverged=0 (719s)
[e12_fixed|SGD+WD|cosine|wd_sched=fixed|T=100|lr0=0.1|lam0=0.001] Epoch 100/100 | Train Loss: 0.0097 | Train Acc: 99.99% | Test Acc: 98.37% | Best: 98.38%
[e12_fixed|SGD+WD|cosine|wd_sched=fixed|T=100|lr0=0.1|lam0=0.003] Epoch 100/100 | Train Loss: 0.0324 | Train Acc: 99.56% | Test Acc: 98.17% | Best: 98.25%
GPU 3: Completed task 0
Worker on GPU 3 finished
[2026-09-09 23:36:37] [INFO]   [6/14] cosine mom=0.0 wd_sched=fixed lam0=0.001 T=100 -> best=98.38 diverged=0 (749s)
GPU 3: Completed task 2
Worker on GPU 3 finished
[2026-09-09 23:36:38] [INFO]   [7/14] cosine mom=0.0 wd_sched=fixed lam0=0.003 T=100 -> best=98.25 diverged=0 (748s)
[e12_fixed|SGDM+WD|cosine|wd_sched=fixed|T=100|lr0=0.1|lam0=0.002] Epoch 100/100 | Train Loss: 0.0199 | Train Acc: 99.86% | Test Acc: 98.53% | Best: 98.58%
GPU 3: Completed task 11
Worker on GPU 3 finished
[2026-09-09 23:36:44] [INFO]   [8/14] cosine mom=0.9 wd_sched=fixed lam0=0.002 T=100 -> best=98.58 diverged=0 (754s)
[e12_fixed|SGDM+WD|cosine|wd_sched=fixed|T=100|lr0=0.1|lam0=0.0001] Epoch 100/100 | Train Loss: 0.0009 | Train Acc: 100.00% | Test Acc: 98.56% | Best: 98.72%
[e12_fixed|SGDM+WD|cosine|wd_sched=fixed|T=100|lr0=0.1|lam0=0.001] Epoch 100/100 | Train Loss: 0.0090 | Train Acc: 99.99% | Test Acc: 98.54% | Best: 98.62%
GPU 1: Completed task 7
Worker on GPU 1 finished
[2026-09-09 23:37:07] [INFO]   [9/14] cosine mom=0.9 wd_sched=fixed lam0=0.0001 T=100 -> best=98.72 diverged=0 (777s)
GPU 0: Completed task 10
Worker on GPU 0 finished
[2026-09-09 23:37:09] [INFO]   [10/14] cosine mom=0.9 wd_sched=fixed lam0=0.001 T=100 -> best=98.62 diverged=0 (779s)
[e12_fixed|SGD+WD|cosine|wd_sched=fixed|T=100|lr0=0.1|lam0=0.0075] Epoch 100/100 | Train Loss: 0.0808 | Train Acc: 98.32% | Test Acc: 97.66% | Best: 97.73%
GPU 1: Completed task 4
Worker on GPU 1 finished
[2026-09-09 23:37:12] [INFO]   [11/14] cosine mom=0.0 wd_sched=fixed lam0=0.0075 T=100 -> best=97.73 diverged=0 (782s)
[e12_fixed|SGDM+WD|cosine|wd_sched=fixed|T=100|lr0=0.1|lam0=0.0006] Epoch 100/100 | Train Loss: 0.0053 | Train Acc: 100.00% | Test Acc: 98.68% | Best: 98.70%
GPU 1: Completed task 9
Worker on GPU 1 finished
[2026-09-09 23:37:26] [INFO]   [12/14] cosine mom=0.9 wd_sched=fixed lam0=0.0006 T=100 -> best=98.70 diverged=0 (797s)
[e12_fixed|SGDM+WD|cosine|wd_sched=fixed|T=100|lr0=0.1|lam0=0.003] Epoch 25/100 | Train Loss: 0.1173 | Train Acc: 96.35% | Test Acc: 96.63% | Best: 96.77%
[e12_fixed|SGDM+WD|cosine|wd_sched=fixed|T=100|lr0=0.1|lam0=0.005] Epoch 25/100 | Train Loss: 0.1470 | Train Acc: 95.59% | Test Acc: 95.59% | Best: 95.98%
[e12_fixed|SGDM+WD|cosine|wd_sched=fixed|T=100|lr0=0.1|lam0=0.003] Epoch 50/100 | Train Loss: 0.0809 | Train Acc: 97.58% | Test Acc: 97.11% | Best: 97.39%
[e12_fixed|SGDM+WD|cosine|wd_sched=fixed|T=100|lr0=0.1|lam0=0.005] Epoch 50/100 | Train Loss: 0.1112 | Train Acc: 96.81% | Test Acc: 96.35% | Best: 96.76%
[e12_fixed|SGDM+WD|cosine|wd_sched=fixed|T=100|lr0=0.1|lam0=0.003] Epoch 75/100 | Train Loss: 0.0440 | Train Acc: 99.02% | Test Acc: 98.06% | Best: 98.18%
[e12_fixed|SGDM+WD|cosine|wd_sched=fixed|T=100|lr0=0.1|lam0=0.005] Epoch 75/100 | Train Loss: 0.0721 | Train Acc: 98.22% | Test Acc: 97.70% | Best: 97.80%
[e12_fixed|SGDM+WD|cosine|wd_sched=fixed|T=100|lr0=0.1|lam0=0.003] Epoch 100/100 | Train Loss: 0.0322 | Train Acc: 99.58% | Test Acc: 98.29% | Best: 98.44%
GPU 0: Completed task 12
Worker on GPU 0 finished
[2026-09-09 23:43:51] [INFO]   [13/14] cosine mom=0.9 wd_sched=fixed lam0=0.003 T=100 -> best=98.44 diverged=0 (500s)
[e12_fixed|SGDM+WD|cosine|wd_sched=fixed|T=100|lr0=0.1|lam0=0.005] Epoch 100/100 | Train Loss: 0.0560 | Train Acc: 98.92% | Test Acc: 97.94% | Best: 98.02%
GPU 0: Completed task 13
Worker on GPU 0 finished
[2026-09-09 23:43:59] [INFO]   [14/14] cosine mom=0.9 wd_sched=fixed lam0=0.005 T=100 -> best=98.02 diverged=0 (484s)
================================================================================
All workers finished. Completed 14 tasks.
[2026-09-09 23:44:00] [INFO] E8-e12_fixed-all: finished 14/14 in 20.0 min
