[2026-09-13 21:18:32] [INFO] e12_ms: 1 configs x 1 seeds = 1 runs, gpus=[3], workers_per_gpu=1
[2026-09-13 21:18:32] [INFO] e12_ms: 1 configs, 0 already done, 1 to run
[2026-09-13 21:18:32] [INFO] e12_ms: budget ~1.0 units
GPU Scheduler initialized with GPUs: [3]
  Workers per GPU: 1 (Total workers: 1)
Worker 0 started on GPU 3 (PID: 2955730)
GPU 3 (Worker 0): Processing task 0
Files already downloaded and verified
Files already downloaded and verified
[e12_dec|SGDM+WD|cosine|wd_sched=fixed|T=100|lr0=0.1|lam0=0.0005] start
/home/yzy/Documents/GitHub/wd/wd_core/utils.py:89: FutureWarning: `torch.cuda.amp.autocast(args...)` is deprecated. Please use `torch.amp.autocast('cuda', args...)` instead.
  with autocast():
[e12_dec|SGDM+WD|cosine|wd_sched=fixed|T=100|lr0=0.1|lam0=0.0005] Epoch 25/100 | Train Loss: 1.7699 | Train Acc: 35.78% | Test Acc: 35.18% | Best: 36.60%
[e12_dec|SGDM+WD|cosine|wd_sched=fixed|T=100|lr0=0.1|lam0=0.0005] Epoch 50/100 | Train Loss: 1.3475 | Train Acc: 52.45% | Test Acc: 46.37% | Best: 46.37%
[e12_dec|SGDM+WD|cosine|wd_sched=fixed|T=100|lr0=0.1|lam0=0.0005] Epoch 75/100 | Train Loss: 0.4151 | Train Acc: 85.30% | Test Acc: 53.96% | Best: 54.58%
[e12_dec|SGDM+WD|cosine|wd_sched=fixed|T=100|lr0=0.1|lam0=0.0005] Epoch 100/100 | Train Loss: 0.0416 | Train Acc: 99.72% | Test Acc: 56.01% | Best: 56.01%
GPU 3: Completed task 0
Worker on GPU 3 finished

Started 1 workers (1 per GPU) for 1 tasks
================================================================================
[2026-09-13 21:25:30] [INFO]   [1/1] cosine mom=0.9 wd_sched=fixed lam0=0.0005 T=100 -> best=56.01 diverged=0 (411s)
================================================================================
All workers finished. Completed 1 tasks.
[2026-09-13 21:25:31] [INFO] e12_ms: finished 1/1 in 7.0 min
